Loaded: n=7000 m=17148 weight-scale=1 max-weighted-degree=14
Resolved seeds: 3940035381,587234098,1698891932,904414745,1826021800,3550331689,2838799297,1748109527,2765832629,2308951299,3090387530,2170380841,980317366,3962190908,4272015495,1945082328,3604249438,4061871137,2584330568,3477921097,4206977838,468731791,34130117,2723075728,283792404,1690528819,3236746023,2733559144,4013105579,1710323612,938953050,3176877363,230075829,2266664472,2961021558,975314312,413598237,1725270550,3102507176,3019683084,1337992913,3096592145,2161058108,1630873458,3736041825,641589190,377774141,155130335,3557307288,2802305280,2659141874,175024169,3713104475,1503076100,1638589538,3761547860,3859241032,526136435,509227431,3145081618,2994293717,3506082527,3941015588,3360918675,1980812169,1144290712,1098642406,1342600585,4286563093,1146014855,2073431402,3429313617,4129935174,3397378207,3118484981,1793268458,3678122388,2247614476,4103965752,1038491541
Chains: 80 distinct-t0: 8 corr=walk s-width=32 B=14 total-sweeps-per-chain=800000000 score-path=int32-packed
tpb: 896
note: tpb 896 exceeds this kernel variant's launchable max of 512 threads (register-limited); clamped to 512.
excluded-from-time-sec: alloc+H2D 21.829 ms (15.00 MB, incl. 8 beta table(s), 1131394 run(s), 13.58 MB) | D2H 2.264 ms | timed kernel 8647371.000 ms
chain 0: kernel-best-val: 14184 kernel-final-val: 14184
chain 1: kernel-best-val: 14185 kernel-final-val: 14184
chain 2: kernel-best-val: 14181 kernel-final-val: 14180
chain 3: kernel-best-val: 14180 kernel-final-val: 14179
chain 4: kernel-best-val: 14185 kernel-final-val: 14184
chain 5: kernel-best-val: 14182 kernel-final-val: 14182
chain 6: kernel-best-val: 14183 kernel-final-val: 14183
chain 7: kernel-best-val: 14174 kernel-final-val: 14174
chain 8: kernel-best-val: 14179 kernel-final-val: 14179
chain 9: kernel-best-val: 14180 kernel-final-val: 14180
chain 10: kernel-best-val: 14182 kernel-final-val: 14181
chain 11: kernel-best-val: 14181 kernel-final-val: 14180
chain 12: kernel-best-val: 14181 kernel-final-val: 14181
chain 13: kernel-best-val: 14183 kernel-final-val: 14183
chain 14: kernel-best-val: 14181 kernel-final-val: 14181
chain 15: kernel-best-val: 14179 kernel-final-val: 14179
chain 16: kernel-best-val: 14180 kernel-final-val: 14179
chain 17: kernel-best-val: 14182 kernel-final-val: 14182
chain 18: kernel-best-val: 14182 kernel-final-val: 14182
chain 19: kernel-best-val: 14175 kernel-final-val: 14175
chain 20: kernel-best-val: 14178 kernel-final-val: 14178
chain 21: kernel-best-val: 14181 kernel-final-val: 14181
chain 22: kernel-best-val: 14179 kernel-final-val: 14179
chain 23: kernel-best-val: 14180 kernel-final-val: 14180
chain 24: kernel-best-val: 14179 kernel-final-val: 14179
chain 25: kernel-best-val: 14181 kernel-final-val: 14181
chain 26: kernel-best-val: 14175 kernel-final-val: 14175
chain 27: kernel-best-val: 14183 kernel-final-val: 14181
chain 28: kernel-best-val: 14180 kernel-final-val: 14180
chain 29: kernel-best-val: 14185 kernel-final-val: 14185
chain 30: kernel-best-val: 14182 kernel-final-val: 14182
chain 31: kernel-best-val: 14179 kernel-final-val: 14179
chain 32: kernel-best-val: 14186 kernel-final-val: 14185
chain 33: kernel-best-val: 14185 kernel-final-val: 14183
chain 34: kernel-best-val: 14174 kernel-final-val: 14174
chain 35: kernel-best-val: 14181 kernel-final-val: 14180
chain 36: kernel-best-val: 14186 kernel-final-val: 14185
chain 37: kernel-best-val: 14181 kernel-final-val: 14181
chain 38: kernel-best-val: 14183 kernel-final-val: 14183
chain 39: kernel-best-val: 14185 kernel-final-val: 14183
chain 40: kernel-best-val: 14181 kernel-final-val: 14181
chain 41: kernel-best-val: 14181 kernel-final-val: 14179
chain 42: kernel-best-val: 14181 kernel-final-val: 14181
chain 43: kernel-best-val: 14178 kernel-final-val: 14178
chain 44: kernel-best-val: 14179 kernel-final-val: 14179
chain 45: kernel-best-val: 14187 kernel-final-val: 14186
chain 46: kernel-best-val: 14185 kernel-final-val: 14184
chain 47: kernel-best-val: 14180 kernel-final-val: 14180
chain 48: kernel-best-val: 14181 kernel-final-val: 14180
chain 49: kernel-best-val: 14187 kernel-final-val: 14186
chain 50: kernel-best-val: 14185 kernel-final-val: 14183
chain 51: kernel-best-val: 14180 kernel-final-val: 14179
chain 52: kernel-best-val: 14181 kernel-final-val: 14181
chain 53: kernel-best-val: 14180 kernel-final-val: 14179
chain 54: kernel-best-val: 14186 kernel-final-val: 14186
chain 55: kernel-best-val: 14179 kernel-final-val: 14177
chain 56: kernel-best-val: 14181 kernel-final-val: 14181
chain 57: kernel-best-val: 14181 kernel-final-val: 14180
chain 58: kernel-best-val: 14180 kernel-final-val: 14180
chain 59: kernel-best-val: 14185 kernel-final-val: 14185
chain 60: kernel-best-val: 14183 kernel-final-val: 14183
chain 61: kernel-best-val: 14183 kernel-final-val: 14183
chain 62: kernel-best-val: 14181 kernel-final-val: 14181
chain 63: kernel-best-val: 14181 kernel-final-val: 14181
chain 64: kernel-best-val: 14185 kernel-final-val: 14183
chain 65: kernel-best-val: 14182 kernel-final-val: 14182
chain 66: kernel-best-val: 14180 kernel-final-val: 14180
chain 67: kernel-best-val: 14182 kernel-final-val: 14182
chain 68: kernel-best-val: 14179 kernel-final-val: 14179
chain 69: kernel-best-val: 14180 kernel-final-val: 14180
chain 70: kernel-best-val: 14182 kernel-final-val: 14182
chain 71: kernel-best-val: 14181 kernel-final-val: 14181
chain 72: kernel-best-val: 14182 kernel-final-val: 14181
chain 73: kernel-best-val: 14178 kernel-final-val: 14178
chain 74: kernel-best-val: 14183 kernel-final-val: 14182
chain 75: kernel-best-val: 14182 kernel-final-val: 14182
chain 76: kernel-best-val: 14181 kernel-final-val: 14180
chain 77: kernel-best-val: 14182 kernel-final-val: 14182
chain 78: kernel-best-val: 14185 kernel-final-val: 14183
chain 79: kernel-best-val: 14180 kernel-final-val: 14179
