Loaded: n=7000 m=17148 weight-scale=1 max-weighted-degree=14
Resolved seeds: 913164029,2223502808,2913140501,3494355629,799337220,1872572216,1903824764,2331219964,1864952932,2324048949,3007534336,886198312,4059103220,1959154128,3707827243,3685813617,3546603676,992298229,2112411933,404425157,3095013727,244340677,2261203016,888389100,3863010933,2677370998,3103634145,2169674262,640855017,212873085,3353732495,1161780826,3780774070,1442852085,2270917840,3927886736,3591379454,1828390000,3787518773,2987319416,1212008438,1181879989,4188798524,754315463,3430232399,959831431,1243193859,1558932001,3963418277,173867445,2318928214,1886760799,359233846,888733909,2971186445,174729610,1588101994,3997456478,396402953,2956386057,748181060,2706849141,3132187205,1586400966,1511103625,2192209117,76418128,1711121887,2926557048,1679028446,24125285,998793357,2476660698,2702583476,2223035105,333543762,895266628,2032837212,2063828297,2018745059
Chains: 80 distinct-t0: 8 corr=walk s-width=32 B=14 total-sweeps-per-chain=800000000 score-path=int32-packed
tpb: 896
note: tpb 896 exceeds this kernel variant's launchable max of 512 threads (register-limited); clamped to 512.
excluded-from-time-sec: alloc+H2D 21.985 ms (15.00 MB, incl. 8 beta table(s), 1131394 run(s), 13.58 MB) | D2H 2.672 ms | timed kernel 8655463.000 ms
chain 0: kernel-best-val: 5787 kernel-final-val: 5787
chain 1: kernel-best-val: 5789 kernel-final-val: 5789
chain 2: kernel-best-val: 5780 kernel-final-val: 5780
chain 3: kernel-best-val: 5790 kernel-final-val: 5790
chain 4: kernel-best-val: 5789 kernel-final-val: 5789
chain 5: kernel-best-val: 5789 kernel-final-val: 5789
chain 6: kernel-best-val: 5790 kernel-final-val: 5790
chain 7: kernel-best-val: 5785 kernel-final-val: 5785
chain 8: kernel-best-val: 5788 kernel-final-val: 5787
chain 9: kernel-best-val: 5790 kernel-final-val: 5789
chain 10: kernel-best-val: 5785 kernel-final-val: 5784
chain 11: kernel-best-val: 5787 kernel-final-val: 5787
chain 12: kernel-best-val: 5787 kernel-final-val: 5787
chain 13: kernel-best-val: 5786 kernel-final-val: 5785
chain 14: kernel-best-val: 5783 kernel-final-val: 5782
chain 15: kernel-best-val: 5790 kernel-final-val: 5790
chain 16: kernel-best-val: 5787 kernel-final-val: 5787
chain 17: kernel-best-val: 5785 kernel-final-val: 5785
chain 18: kernel-best-val: 5790 kernel-final-val: 5789
chain 19: kernel-best-val: 5790 kernel-final-val: 5790
chain 20: kernel-best-val: 5790 kernel-final-val: 5790
chain 21: kernel-best-val: 5787 kernel-final-val: 5786
chain 22: kernel-best-val: 5790 kernel-final-val: 5790
chain 23: kernel-best-val: 5790 kernel-final-val: 5790
chain 24: kernel-best-val: 5787 kernel-final-val: 5787
chain 25: kernel-best-val: 5790 kernel-final-val: 5788
chain 26: kernel-best-val: 5786 kernel-final-val: 5785
chain 27: kernel-best-val: 5790 kernel-final-val: 5789
chain 28: kernel-best-val: 5790 kernel-final-val: 5789
chain 29: kernel-best-val: 5787 kernel-final-val: 5787
chain 30: kernel-best-val: 5790 kernel-final-val: 5789
chain 31: kernel-best-val: 5792 kernel-final-val: 5792
chain 32: kernel-best-val: 5790 kernel-final-val: 5790
chain 33: kernel-best-val: 5785 kernel-final-val: 5783
chain 34: kernel-best-val: 5787 kernel-final-val: 5786
chain 35: kernel-best-val: 5788 kernel-final-val: 5788
chain 36: kernel-best-val: 5788 kernel-final-val: 5788
chain 37: kernel-best-val: 5789 kernel-final-val: 5789
chain 38: kernel-best-val: 5787 kernel-final-val: 5787
chain 39: kernel-best-val: 5785 kernel-final-val: 5785
chain 40: kernel-best-val: 5788 kernel-final-val: 5787
chain 41: kernel-best-val: 5791 kernel-final-val: 5791
chain 42: kernel-best-val: 5790 kernel-final-val: 5790
chain 43: kernel-best-val: 5785 kernel-final-val: 5785
chain 44: kernel-best-val: 5788 kernel-final-val: 5787
chain 45: kernel-best-val: 5790 kernel-final-val: 5790
chain 46: kernel-best-val: 5786 kernel-final-val: 5786
chain 47: kernel-best-val: 5790 kernel-final-val: 5790
chain 48: kernel-best-val: 5790 kernel-final-val: 5790
chain 49: kernel-best-val: 5790 kernel-final-val: 5789
chain 50: kernel-best-val: 5790 kernel-final-val: 5789
chain 51: kernel-best-val: 5791 kernel-final-val: 5791
chain 52: kernel-best-val: 5784 kernel-final-val: 5782
chain 53: kernel-best-val: 5790 kernel-final-val: 5790
chain 54: kernel-best-val: 5786 kernel-final-val: 5786
chain 55: kernel-best-val: 5786 kernel-final-val: 5786
chain 56: kernel-best-val: 5787 kernel-final-val: 5786
chain 57: kernel-best-val: 5790 kernel-final-val: 5790
chain 58: kernel-best-val: 5790 kernel-final-val: 5790
chain 59: kernel-best-val: 5785 kernel-final-val: 5785
chain 60: kernel-best-val: 5787 kernel-final-val: 5783
chain 61: kernel-best-val: 5792 kernel-final-val: 5791
chain 62: kernel-best-val: 5790 kernel-final-val: 5790
chain 63: kernel-best-val: 5787 kernel-final-val: 5787
chain 64: kernel-best-val: 5790 kernel-final-val: 5789
chain 65: kernel-best-val: 5790 kernel-final-val: 5789
chain 66: kernel-best-val: 5792 kernel-final-val: 5792
chain 67: kernel-best-val: 5788 kernel-final-val: 5788
chain 68: kernel-best-val: 5788 kernel-final-val: 5787
chain 69: kernel-best-val: 5790 kernel-final-val: 5790
chain 70: kernel-best-val: 5790 kernel-final-val: 5790
chain 71: kernel-best-val: 5786 kernel-final-val: 5785
chain 72: kernel-best-val: 5790 kernel-final-val: 5790
chain 73: kernel-best-val: 5787 kernel-final-val: 5787
chain 74: kernel-best-val: 5790 kernel-final-val: 5790
chain 75: kernel-best-val: 5788 kernel-final-val: 5788
chain 76: kernel-best-val: 5797 kernel-final-val: 5797
chain 77: kernel-best-val: 5792 kernel-final-val: 5792
chain 78: kernel-best-val: 5787 kernel-final-val: 5787
chain 79: kernel-best-val: 5787 kernel-final-val: 5787
