Loaded: n=7000 m=14000 weight-scale=1 max-weighted-degree=4
Resolved seeds: 2183097175,1387301257,1001959636,1781173450,2796819256,995927918,1965589176,1205638365,3148838566,2651168722,2474171384,1750513217,3929503245,1641932821,3550110058,3280965921,2093387139,716858916,2289371099,3728923870,2926603134,2377686531,3164394280,1423451030,414993559,732887216,1779834139,4231623759,3986135466,3654214915,279628729,3876327822,107639617,3614440706,1489876878,3842452550,1916219282,3405498968,3018063349,1277172978,3344883622,3250185823,2435911021,2951409021,2264876877,3631175187,3035635296,1237974945,810157662,462536462,961567828,1221116067,2992375274,3450694636,2573039016,3930843323,133663725,2428600941,4167315833,769232224,1689070565,609613461,4081745065,1612590772,3985332573,647892497,991098256,4148668217,2333017786,553873906,3396698264,2011578104,2725863665,1334478728,1865722926,2329921044,1521904974,3605277830,417129904,1210685984
Chains: 80 distinct-t0: 8 corr=walk s-width=32 B=4 total-sweeps-per-chain=800000000 score-path=int32-packed
tpb: 896
note: tpb 896 exceeds this kernel variant's launchable max of 512 threads (register-limited); clamped to 512.
excluded-from-time-sec: alloc+H2D 13.430 ms (14.95 MB, incl. 8 beta table(s), 1131394 run(s), 13.58 MB) | D2H 2.576 ms | timed kernel 7900729.000 ms
chain 0: kernel-best-val: 4850 kernel-final-val: 4850
chain 1: kernel-best-val: 4852 kernel-final-val: 4852
chain 2: kernel-best-val: 4862 kernel-final-val: 4854
chain 3: kernel-best-val: 4860 kernel-final-val: 4856
chain 4: kernel-best-val: 4856 kernel-final-val: 4856
chain 5: kernel-best-val: 4860 kernel-final-val: 4856
chain 6: kernel-best-val: 4854 kernel-final-val: 4854
chain 7: kernel-best-val: 4858 kernel-final-val: 4848
chain 8: kernel-best-val: 4850 kernel-final-val: 4850
chain 9: kernel-best-val: 4860 kernel-final-val: 4852
chain 10: kernel-best-val: 4860 kernel-final-val: 4858
chain 11: kernel-best-val: 4852 kernel-final-val: 4850
chain 12: kernel-best-val: 4858 kernel-final-val: 4856
chain 13: kernel-best-val: 4860 kernel-final-val: 4854
chain 14: kernel-best-val: 4860 kernel-final-val: 4852
chain 15: kernel-best-val: 4856 kernel-final-val: 4854
chain 16: kernel-best-val: 4850 kernel-final-val: 4850
chain 17: kernel-best-val: 4860 kernel-final-val: 4860
chain 18: kernel-best-val: 4864 kernel-final-val: 4864
chain 19: kernel-best-val: 4860 kernel-final-val: 4858
chain 20: kernel-best-val: 4858 kernel-final-val: 4852
chain 21: kernel-best-val: 4860 kernel-final-val: 4858
chain 22: kernel-best-val: 4856 kernel-final-val: 4850
chain 23: kernel-best-val: 4858 kernel-final-val: 4852
chain 24: kernel-best-val: 4848 kernel-final-val: 4848
chain 25: kernel-best-val: 4856 kernel-final-val: 4856
chain 26: kernel-best-val: 4866 kernel-final-val: 4862
chain 27: kernel-best-val: 4852 kernel-final-val: 4852
chain 28: kernel-best-val: 4858 kernel-final-val: 4852
chain 29: kernel-best-val: 4860 kernel-final-val: 4854
chain 30: kernel-best-val: 4856 kernel-final-val: 4854
chain 31: kernel-best-val: 4862 kernel-final-val: 4856
chain 32: kernel-best-val: 4854 kernel-final-val: 4852
chain 33: kernel-best-val: 4860 kernel-final-val: 4856
chain 34: kernel-best-val: 4858 kernel-final-val: 4858
chain 35: kernel-best-val: 4858 kernel-final-val: 4858
chain 36: kernel-best-val: 4860 kernel-final-val: 4856
chain 37: kernel-best-val: 4858 kernel-final-val: 4856
chain 38: kernel-best-val: 4862 kernel-final-val: 4862
chain 39: kernel-best-val: 4862 kernel-final-val: 4856
chain 40: kernel-best-val: 4838 kernel-final-val: 4838
chain 41: kernel-best-val: 4858 kernel-final-val: 4854
chain 42: kernel-best-val: 4860 kernel-final-val: 4854
chain 43: kernel-best-val: 4858 kernel-final-val: 4846
chain 44: kernel-best-val: 4858 kernel-final-val: 4856
chain 45: kernel-best-val: 4856 kernel-final-val: 4854
chain 46: kernel-best-val: 4852 kernel-final-val: 4848
chain 47: kernel-best-val: 4858 kernel-final-val: 4854
chain 48: kernel-best-val: 4850 kernel-final-val: 4850
chain 49: kernel-best-val: 4860 kernel-final-val: 4858
chain 50: kernel-best-val: 4858 kernel-final-val: 4852
chain 51: kernel-best-val: 4858 kernel-final-val: 4854
chain 52: kernel-best-val: 4860 kernel-final-val: 4856
chain 53: kernel-best-val: 4858 kernel-final-val: 4858
chain 54: kernel-best-val: 4856 kernel-final-val: 4856
chain 55: kernel-best-val: 4858 kernel-final-val: 4858
chain 56: kernel-best-val: 4846 kernel-final-val: 4846
chain 57: kernel-best-val: 4858 kernel-final-val: 4854
chain 58: kernel-best-val: 4856 kernel-final-val: 4854
chain 59: kernel-best-val: 4856 kernel-final-val: 4848
chain 60: kernel-best-val: 4854 kernel-final-val: 4854
chain 61: kernel-best-val: 4856 kernel-final-val: 4852
chain 62: kernel-best-val: 4858 kernel-final-val: 4852
chain 63: kernel-best-val: 4860 kernel-final-val: 4856
chain 64: kernel-best-val: 4850 kernel-final-val: 4850
chain 65: kernel-best-val: 4860 kernel-final-val: 4856
chain 66: kernel-best-val: 4858 kernel-final-val: 4854
chain 67: kernel-best-val: 4856 kernel-final-val: 4850
chain 68: kernel-best-val: 4858 kernel-final-val: 4858
chain 69: kernel-best-val: 4856 kernel-final-val: 4852
chain 70: kernel-best-val: 4856 kernel-final-val: 4854
chain 71: kernel-best-val: 4852 kernel-final-val: 4850
chain 72: kernel-best-val: 4858 kernel-final-val: 4858
chain 73: kernel-best-val: 4862 kernel-final-val: 4858
chain 74: kernel-best-val: 4862 kernel-final-val: 4860
chain 75: kernel-best-val: 4860 kernel-final-val: 4852
chain 76: kernel-best-val: 4862 kernel-final-val: 4862
chain 77: kernel-best-val: 4862 kernel-final-val: 4860
chain 78: kernel-best-val: 4862 kernel-final-val: 4858
chain 79: kernel-best-val: 4860 kernel-final-val: 4854
