Loaded: n=7000 m=41459 weight-scale=1 max-weighted-degree=589
Resolved seeds: 3587026887,324370847,2697848760,626250548,794655176,3015447298,3383973569,3650895392,4146696436,565034241,2786380836,776920213,1780241840,4263908846,1373245850,690226170,2988995070,929300422,3465540724,2301954677,2978683642,437612118,2494448255,1552406714,490231482,4084073735,1565006252,3835104397,1329609513,1959632672,2620568050,3227940781,1477673471,524366736,4107415425,2762864079,2701375933,122783759,1718925056,3834905506,1130055323,46748898,631973242,975598544,3458390164,254158798,2638183357,1277256124,1340087616,2786187897,126236426,644062623,2090819463,3046282031,1160425173,1811549809,1684987637,3702473610,882604162,27268166,3327479836,3481600495,3504643569,3123791939,2554997547,3638385559,477337900,2135605784,3135879607,2922079974,2324019969,1583584882,3445279492,4276410797,1440746455,2882935836,1738962469,1964485292,1179131589,197649221
Chains: 80 distinct-t0: 8 corr=warpwalk s-width=32 B=589 total-sweeps-per-chain=800000000 score-path=int32-packed
tpb: 1024
note: tpb 1024 exceeds this kernel variant's launchable max of 512 threads (register-limited); clamped to 512.
excluded-from-time-sec: alloc+H2D 30.902 ms (15.39 MB, incl. 8 beta table(s), 1131394 run(s), 13.58 MB) | D2H 2.505 ms | timed kernel 9043528.000 ms
chain 0: kernel-best-val: 27023 kernel-final-val: 27023
chain 1: kernel-best-val: 27025 kernel-final-val: 27023
chain 2: kernel-best-val: 27012 kernel-final-val: 27012
chain 3: kernel-best-val: 27022 kernel-final-val: 27022
chain 4: kernel-best-val: 27020 kernel-final-val: 27019
chain 5: kernel-best-val: 27027 kernel-final-val: 27026
chain 6: kernel-best-val: 27028 kernel-final-val: 27027
chain 7: kernel-best-val: 27029 kernel-final-val: 27029
chain 8: kernel-best-val: 27033 kernel-final-val: 27032
chain 9: kernel-best-val: 27022 kernel-final-val: 27021
chain 10: kernel-best-val: 27017 kernel-final-val: 27017
chain 11: kernel-best-val: 27020 kernel-final-val: 27020
chain 12: kernel-best-val: 27013 kernel-final-val: 27012
chain 13: kernel-best-val: 27031 kernel-final-val: 27030
chain 14: kernel-best-val: 27034 kernel-final-val: 27034
chain 15: kernel-best-val: 27023 kernel-final-val: 27023
chain 16: kernel-best-val: 27029 kernel-final-val: 27028
chain 17: kernel-best-val: 27028 kernel-final-val: 27027
chain 18: kernel-best-val: 27035 kernel-final-val: 27032
chain 19: kernel-best-val: 27030 kernel-final-val: 27029
chain 20: kernel-best-val: 27034 kernel-final-val: 27034
chain 21: kernel-best-val: 27029 kernel-final-val: 27029
chain 22: kernel-best-val: 27012 kernel-final-val: 27010
chain 23: kernel-best-val: 27012 kernel-final-val: 27011
chain 24: kernel-best-val: 27027 kernel-final-val: 27026
chain 25: kernel-best-val: 27019 kernel-final-val: 27019
chain 26: kernel-best-val: 27029 kernel-final-val: 27027
chain 27: kernel-best-val: 27016 kernel-final-val: 27015
chain 28: kernel-best-val: 27021 kernel-final-val: 27021
chain 29: kernel-best-val: 27020 kernel-final-val: 27019
chain 30: kernel-best-val: 27026 kernel-final-val: 27026
chain 31: kernel-best-val: 27016 kernel-final-val: 27016
chain 32: kernel-best-val: 27024 kernel-final-val: 27023
chain 33: kernel-best-val: 27023 kernel-final-val: 27023
chain 34: kernel-best-val: 27021 kernel-final-val: 27021
chain 35: kernel-best-val: 27031 kernel-final-val: 27029
chain 36: kernel-best-val: 27044 kernel-final-val: 27044
chain 37: kernel-best-val: 27039 kernel-final-val: 27038
chain 38: kernel-best-val: 27034 kernel-final-val: 27034
chain 39: kernel-best-val: 27024 kernel-final-val: 27024
chain 40: kernel-best-val: 27010 kernel-final-val: 27010
chain 41: kernel-best-val: 27014 kernel-final-val: 27014
chain 42: kernel-best-val: 27028 kernel-final-val: 27028
chain 43: kernel-best-val: 27027 kernel-final-val: 27025
chain 44: kernel-best-val: 27038 kernel-final-val: 27038
chain 45: kernel-best-val: 27024 kernel-final-val: 27022
chain 46: kernel-best-val: 27019 kernel-final-val: 27019
chain 47: kernel-best-val: 27025 kernel-final-val: 27025
chain 48: kernel-best-val: 27016 kernel-final-val: 27015
chain 49: kernel-best-val: 27012 kernel-final-val: 27012
chain 50: kernel-best-val: 27012 kernel-final-val: 27010
chain 51: kernel-best-val: 27010 kernel-final-val: 27010
chain 52: kernel-best-val: 27023 kernel-final-val: 27022
chain 53: kernel-best-val: 27027 kernel-final-val: 27027
chain 54: kernel-best-val: 27026 kernel-final-val: 27026
chain 55: kernel-best-val: 27020 kernel-final-val: 27020
chain 56: kernel-best-val: 27023 kernel-final-val: 27022
chain 57: kernel-best-val: 27029 kernel-final-val: 27026
chain 58: kernel-best-val: 27032 kernel-final-val: 27032
chain 59: kernel-best-val: 27021 kernel-final-val: 27021
chain 60: kernel-best-val: 27025 kernel-final-val: 27023
chain 61: kernel-best-val: 27047 kernel-final-val: 27046
chain 62: kernel-best-val: 27009 kernel-final-val: 27008
chain 63: kernel-best-val: 27020 kernel-final-val: 27020
chain 64: kernel-best-val: 27033 kernel-final-val: 27032
chain 65: kernel-best-val: 27042 kernel-final-val: 27040
chain 66: kernel-best-val: 27036 kernel-final-val: 27036
chain 67: kernel-best-val: 27019 kernel-final-val: 27019
chain 68: kernel-best-val: 27031 kernel-final-val: 27030
chain 69: kernel-best-val: 27039 kernel-final-val: 27039
chain 70: kernel-best-val: 27022 kernel-final-val: 27020
chain 71: kernel-best-val: 27042 kernel-final-val: 27041
chain 72: kernel-best-val: 27025 kernel-final-val: 27024
chain 73: kernel-best-val: 27015 kernel-final-val: 27014
chain 74: kernel-best-val: 27017 kernel-final-val: 27016
chain 75: kernel-best-val: 27023 kernel-final-val: 27023
chain 76: kernel-best-val: 27020 kernel-final-val: 27018
chain 77: kernel-best-val: 27016 kernel-final-val: 27016
chain 78: kernel-best-val: 27010 kernel-final-val: 27009
chain 79: kernel-best-val: 27019 kernel-final-val: 27019
