Loaded: n=7000 m=41459 weight-scale=1 max-weighted-degree=589
Resolved seeds: 2327386043,1386272192,4163100409,2175836450,421919774,3468449766,2420279352,1794877830,1595757100,3106118847,3706801687,3719537723,2419542376,1253389300,1372915198,3441439958,134583289,1747372278,701773657,1018860739,1271721390,211231954,2593907456,1848497999,2619776868,3350037751,1802265998,2687221831,2561002575,12652481,2409765151,808756201,3373697965,1467909125,504246764,2586445623,490821466,1088404732,1047274069,2492850050,1833755061,1600894045,153952572,2045279370,1545348600,3149648951,1471026919,4003994413,339357083,2732002454,1797067648,3586004137,424195211,281573314,743511243,4044295981,2694062484,2715105023,1215124118,3965660199,163633240,3952366174,2161521265,4171719076,903519001,2929425775,2905549340,1715018905,2004704756,2488149585,3531425590,4276294878,1146515731,1781273561,1075297297,2654983858,1134376284,882856250,4251364335,1877232100
Chains: 80 distinct-t0: 8 corr=warpwalk s-width=32 B=589 total-sweeps-per-chain=800000000 score-path=int32-packed
tpb: 1024
note: tpb 1024 exceeds this kernel variant's launchable max of 512 threads (register-limited); clamped to 512.
excluded-from-time-sec: alloc+H2D 30.264 ms (15.39 MB, incl. 8 beta table(s), 1131394 run(s), 13.58 MB) | D2H 2.446 ms | timed kernel 9016075.000 ms
chain 0: kernel-best-val: 8698 kernel-final-val: 8698
chain 1: kernel-best-val: 8688 kernel-final-val: 8688
chain 2: kernel-best-val: 8698 kernel-final-val: 8698
chain 3: kernel-best-val: 8709 kernel-final-val: 8709
chain 4: kernel-best-val: 8731 kernel-final-val: 8731
chain 5: kernel-best-val: 8724 kernel-final-val: 8724
chain 6: kernel-best-val: 8726 kernel-final-val: 8726
chain 7: kernel-best-val: 8733 kernel-final-val: 8733
chain 8: kernel-best-val: 8690 kernel-final-val: 8690
chain 9: kernel-best-val: 8724 kernel-final-val: 8722
chain 10: kernel-best-val: 8724 kernel-final-val: 8723
chain 11: kernel-best-val: 8705 kernel-final-val: 8701
chain 12: kernel-best-val: 8730 kernel-final-val: 8729
chain 13: kernel-best-val: 8733 kernel-final-val: 8733
chain 14: kernel-best-val: 8711 kernel-final-val: 8710
chain 15: kernel-best-val: 8720 kernel-final-val: 8720
chain 16: kernel-best-val: 8695 kernel-final-val: 8694
chain 17: kernel-best-val: 8695 kernel-final-val: 8695
chain 18: kernel-best-val: 8728 kernel-final-val: 8728
chain 19: kernel-best-val: 8743 kernel-final-val: 8743
chain 20: kernel-best-val: 8724 kernel-final-val: 8724
chain 21: kernel-best-val: 8719 kernel-final-val: 8719
chain 22: kernel-best-val: 8732 kernel-final-val: 8732
chain 23: kernel-best-val: 8720 kernel-final-val: 8716
chain 24: kernel-best-val: 8729 kernel-final-val: 8728
chain 25: kernel-best-val: 8718 kernel-final-val: 8716
chain 26: kernel-best-val: 8728 kernel-final-val: 8728
chain 27: kernel-best-val: 8719 kernel-final-val: 8719
chain 28: kernel-best-val: 8720 kernel-final-val: 8719
chain 29: kernel-best-val: 8717 kernel-final-val: 8716
chain 30: kernel-best-val: 8720 kernel-final-val: 8720
chain 31: kernel-best-val: 8704 kernel-final-val: 8703
chain 32: kernel-best-val: 8698 kernel-final-val: 8698
chain 33: kernel-best-val: 8730 kernel-final-val: 8730
chain 34: kernel-best-val: 8726 kernel-final-val: 8726
chain 35: kernel-best-val: 8701 kernel-final-val: 8701
chain 36: kernel-best-val: 8718 kernel-final-val: 8717
chain 37: kernel-best-val: 8731 kernel-final-val: 8731
chain 38: kernel-best-val: 8723 kernel-final-val: 8723
chain 39: kernel-best-val: 8695 kernel-final-val: 8694
chain 40: kernel-best-val: 8722 kernel-final-val: 8722
chain 41: kernel-best-val: 8739 kernel-final-val: 8739
chain 42: kernel-best-val: 8720 kernel-final-val: 8719
chain 43: kernel-best-val: 8739 kernel-final-val: 8739
chain 44: kernel-best-val: 8714 kernel-final-val: 8714
chain 45: kernel-best-val: 8726 kernel-final-val: 8726
chain 46: kernel-best-val: 8745 kernel-final-val: 8744
chain 47: kernel-best-val: 8732 kernel-final-val: 8730
chain 48: kernel-best-val: 8730 kernel-final-val: 8728
chain 49: kernel-best-val: 8716 kernel-final-val: 8716
chain 50: kernel-best-val: 8731 kernel-final-val: 8731
chain 51: kernel-best-val: 8737 kernel-final-val: 8737
chain 52: kernel-best-val: 8716 kernel-final-val: 8712
chain 53: kernel-best-val: 8724 kernel-final-val: 8724
chain 54: kernel-best-val: 8720 kernel-final-val: 8720
chain 55: kernel-best-val: 8724 kernel-final-val: 8723
chain 56: kernel-best-val: 8728 kernel-final-val: 8728
chain 57: kernel-best-val: 8731 kernel-final-val: 8731
chain 58: kernel-best-val: 8728 kernel-final-val: 8727
chain 59: kernel-best-val: 8729 kernel-final-val: 8729
chain 60: kernel-best-val: 8715 kernel-final-val: 8713
chain 61: kernel-best-val: 8725 kernel-final-val: 8725
chain 62: kernel-best-val: 8742 kernel-final-val: 8742
chain 63: kernel-best-val: 8719 kernel-final-val: 8719
chain 64: kernel-best-val: 8745 kernel-final-val: 8741
chain 65: kernel-best-val: 8728 kernel-final-val: 8726
chain 66: kernel-best-val: 8731 kernel-final-val: 8730
chain 67: kernel-best-val: 8725 kernel-final-val: 8725
chain 68: kernel-best-val: 8719 kernel-final-val: 8719
chain 69: kernel-best-val: 8728 kernel-final-val: 8728
chain 70: kernel-best-val: 8725 kernel-final-val: 8724
chain 71: kernel-best-val: 8719 kernel-final-val: 8718
chain 72: kernel-best-val: 8717 kernel-final-val: 8717
chain 73: kernel-best-val: 8718 kernel-final-val: 8717
chain 74: kernel-best-val: 8729 kernel-final-val: 8728
chain 75: kernel-best-val: 8704 kernel-final-val: 8703
chain 76: kernel-best-val: 8728 kernel-final-val: 8727
chain 77: kernel-best-val: 8730 kernel-final-val: 8730
chain 78: kernel-best-val: 8719 kernel-final-val: 8719
chain 79: kernel-best-val: 8727 kernel-final-val: 8721
