Loaded: n=8000 m=16000 weight-scale=1 max-weighted-degree=4
Resolved seeds: 834650377,3963918518,1111411162,2813097512,2386301409,3221425937,190630444,1467626886,2607922367,1234376718,4037894623,461559359,4107726711,1928315528,3865019332,2552391814,563602671,3584924848,3131834025,3019032874,779861054,4101407885,266238736,1247693635,3640879263,3993389566,3386475868,4238543446,3197908627,1646362719,2766273838,3480719838,2694708367,2507249275,845558451,4067798710,1351546684,2532860869,860745387,36901356,3608489615,441084527,2498616175,3819729898,3063725038,3065589059,1951671384,2070522676,287799212,2475978789,3560825315,4097528739,1719717208,2698155681,1875130255,3794573960,3405816213,2059374142,3730001967,2495092817,2011948643,3479486706,2526625828,478220466,3563212295,3088021722,189389760,988796565,725752109,921939619,3103389460,927946491,2130549206,2739194641,351887472,833527408,1125556940,699720714,3286780224,4243515143
Chains: 80 distinct-t0: 8 corr=walk s-width=32 B=4 total-sweeps-per-chain=800000000 score-path=int32-packed
tpb: 896
note: tpb 896 exceeds this kernel variant's launchable max of 512 threads (register-limited); clamped to 512.
excluded-from-time-sec: alloc+H2D 14.362 ms (15.15 MB, incl. 8 beta table(s), 1131394 run(s), 13.58 MB) | D2H 2.909 ms | timed kernel 8119866.500 ms
chain 0: kernel-best-val: 5532 kernel-final-val: 5532
chain 1: kernel-best-val: 5546 kernel-final-val: 5542
chain 2: kernel-best-val: 5554 kernel-final-val: 5552
chain 3: kernel-best-val: 5538 kernel-final-val: 5534
chain 4: kernel-best-val: 5542 kernel-final-val: 5538
chain 5: kernel-best-val: 5536 kernel-final-val: 5532
chain 6: kernel-best-val: 5550 kernel-final-val: 5544
chain 7: kernel-best-val: 5544 kernel-final-val: 5544
chain 8: kernel-best-val: 5522 kernel-final-val: 5522
chain 9: kernel-best-val: 5544 kernel-final-val: 5542
chain 10: kernel-best-val: 5540 kernel-final-val: 5538
chain 11: kernel-best-val: 5540 kernel-final-val: 5536
chain 12: kernel-best-val: 5546 kernel-final-val: 5542
chain 13: kernel-best-val: 5554 kernel-final-val: 5552
chain 14: kernel-best-val: 5538 kernel-final-val: 5536
chain 15: kernel-best-val: 5544 kernel-final-val: 5540
chain 16: kernel-best-val: 5524 kernel-final-val: 5524
chain 17: kernel-best-val: 5544 kernel-final-val: 5544
chain 18: kernel-best-val: 5542 kernel-final-val: 5540
chain 19: kernel-best-val: 5540 kernel-final-val: 5538
chain 20: kernel-best-val: 5542 kernel-final-val: 5538
chain 21: kernel-best-val: 5540 kernel-final-val: 5540
chain 22: kernel-best-val: 5540 kernel-final-val: 5540
chain 23: kernel-best-val: 5538 kernel-final-val: 5536
chain 24: kernel-best-val: 5540 kernel-final-val: 5540
chain 25: kernel-best-val: 5548 kernel-final-val: 5544
chain 26: kernel-best-val: 5536 kernel-final-val: 5536
chain 27: kernel-best-val: 5538 kernel-final-val: 5538
chain 28: kernel-best-val: 5548 kernel-final-val: 5548
chain 29: kernel-best-val: 5546 kernel-final-val: 5542
chain 30: kernel-best-val: 5536 kernel-final-val: 5534
chain 31: kernel-best-val: 5538 kernel-final-val: 5532
chain 32: kernel-best-val: 5542 kernel-final-val: 5542
chain 33: kernel-best-val: 5550 kernel-final-val: 5548
chain 34: kernel-best-val: 5546 kernel-final-val: 5542
chain 35: kernel-best-val: 5540 kernel-final-val: 5534
chain 36: kernel-best-val: 5544 kernel-final-val: 5542
chain 37: kernel-best-val: 5546 kernel-final-val: 5546
chain 38: kernel-best-val: 5548 kernel-final-val: 5542
chain 39: kernel-best-val: 5538 kernel-final-val: 5530
chain 40: kernel-best-val: 5528 kernel-final-val: 5528
chain 41: kernel-best-val: 5542 kernel-final-val: 5542
chain 42: kernel-best-val: 5542 kernel-final-val: 5540
chain 43: kernel-best-val: 5540 kernel-final-val: 5540
chain 44: kernel-best-val: 5544 kernel-final-val: 5538
chain 45: kernel-best-val: 5544 kernel-final-val: 5538
chain 46: kernel-best-val: 5530 kernel-final-val: 5530
chain 47: kernel-best-val: 5542 kernel-final-val: 5542
chain 48: kernel-best-val: 5544 kernel-final-val: 5544
chain 49: kernel-best-val: 5544 kernel-final-val: 5540
chain 50: kernel-best-val: 5540 kernel-final-val: 5532
chain 51: kernel-best-val: 5546 kernel-final-val: 5546
chain 52: kernel-best-val: 5534 kernel-final-val: 5534
chain 53: kernel-best-val: 5546 kernel-final-val: 5544
chain 54: kernel-best-val: 5542 kernel-final-val: 5540
chain 55: kernel-best-val: 5532 kernel-final-val: 5532
chain 56: kernel-best-val: 5540 kernel-final-val: 5540
chain 57: kernel-best-val: 5542 kernel-final-val: 5542
chain 58: kernel-best-val: 5544 kernel-final-val: 5540
chain 59: kernel-best-val: 5544 kernel-final-val: 5540
chain 60: kernel-best-val: 5544 kernel-final-val: 5544
chain 61: kernel-best-val: 5548 kernel-final-val: 5548
chain 62: kernel-best-val: 5540 kernel-final-val: 5538
chain 63: kernel-best-val: 5538 kernel-final-val: 5538
chain 64: kernel-best-val: 5532 kernel-final-val: 5532
chain 65: kernel-best-val: 5542 kernel-final-val: 5542
chain 66: kernel-best-val: 5544 kernel-final-val: 5542
chain 67: kernel-best-val: 5548 kernel-final-val: 5544
chain 68: kernel-best-val: 5536 kernel-final-val: 5536
chain 69: kernel-best-val: 5548 kernel-final-val: 5548
chain 70: kernel-best-val: 5532 kernel-final-val: 5532
chain 71: kernel-best-val: 5544 kernel-final-val: 5540
chain 72: kernel-best-val: 5540 kernel-final-val: 5540
chain 73: kernel-best-val: 5542 kernel-final-val: 5538
chain 74: kernel-best-val: 5534 kernel-final-val: 5534
chain 75: kernel-best-val: 5540 kernel-final-val: 5538
chain 76: kernel-best-val: 5544 kernel-final-val: 5544
chain 77: kernel-best-val: 5550 kernel-final-val: 5546
chain 78: kernel-best-val: 5544 kernel-final-val: 5540
chain 79: kernel-best-val: 5542 kernel-final-val: 5540
