Loaded: n=9000 m=18000 weight-scale=1 max-weighted-degree=4
Resolved seeds: 614054630,3511799294,3797921149,692479902,929814276,3866287588,465246697,747061251,1635091682,3409961804,3629892243,1447937159,689690247,1579824369,4054880147,4086366698,216906615,1526059287,2637854086,2099903529,1592757166,988886318,2632484063,1535090365,3906864201,183331308,3919776355,2341677695,3253896317,2830145196,2294500670,3538359835,2850719644,222592822,3457580616,4053339613,1971748379,3611951240,522681433,2839533313,2604071699,1402460075,847996434,2543074869,4011566923,1937002132,2632544793,2957792127,2051009140,4291254367,2906913266,2780541727,1578560969,3630222352,2562866946,2551178225,1172074590,1793834390,96110246,3238933221,2279922677,660674523,3307606142,3114756506,3660687787,1544389537,4010888602,3825949951,3970462780,299007144,1509632427,2542964210,331692407,1961609743,2160680983,23583398,1121125605,2380788811,1964118451,838799279
Chains: 80 distinct-t0: 8 corr=walk s-width=32 B=4 total-sweeps-per-chain=800000000 score-path=int32-packed
tpb: 896
note: tpb 896 exceeds this kernel variant's launchable max of 512 threads (register-limited); clamped to 512.
excluded-from-time-sec: alloc+H2D 15.816 ms (15.34 MB, incl. 8 beta table(s), 1131394 run(s), 13.58 MB) | D2H 3.145 ms | timed kernel 8823969.000 ms
chain 0: kernel-best-val: 6322 kernel-final-val: 6322
chain 1: kernel-best-val: 6346 kernel-final-val: 6344
chain 2: kernel-best-val: 6352 kernel-final-val: 6352
chain 3: kernel-best-val: 6342 kernel-final-val: 6340
chain 4: kernel-best-val: 6344 kernel-final-val: 6344
chain 5: kernel-best-val: 6338 kernel-final-val: 6332
chain 6: kernel-best-val: 6352 kernel-final-val: 6352
chain 7: kernel-best-val: 6346 kernel-final-val: 6342
chain 8: kernel-best-val: 6334 kernel-final-val: 6334
chain 9: kernel-best-val: 6340 kernel-final-val: 6338
chain 10: kernel-best-val: 6336 kernel-final-val: 6332
chain 11: kernel-best-val: 6340 kernel-final-val: 6334
chain 12: kernel-best-val: 6336 kernel-final-val: 6336
chain 13: kernel-best-val: 6348 kernel-final-val: 6346
chain 14: kernel-best-val: 6342 kernel-final-val: 6338
chain 15: kernel-best-val: 6350 kernel-final-val: 6350
chain 16: kernel-best-val: 6340 kernel-final-val: 6340
chain 17: kernel-best-val: 6336 kernel-final-val: 6332
chain 18: kernel-best-val: 6340 kernel-final-val: 6338
chain 19: kernel-best-val: 6346 kernel-final-val: 6342
chain 20: kernel-best-val: 6336 kernel-final-val: 6328
chain 21: kernel-best-val: 6348 kernel-final-val: 6344
chain 22: kernel-best-val: 6340 kernel-final-val: 6340
chain 23: kernel-best-val: 6336 kernel-final-val: 6334
chain 24: kernel-best-val: 6332 kernel-final-val: 6332
chain 25: kernel-best-val: 6354 kernel-final-val: 6354
chain 26: kernel-best-val: 6344 kernel-final-val: 6342
chain 27: kernel-best-val: 6338 kernel-final-val: 6338
chain 28: kernel-best-val: 6350 kernel-final-val: 6344
chain 29: kernel-best-val: 6348 kernel-final-val: 6346
chain 30: kernel-best-val: 6342 kernel-final-val: 6342
chain 31: kernel-best-val: 6338 kernel-final-val: 6336
chain 32: kernel-best-val: 6328 kernel-final-val: 6328
chain 33: kernel-best-val: 6340 kernel-final-val: 6336
chain 34: kernel-best-val: 6342 kernel-final-val: 6340
chain 35: kernel-best-val: 6336 kernel-final-val: 6334
chain 36: kernel-best-val: 6348 kernel-final-val: 6346
chain 37: kernel-best-val: 6342 kernel-final-val: 6340
chain 38: kernel-best-val: 6348 kernel-final-val: 6348
chain 39: kernel-best-val: 6340 kernel-final-val: 6338
chain 40: kernel-best-val: 6340 kernel-final-val: 6340
chain 41: kernel-best-val: 6348 kernel-final-val: 6344
chain 42: kernel-best-val: 6344 kernel-final-val: 6344
chain 43: kernel-best-val: 6346 kernel-final-val: 6340
chain 44: kernel-best-val: 6350 kernel-final-val: 6350
chain 45: kernel-best-val: 6344 kernel-final-val: 6342
chain 46: kernel-best-val: 6344 kernel-final-val: 6342
chain 47: kernel-best-val: 6346 kernel-final-val: 6342
chain 48: kernel-best-val: 6336 kernel-final-val: 6336
chain 49: kernel-best-val: 6334 kernel-final-val: 6332
chain 50: kernel-best-val: 6336 kernel-final-val: 6332
chain 51: kernel-best-val: 6356 kernel-final-val: 6356
chain 52: kernel-best-val: 6344 kernel-final-val: 6340
chain 53: kernel-best-val: 6338 kernel-final-val: 6338
chain 54: kernel-best-val: 6342 kernel-final-val: 6334
chain 55: kernel-best-val: 6340 kernel-final-val: 6340
chain 56: kernel-best-val: 6340 kernel-final-val: 6340
chain 57: kernel-best-val: 6352 kernel-final-val: 6350
chain 58: kernel-best-val: 6332 kernel-final-val: 6332
chain 59: kernel-best-val: 6344 kernel-final-val: 6342
chain 60: kernel-best-val: 6348 kernel-final-val: 6346
chain 61: kernel-best-val: 6342 kernel-final-val: 6340
chain 62: kernel-best-val: 6344 kernel-final-val: 6342
chain 63: kernel-best-val: 6338 kernel-final-val: 6338
chain 64: kernel-best-val: 6334 kernel-final-val: 6334
chain 65: kernel-best-val: 6348 kernel-final-val: 6344
chain 66: kernel-best-val: 6344 kernel-final-val: 6342
chain 67: kernel-best-val: 6346 kernel-final-val: 6346
chain 68: kernel-best-val: 6342 kernel-final-val: 6340
chain 69: kernel-best-val: 6340 kernel-final-val: 6336
chain 70: kernel-best-val: 6334 kernel-final-val: 6332
chain 71: kernel-best-val: 6340 kernel-final-val: 6340
chain 72: kernel-best-val: 6332 kernel-final-val: 6332
chain 73: kernel-best-val: 6334 kernel-final-val: 6330
chain 74: kernel-best-val: 6348 kernel-final-val: 6348
chain 75: kernel-best-val: 6344 kernel-final-val: 6340
chain 76: kernel-best-val: 6350 kernel-final-val: 6350
chain 77: kernel-best-val: 6342 kernel-final-val: 6342
chain 78: kernel-best-val: 6342 kernel-final-val: 6336
chain 79: kernel-best-val: 6344 kernel-final-val: 6342
