Loaded: n=10000 m=20000 weight-scale=1 max-weighted-degree=4
Resolved seeds: 521802710,1490790298,3825442853,466502129,349961354,1551479863,1240900664,473217289,3422702297,2613090204,729999423,2133040741,2409416841,3079297867,2220767828,3880137602,2953838862,1969123904,4117846461,1791315607,1843608911,911706189,2487494273,2003121596,122760692,2098194829,1127761447,3788398212,4145062007,1972410662,4075206074,3343354024,3458634764,2673654044,1030251867,2808507402,3170969326,2318626642,3172034437,1278500426,2603698685,3101381787,1819937684,2536100313,3720221638,3847117593,2333674465,2434273224,2976231312,3621707907,3186880918,2962901186,3221375527,3674962130,4090822504,2850018158,2340391946,4126125110,1214823202,3292484311,50962189,2846028106,744532119,1868696804,3697182269,3578157135,835682105,3168376759,597730447,3839876220,3231563422,2310177799,565293367,1897132242,723624972,3405722288,394849594,2349071836,2556254102,2747652048
Chains: 80 distinct-t0: 8 corr=walk s-width=32 B=4 total-sweeps-per-chain=800000000 score-path=int32-packed
tpb: 896
note: tpb 896 exceeds this kernel variant's launchable max of 512 threads (register-limited); clamped to 512.
excluded-from-time-sec: alloc+H2D 16.848 ms (15.54 MB, incl. 8 beta table(s), 1131394 run(s), 13.58 MB) | D2H 3.307 ms | timed kernel 9010796.000 ms
chain 0: kernel-best-val: 6924 kernel-final-val: 6924
chain 1: kernel-best-val: 6928 kernel-final-val: 6926
chain 2: kernel-best-val: 6928 kernel-final-val: 6926
chain 3: kernel-best-val: 6928 kernel-final-val: 6926
chain 4: kernel-best-val: 6924 kernel-final-val: 6924
chain 5: kernel-best-val: 6924 kernel-final-val: 6924
chain 6: kernel-best-val: 6934 kernel-final-val: 6934
chain 7: kernel-best-val: 6926 kernel-final-val: 6924
chain 8: kernel-best-val: 6910 kernel-final-val: 6910
chain 9: kernel-best-val: 6928 kernel-final-val: 6924
chain 10: kernel-best-val: 6922 kernel-final-val: 6922
chain 11: kernel-best-val: 6924 kernel-final-val: 6922
chain 12: kernel-best-val: 6928 kernel-final-val: 6926
chain 13: kernel-best-val: 6926 kernel-final-val: 6924
chain 14: kernel-best-val: 6924 kernel-final-val: 6924
chain 15: kernel-best-val: 6926 kernel-final-val: 6926
chain 16: kernel-best-val: 6924 kernel-final-val: 6922
chain 17: kernel-best-val: 6922 kernel-final-val: 6922
chain 18: kernel-best-val: 6930 kernel-final-val: 6928
chain 19: kernel-best-val: 6926 kernel-final-val: 6926
chain 20: kernel-best-val: 6924 kernel-final-val: 6924
chain 21: kernel-best-val: 6930 kernel-final-val: 6930
chain 22: kernel-best-val: 6924 kernel-final-val: 6924
chain 23: kernel-best-val: 6930 kernel-final-val: 6930
chain 24: kernel-best-val: 6924 kernel-final-val: 6924
chain 25: kernel-best-val: 6928 kernel-final-val: 6928
chain 26: kernel-best-val: 6930 kernel-final-val: 6926
chain 27: kernel-best-val: 6926 kernel-final-val: 6922
chain 28: kernel-best-val: 6922 kernel-final-val: 6922
chain 29: kernel-best-val: 6932 kernel-final-val: 6932
chain 30: kernel-best-val: 6920 kernel-final-val: 6920
chain 31: kernel-best-val: 6930 kernel-final-val: 6928
chain 32: kernel-best-val: 6916 kernel-final-val: 6916
chain 33: kernel-best-val: 6922 kernel-final-val: 6922
chain 34: kernel-best-val: 6932 kernel-final-val: 6932
chain 35: kernel-best-val: 6924 kernel-final-val: 6924
chain 36: kernel-best-val: 6926 kernel-final-val: 6926
chain 37: kernel-best-val: 6926 kernel-final-val: 6924
chain 38: kernel-best-val: 6926 kernel-final-val: 6926
chain 39: kernel-best-val: 6928 kernel-final-val: 6928
chain 40: kernel-best-val: 6918 kernel-final-val: 6918
chain 41: kernel-best-val: 6926 kernel-final-val: 6926
chain 42: kernel-best-val: 6928 kernel-final-val: 6924
chain 43: kernel-best-val: 6924 kernel-final-val: 6924
chain 44: kernel-best-val: 6920 kernel-final-val: 6920
chain 45: kernel-best-val: 6924 kernel-final-val: 6924
chain 46: kernel-best-val: 6924 kernel-final-val: 6922
chain 47: kernel-best-val: 6928 kernel-final-val: 6928
chain 48: kernel-best-val: 6910 kernel-final-val: 6910
chain 49: kernel-best-val: 6926 kernel-final-val: 6924
chain 50: kernel-best-val: 6930 kernel-final-val: 6930
chain 51: kernel-best-val: 6932 kernel-final-val: 6932
chain 52: kernel-best-val: 6920 kernel-final-val: 6918
chain 53: kernel-best-val: 6926 kernel-final-val: 6926
chain 54: kernel-best-val: 6930 kernel-final-val: 6930
chain 55: kernel-best-val: 6932 kernel-final-val: 6932
chain 56: kernel-best-val: 6924 kernel-final-val: 6924
chain 57: kernel-best-val: 6922 kernel-final-val: 6922
chain 58: kernel-best-val: 6924 kernel-final-val: 6922
chain 59: kernel-best-val: 6928 kernel-final-val: 6924
chain 60: kernel-best-val: 6922 kernel-final-val: 6918
chain 61: kernel-best-val: 6924 kernel-final-val: 6924
chain 62: kernel-best-val: 6922 kernel-final-val: 6922
chain 63: kernel-best-val: 6934 kernel-final-val: 6934
chain 64: kernel-best-val: 6924 kernel-final-val: 6924
chain 65: kernel-best-val: 6920 kernel-final-val: 6920
chain 66: kernel-best-val: 6928 kernel-final-val: 6928
chain 67: kernel-best-val: 6926 kernel-final-val: 6922
chain 68: kernel-best-val: 6928 kernel-final-val: 6928
chain 69: kernel-best-val: 6930 kernel-final-val: 6930
chain 70: kernel-best-val: 6930 kernel-final-val: 6926
chain 71: kernel-best-val: 6926 kernel-final-val: 6926
chain 72: kernel-best-val: 6912 kernel-final-val: 6910
chain 73: kernel-best-val: 6928 kernel-final-val: 6928
chain 74: kernel-best-val: 6926 kernel-final-val: 6924
chain 75: kernel-best-val: 6928 kernel-final-val: 6928
chain 76: kernel-best-val: 6928 kernel-final-val: 6924
chain 77: kernel-best-val: 6926 kernel-final-val: 6926
chain 78: kernel-best-val: 6928 kernel-final-val: 6928
chain 79: kernel-best-val: 6922 kernel-final-val: 6920
