Loaded: n=10000 m=9999 weight-scale=1 max-weighted-degree=9
Resolved seeds: 83103859,1444077081,913353076,4255313815,1656332117,2709643946,4132839962,2835001042,1598241014,1227462011,2190973776,472138450,1957378605,3868184349,3043857990,4103924539,1980171893,2533551442,1188317632,527465887,2136211905,67396665,1503232624,3407514627,2592310131,3300797277,3002940192,3028319364,2494435324,3890025619,182915647,3935145963,792946266,270272022,2305638363,2121929363,174566766,767569693,2593003445,3412300031,2542236213,1589082141,1684577217,649059780,244165918,1746710852,2159393268,3213204092,3934125259,2734562869,4264278699,1006846984,3711011384,644041655,3406909862,149355654,7347527,3152709115,3422820917,2558358590,4144113584,2607476369,1418346289,694490899,3195002538,3122294098,3353025560,3791421300,4137396472,2810886577,78898842,960029736,2155421714,762021403,551106551,2585458688,53707071,901448054,2792509921,2733311895
Chains: 80 distinct-t0: 8 corr=walk s-width=32 B=9 total-sweeps-per-chain=800000000 score-path=int32-packed
tpb: 896
note: tpb 896 exceeds this kernel variant's launchable max of 512 threads (register-limited); clamped to 512.
excluded-from-time-sec: alloc+H2D 18.998 ms (15.16 MB, incl. 8 beta table(s), 1131394 run(s), 13.58 MB) | D2H 2.973 ms | timed kernel 8756118.000 ms
chain 0: kernel-best-val: 9592 kernel-final-val: 9591
chain 1: kernel-best-val: 9588 kernel-final-val: 9587
chain 2: kernel-best-val: 9592 kernel-final-val: 9590
chain 3: kernel-best-val: 9590 kernel-final-val: 9588
chain 4: kernel-best-val: 9589 kernel-final-val: 9589
chain 5: kernel-best-val: 9592 kernel-final-val: 9591
chain 6: kernel-best-val: 9589 kernel-final-val: 9588
chain 7: kernel-best-val: 9591 kernel-final-val: 9590
chain 8: kernel-best-val: 9593 kernel-final-val: 9592
chain 9: kernel-best-val: 9585 kernel-final-val: 9584
chain 10: kernel-best-val: 9593 kernel-final-val: 9592
chain 11: kernel-best-val: 9593 kernel-final-val: 9593
chain 12: kernel-best-val: 9585 kernel-final-val: 9585
chain 13: kernel-best-val: 9592 kernel-final-val: 9592
chain 14: kernel-best-val: 9593 kernel-final-val: 9593
chain 15: kernel-best-val: 9587 kernel-final-val: 9587
chain 16: kernel-best-val: 9588 kernel-final-val: 9587
chain 17: kernel-best-val: 9586 kernel-final-val: 9586
chain 18: kernel-best-val: 9587 kernel-final-val: 9587
chain 19: kernel-best-val: 9591 kernel-final-val: 9591
chain 20: kernel-best-val: 9592 kernel-final-val: 9592
chain 21: kernel-best-val: 9589 kernel-final-val: 9589
chain 22: kernel-best-val: 9590 kernel-final-val: 9590
chain 23: kernel-best-val: 9590 kernel-final-val: 9590
chain 24: kernel-best-val: 9585 kernel-final-val: 9585
chain 25: kernel-best-val: 9585 kernel-final-val: 9585
chain 26: kernel-best-val: 9592 kernel-final-val: 9590
chain 27: kernel-best-val: 9586 kernel-final-val: 9586
chain 28: kernel-best-val: 9593 kernel-final-val: 9593
chain 29: kernel-best-val: 9591 kernel-final-val: 9590
chain 30: kernel-best-val: 9592 kernel-final-val: 9592
chain 31: kernel-best-val: 9592 kernel-final-val: 9592
chain 32: kernel-best-val: 9589 kernel-final-val: 9589
chain 33: kernel-best-val: 9587 kernel-final-val: 9586
chain 34: kernel-best-val: 9587 kernel-final-val: 9587
chain 35: kernel-best-val: 9585 kernel-final-val: 9584
chain 36: kernel-best-val: 9585 kernel-final-val: 9585
chain 37: kernel-best-val: 9592 kernel-final-val: 9592
chain 38: kernel-best-val: 9586 kernel-final-val: 9586
chain 39: kernel-best-val: 9589 kernel-final-val: 9589
chain 40: kernel-best-val: 9584 kernel-final-val: 9584
chain 41: kernel-best-val: 9590 kernel-final-val: 9590
chain 42: kernel-best-val: 9592 kernel-final-val: 9591
chain 43: kernel-best-val: 9589 kernel-final-val: 9587
chain 44: kernel-best-val: 9590 kernel-final-val: 9589
chain 45: kernel-best-val: 9585 kernel-final-val: 9583
chain 46: kernel-best-val: 9592 kernel-final-val: 9592
chain 47: kernel-best-val: 9592 kernel-final-val: 9591
chain 48: kernel-best-val: 9586 kernel-final-val: 9586
chain 49: kernel-best-val: 9586 kernel-final-val: 9586
chain 50: kernel-best-val: 9593 kernel-final-val: 9593
chain 51: kernel-best-val: 9592 kernel-final-val: 9592
chain 52: kernel-best-val: 9587 kernel-final-val: 9587
chain 53: kernel-best-val: 9589 kernel-final-val: 9589
chain 54: kernel-best-val: 9592 kernel-final-val: 9592
chain 55: kernel-best-val: 9590 kernel-final-val: 9590
chain 56: kernel-best-val: 9584 kernel-final-val: 9584
chain 57: kernel-best-val: 9592 kernel-final-val: 9592
chain 58: kernel-best-val: 9582 kernel-final-val: 9580
chain 59: kernel-best-val: 9586 kernel-final-val: 9586
chain 60: kernel-best-val: 9586 kernel-final-val: 9586
chain 61: kernel-best-val: 9585 kernel-final-val: 9585
chain 62: kernel-best-val: 9593 kernel-final-val: 9593
chain 63: kernel-best-val: 9593 kernel-final-val: 9592
chain 64: kernel-best-val: 9584 kernel-final-val: 9584
chain 65: kernel-best-val: 9588 kernel-final-val: 9587
chain 66: kernel-best-val: 9584 kernel-final-val: 9583
chain 67: kernel-best-val: 9593 kernel-final-val: 9593
chain 68: kernel-best-val: 9587 kernel-final-val: 9587
chain 69: kernel-best-val: 9586 kernel-final-val: 9586
chain 70: kernel-best-val: 9591 kernel-final-val: 9590
chain 71: kernel-best-val: 9588 kernel-final-val: 9587
chain 72: kernel-best-val: 9593 kernel-final-val: 9592
chain 73: kernel-best-val: 9590 kernel-final-val: 9590
chain 74: kernel-best-val: 9588 kernel-final-val: 9587
chain 75: kernel-best-val: 9590 kernel-final-val: 9590
chain 76: kernel-best-val: 9588 kernel-final-val: 9587
chain 77: kernel-best-val: 9593 kernel-final-val: 9593
chain 78: kernel-best-val: 9586 kernel-final-val: 9586
chain 79: kernel-best-val: 9588 kernel-final-val: 9587
