Loaded: n=10000 m=20000 weight-scale=1 max-weighted-degree=4
Resolved seeds: 95495976,1645892,1943438451,886460638,485157537,2034320122,2695126311,1302334572,2706469532,3240269939,3604113265,2705270350,2018740666,1127990759,3330731846,3187431012,1521839180,1686047567,1330975008,934650615,795544504,3425329025,1770730959,3014328358,3541549123,538501519,2632391460,1293863369,2212427354,769037890,218169367,4235358679,1473407425,3245767482,1451491780,920109546,2510192967,4275455573,3124032684,4190970238,1334294423,598458671,566407799,2569333524,1270311530,1699186169,2615808323,655417756,1554401196,2058582180,637068712,2854864588,3163175769,1762481346,2721953699,992132921,1261972392,2848423158,1311278153,2148724901,3497461887,1733136825,3378831739,3363964412,1520174854,3067135213,3130723262,1904750959,4153840764,3047185378,3763478564,198055628,900653673,1850113415,4059674294,2466763930,363498851,2676865360,3354777811,952212597
Chains: 80 distinct-t0: 8 corr=walk s-width=32 B=4 total-sweeps-per-chain=800000000 score-path=int32-packed
tpb: 896
note: tpb 896 exceeds this kernel variant's launchable max of 512 threads (register-limited); clamped to 512.
excluded-from-time-sec: alloc+H2D 17.270 ms (15.54 MB, incl. 8 beta table(s), 1131394 run(s), 13.58 MB) | D2H 3.402 ms | timed kernel 9027313.000 ms
chain 0: kernel-best-val: 6982 kernel-final-val: 6982
chain 1: kernel-best-val: 6990 kernel-final-val: 6988
chain 2: kernel-best-val: 6990 kernel-final-val: 6990
chain 3: kernel-best-val: 6986 kernel-final-val: 6986
chain 4: kernel-best-val: 6986 kernel-final-val: 6984
chain 5: kernel-best-val: 6986 kernel-final-val: 6984
chain 6: kernel-best-val: 6980 kernel-final-val: 6980
chain 7: kernel-best-val: 6974 kernel-final-val: 6972
chain 8: kernel-best-val: 6980 kernel-final-val: 6978
chain 9: kernel-best-val: 6988 kernel-final-val: 6988
chain 10: kernel-best-val: 6988 kernel-final-val: 6988
chain 11: kernel-best-val: 6984 kernel-final-val: 6984
chain 12: kernel-best-val: 6984 kernel-final-val: 6982
chain 13: kernel-best-val: 6990 kernel-final-val: 6986
chain 14: kernel-best-val: 6984 kernel-final-val: 6984
chain 15: kernel-best-val: 6982 kernel-final-val: 6980
chain 16: kernel-best-val: 6980 kernel-final-val: 6980
chain 17: kernel-best-val: 6986 kernel-final-val: 6984
chain 18: kernel-best-val: 6976 kernel-final-val: 6976
chain 19: kernel-best-val: 6978 kernel-final-val: 6976
chain 20: kernel-best-val: 6986 kernel-final-val: 6984
chain 21: kernel-best-val: 6980 kernel-final-val: 6980
chain 22: kernel-best-val: 6988 kernel-final-val: 6988
chain 23: kernel-best-val: 6990 kernel-final-val: 6990
chain 24: kernel-best-val: 6984 kernel-final-val: 6984
chain 25: kernel-best-val: 6984 kernel-final-val: 6984
chain 26: kernel-best-val: 6986 kernel-final-val: 6984
chain 27: kernel-best-val: 6976 kernel-final-val: 6972
chain 28: kernel-best-val: 6980 kernel-final-val: 6978
chain 29: kernel-best-val: 6980 kernel-final-val: 6980
chain 30: kernel-best-val: 6980 kernel-final-val: 6980
chain 31: kernel-best-val: 6992 kernel-final-val: 6990
chain 32: kernel-best-val: 6976 kernel-final-val: 6976
chain 33: kernel-best-val: 6982 kernel-final-val: 6982
chain 34: kernel-best-val: 6972 kernel-final-val: 6972
chain 35: kernel-best-val: 6984 kernel-final-val: 6984
chain 36: kernel-best-val: 6982 kernel-final-val: 6978
chain 37: kernel-best-val: 6988 kernel-final-val: 6988
chain 38: kernel-best-val: 6988 kernel-final-val: 6988
chain 39: kernel-best-val: 6984 kernel-final-val: 6984
chain 40: kernel-best-val: 6986 kernel-final-val: 6984
chain 41: kernel-best-val: 6986 kernel-final-val: 6986
chain 42: kernel-best-val: 6978 kernel-final-val: 6978
chain 43: kernel-best-val: 6984 kernel-final-val: 6984
chain 44: kernel-best-val: 6982 kernel-final-val: 6982
chain 45: kernel-best-val: 6966 kernel-final-val: 6966
chain 46: kernel-best-val: 6986 kernel-final-val: 6986
chain 47: kernel-best-val: 6992 kernel-final-val: 6992
chain 48: kernel-best-val: 6974 kernel-final-val: 6972
chain 49: kernel-best-val: 6978 kernel-final-val: 6978
chain 50: kernel-best-val: 6978 kernel-final-val: 6978
chain 51: kernel-best-val: 6982 kernel-final-val: 6982
chain 52: kernel-best-val: 6980 kernel-final-val: 6980
chain 53: kernel-best-val: 6988 kernel-final-val: 6984
chain 54: kernel-best-val: 6980 kernel-final-val: 6980
chain 55: kernel-best-val: 6978 kernel-final-val: 6978
chain 56: kernel-best-val: 6972 kernel-final-val: 6970
chain 57: kernel-best-val: 6980 kernel-final-val: 6980
chain 58: kernel-best-val: 6984 kernel-final-val: 6984
chain 59: kernel-best-val: 6984 kernel-final-val: 6984
chain 60: kernel-best-val: 6980 kernel-final-val: 6978
chain 61: kernel-best-val: 6992 kernel-final-val: 6992
chain 62: kernel-best-val: 6988 kernel-final-val: 6986
chain 63: kernel-best-val: 6982 kernel-final-val: 6982
chain 64: kernel-best-val: 6980 kernel-final-val: 6980
chain 65: kernel-best-val: 6982 kernel-final-val: 6982
chain 66: kernel-best-val: 6986 kernel-final-val: 6986
chain 67: kernel-best-val: 6978 kernel-final-val: 6976
chain 68: kernel-best-val: 6986 kernel-final-val: 6982
chain 69: kernel-best-val: 6982 kernel-final-val: 6982
chain 70: kernel-best-val: 6994 kernel-final-val: 6992
chain 71: kernel-best-val: 6984 kernel-final-val: 6984
chain 72: kernel-best-val: 6970 kernel-final-val: 6968
chain 73: kernel-best-val: 6978 kernel-final-val: 6976
chain 74: kernel-best-val: 6984 kernel-final-val: 6984
chain 75: kernel-best-val: 6984 kernel-final-val: 6984
chain 76: kernel-best-val: 6968 kernel-final-val: 6968
chain 77: kernel-best-val: 6982 kernel-final-val: 6980
chain 78: kernel-best-val: 6988 kernel-final-val: 6988
chain 79: kernel-best-val: 6986 kernel-final-val: 6986
