Loaded: n=14000 m=28000 weight-scale=1 max-weighted-degree=4
Resolved seeds: 2278498817,4194772480,1266356600,2997709358,2510682408,684707611,2048512439,1938522499,2533762472,679225552,3357841168,3359849829,3649059591,3649030418,4226164693,3803311309,2871758284,1995689752,3074052031,1950461248,3481433991,1095894877,3722924709,1415473056,4011381606,898280708,530813469,1978829854,1892359024,1141100563,2563213557,2531527286,2344984396,3327495466,1033236649,969871067,2625757319,587458811,420544479,343384855,1802568990,1320629215,1759776994,4263659895,444708655,402501476,3553260713,743423220,3909251409,528956063,996030387,1246138812,3115248574,1080733569,442684627,2940748051,3621005319,4152672575,1394514267,3469092762,1422018019,2071261707,2874431589,1100686981,3412139944,4289496011,369513818,1594136715,584760495,3664345190,2097711982,1778846125,1945725059,1250107207,1918257979,1595963259,3446795318,613436098,4152572192,172416389
Chains: 80 distinct-t0: 8 corr=walk s-width=32 B=4 total-sweeps-per-chain=800000000 score-path=int32-packed
tpb: 896
note: tpb 896 exceeds this kernel variant's launchable max of 512 threads (register-limited); clamped to 512.
excluded-from-time-sec: alloc+H2D 22.729 ms (16.32 MB, incl. 8 beta table(s), 1131394 run(s), 13.58 MB) | D2H 4.859 ms | timed kernel 9899749.000 ms
chain 0: kernel-best-val: 9914 kernel-final-val: 9908
chain 1: kernel-best-val: 9908 kernel-final-val: 9908
chain 2: kernel-best-val: 9904 kernel-final-val: 9904
chain 3: kernel-best-val: 9898 kernel-final-val: 9898
chain 4: kernel-best-val: 9906 kernel-final-val: 9906
chain 5: kernel-best-val: 9904 kernel-final-val: 9904
chain 6: kernel-best-val: 9902 kernel-final-val: 9900
chain 7: kernel-best-val: 9904 kernel-final-val: 9902
chain 8: kernel-best-val: 9898 kernel-final-val: 9890
chain 9: kernel-best-val: 9898 kernel-final-val: 9896
chain 10: kernel-best-val: 9908 kernel-final-val: 9908
chain 11: kernel-best-val: 9904 kernel-final-val: 9904
chain 12: kernel-best-val: 9904 kernel-final-val: 9896
chain 13: kernel-best-val: 9896 kernel-final-val: 9886
chain 14: kernel-best-val: 9904 kernel-final-val: 9902
chain 15: kernel-best-val: 9906 kernel-final-val: 9906
chain 16: kernel-best-val: 9914 kernel-final-val: 9914
chain 17: kernel-best-val: 9902 kernel-final-val: 9896
chain 18: kernel-best-val: 9900 kernel-final-val: 9898
chain 19: kernel-best-val: 9902 kernel-final-val: 9900
chain 20: kernel-best-val: 9906 kernel-final-val: 9896
chain 21: kernel-best-val: 9912 kernel-final-val: 9912
chain 22: kernel-best-val: 9906 kernel-final-val: 9902
chain 23: kernel-best-val: 9906 kernel-final-val: 9900
chain 24: kernel-best-val: 9904 kernel-final-val: 9896
chain 25: kernel-best-val: 9906 kernel-final-val: 9906
chain 26: kernel-best-val: 9910 kernel-final-val: 9910
chain 27: kernel-best-val: 9906 kernel-final-val: 9898
chain 28: kernel-best-val: 9894 kernel-final-val: 9890
chain 29: kernel-best-val: 9908 kernel-final-val: 9906
chain 30: kernel-best-val: 9906 kernel-final-val: 9906
chain 31: kernel-best-val: 9914 kernel-final-val: 9908
chain 32: kernel-best-val: 9908 kernel-final-val: 9902
chain 33: kernel-best-val: 9900 kernel-final-val: 9894
chain 34: kernel-best-val: 9906 kernel-final-val: 9904
chain 35: kernel-best-val: 9902 kernel-final-val: 9900
chain 36: kernel-best-val: 9906 kernel-final-val: 9900
chain 37: kernel-best-val: 9902 kernel-final-val: 9902
chain 38: kernel-best-val: 9902 kernel-final-val: 9896
chain 39: kernel-best-val: 9906 kernel-final-val: 9906
chain 40: kernel-best-val: 9904 kernel-final-val: 9898
chain 41: kernel-best-val: 9908 kernel-final-val: 9908
chain 42: kernel-best-val: 9896 kernel-final-val: 9896
chain 43: kernel-best-val: 9908 kernel-final-val: 9908
chain 44: kernel-best-val: 9904 kernel-final-val: 9902
chain 45: kernel-best-val: 9906 kernel-final-val: 9906
chain 46: kernel-best-val: 9906 kernel-final-val: 9896
chain 47: kernel-best-val: 9904 kernel-final-val: 9900
chain 48: kernel-best-val: 9904 kernel-final-val: 9904
chain 49: kernel-best-val: 9906 kernel-final-val: 9906
chain 50: kernel-best-val: 9902 kernel-final-val: 9902
chain 51: kernel-best-val: 9904 kernel-final-val: 9904
chain 52: kernel-best-val: 9896 kernel-final-val: 9892
chain 53: kernel-best-val: 9902 kernel-final-val: 9900
chain 54: kernel-best-val: 9904 kernel-final-val: 9904
chain 55: kernel-best-val: 9902 kernel-final-val: 9898
chain 56: kernel-best-val: 9910 kernel-final-val: 9902
chain 57: kernel-best-val: 9904 kernel-final-val: 9896
chain 58: kernel-best-val: 9902 kernel-final-val: 9898
chain 59: kernel-best-val: 9906 kernel-final-val: 9902
chain 60: kernel-best-val: 9908 kernel-final-val: 9908
chain 61: kernel-best-val: 9900 kernel-final-val: 9900
chain 62: kernel-best-val: 9902 kernel-final-val: 9902
chain 63: kernel-best-val: 9906 kernel-final-val: 9902
chain 64: kernel-best-val: 9902 kernel-final-val: 9898
chain 65: kernel-best-val: 9902 kernel-final-val: 9896
chain 66: kernel-best-val: 9902 kernel-final-val: 9898
chain 67: kernel-best-val: 9906 kernel-final-val: 9904
chain 68: kernel-best-val: 9900 kernel-final-val: 9898
chain 69: kernel-best-val: 9904 kernel-final-val: 9896
chain 70: kernel-best-val: 9912 kernel-final-val: 9906
chain 71: kernel-best-val: 9900 kernel-final-val: 9896
chain 72: kernel-best-val: 9908 kernel-final-val: 9896
chain 73: kernel-best-val: 9908 kernel-final-val: 9908
chain 74: kernel-best-val: 9908 kernel-final-val: 9908
chain 75: kernel-best-val: 9898 kernel-final-val: 9894
chain 76: kernel-best-val: 9896 kernel-final-val: 9894
chain 77: kernel-best-val: 9904 kernel-final-val: 9900
chain 78: kernel-best-val: 9898 kernel-final-val: 9898
chain 79: kernel-best-val: 9902 kernel-final-val: 9902
