Loaded: n=20000 m=40000 weight-scale=1 max-weighted-degree=4
Resolved seeds: 2699837518,2807639761,3504107421,3081089998,3569086157,747538358,1547412605,7789182,1624131647,4207440454,4282526993,3883923353,194066188,3651979552,159432646,3433451722,396952063,767749462,166898134,2105613309,2423811883,2138857642,918782184,3350394381,3423854110,299987571,808384987,2813805520,2960380806,1292517607,135625674,2043273612,656549562,2650379743,134833056,549673192,450503941,1213339237,3843606688,447257422,1464335202,1869221653,616667824,3763756964,3465729685,1255785456,4094507907,903040017,1973900846,1656710288,77208962,1928000009,3369254491,927085699,2294965718,3300583751,3291556338,2194867071,3684009837,3860049617,1564345743,1596540196,1597892835,1497880620,3487910685,3060417889,1834947009,3523256266,887535944,1877526209,3930392293,1201288921,2939747344,1593934051,1003815588,2361206961,3156422253,280480642,858207742,193437804
Chains: 80 distinct-t0: 8 corr=walk s-width=32 B=4 total-sweeps-per-chain=800000000 score-path=int32-packed
tpb: 896
note: tpb 896 exceeds this kernel variant's launchable max of 512 threads (register-limited); clamped to 512.
excluded-from-time-sec: alloc+H2D 29.390 ms (17.50 MB, incl. 8 beta table(s), 1131394 run(s), 13.58 MB) | D2H 6.807 ms | timed kernel 12016100.000 ms
chain 0: kernel-best-val: 14014 kernel-final-val: 14014
chain 1: kernel-best-val: 13988 kernel-final-val: 13988
chain 2: kernel-best-val: 14000 kernel-final-val: 13998
chain 3: kernel-best-val: 14020 kernel-final-val: 14018
chain 4: kernel-best-val: 14010 kernel-final-val: 14006
chain 5: kernel-best-val: 14018 kernel-final-val: 14016
chain 6: kernel-best-val: 14028 kernel-final-val: 14028
chain 7: kernel-best-val: 14018 kernel-final-val: 14016
chain 8: kernel-best-val: 14020 kernel-final-val: 14020
chain 9: kernel-best-val: 14018 kernel-final-val: 14018
chain 10: kernel-best-val: 14006 kernel-final-val: 14004
chain 11: kernel-best-val: 14014 kernel-final-val: 14012
chain 12: kernel-best-val: 14022 kernel-final-val: 14020
chain 13: kernel-best-val: 14006 kernel-final-val: 14004
chain 14: kernel-best-val: 14016 kernel-final-val: 14016
chain 15: kernel-best-val: 14012 kernel-final-val: 14010
chain 16: kernel-best-val: 14006 kernel-final-val: 14006
chain 17: kernel-best-val: 14014 kernel-final-val: 14010
chain 18: kernel-best-val: 14014 kernel-final-val: 14012
chain 19: kernel-best-val: 14004 kernel-final-val: 14004
chain 20: kernel-best-val: 14006 kernel-final-val: 14004
chain 21: kernel-best-val: 14018 kernel-final-val: 14018
chain 22: kernel-best-val: 14008 kernel-final-val: 14004
chain 23: kernel-best-val: 14012 kernel-final-val: 14012
chain 24: kernel-best-val: 14008 kernel-final-val: 14006
chain 25: kernel-best-val: 14018 kernel-final-val: 14016
chain 26: kernel-best-val: 14012 kernel-final-val: 14006
chain 27: kernel-best-val: 14006 kernel-final-val: 14002
chain 28: kernel-best-val: 14016 kernel-final-val: 14014
chain 29: kernel-best-val: 14016 kernel-final-val: 14012
chain 30: kernel-best-val: 14014 kernel-final-val: 14012
chain 31: kernel-best-val: 14020 kernel-final-val: 14018
chain 32: kernel-best-val: 14008 kernel-final-val: 14008
chain 33: kernel-best-val: 14012 kernel-final-val: 14012
chain 34: kernel-best-val: 14024 kernel-final-val: 14022
chain 35: kernel-best-val: 14024 kernel-final-val: 14022
chain 36: kernel-best-val: 14012 kernel-final-val: 14010
chain 37: kernel-best-val: 14018 kernel-final-val: 14018
chain 38: kernel-best-val: 14010 kernel-final-val: 14010
chain 39: kernel-best-val: 14008 kernel-final-val: 14006
chain 40: kernel-best-val: 14018 kernel-final-val: 14016
chain 41: kernel-best-val: 14000 kernel-final-val: 14000
chain 42: kernel-best-val: 14008 kernel-final-val: 14008
chain 43: kernel-best-val: 14004 kernel-final-val: 14002
chain 44: kernel-best-val: 14022 kernel-final-val: 14020
chain 45: kernel-best-val: 14018 kernel-final-val: 14018
chain 46: kernel-best-val: 14022 kernel-final-val: 14016
chain 47: kernel-best-val: 14006 kernel-final-val: 14004
chain 48: kernel-best-val: 14014 kernel-final-val: 14012
chain 49: kernel-best-val: 14006 kernel-final-val: 14006
chain 50: kernel-best-val: 14018 kernel-final-val: 14014
chain 51: kernel-best-val: 14008 kernel-final-val: 14008
chain 52: kernel-best-val: 14012 kernel-final-val: 14010
chain 53: kernel-best-val: 14012 kernel-final-val: 14010
chain 54: kernel-best-val: 14006 kernel-final-val: 14004
chain 55: kernel-best-val: 14006 kernel-final-val: 14004
chain 56: kernel-best-val: 14020 kernel-final-val: 14018
chain 57: kernel-best-val: 14010 kernel-final-val: 14008
chain 58: kernel-best-val: 14014 kernel-final-val: 14014
chain 59: kernel-best-val: 14000 kernel-final-val: 14000
chain 60: kernel-best-val: 13996 kernel-final-val: 13994
chain 61: kernel-best-val: 14012 kernel-final-val: 14008
chain 62: kernel-best-val: 14010 kernel-final-val: 14008
chain 63: kernel-best-val: 14014 kernel-final-val: 14008
chain 64: kernel-best-val: 14012 kernel-final-val: 14012
chain 65: kernel-best-val: 14014 kernel-final-val: 14014
chain 66: kernel-best-val: 14014 kernel-final-val: 14010
chain 67: kernel-best-val: 14010 kernel-final-val: 14010
chain 68: kernel-best-val: 14022 kernel-final-val: 14022
chain 69: kernel-best-val: 13992 kernel-final-val: 13990
chain 70: kernel-best-val: 14008 kernel-final-val: 14008
chain 71: kernel-best-val: 14006 kernel-final-val: 14006
chain 72: kernel-best-val: 14022 kernel-final-val: 14020
chain 73: kernel-best-val: 14000 kernel-final-val: 14000
chain 74: kernel-best-val: 13998 kernel-final-val: 13998
chain 75: kernel-best-val: 14014 kernel-final-val: 14014
chain 76: kernel-best-val: 14012 kernel-final-val: 14012
chain 77: kernel-best-val: 14016 kernel-final-val: 14014
chain 78: kernel-best-val: 14014 kernel-final-val: 14014
chain 79: kernel-best-val: 14010 kernel-final-val: 14010
