Loaded: n=7000 m=17148 weight-scale=1 max-weighted-degree=14
Resolved seeds: 2955857184,4067929219,3800343328,1177576326,266310705,2004796989,651367994,3969113140,1968007092,2367696767,3063801187,1118836204,3676436100,1773424550,3607313878,2483858637,1808414729,429782576,3803588015,1291855860,3739809124,4092624422,1377394423,2249038524,1291558060,3021170666,3539706250,1118771284,1720427436,480662609,2075688430,3866105703,2336691674,1030789827,2510798899,3774874802,1500517821,3860711419,3860235090,3956578611,696440392,2822460278,865119121,1408722753,2010091505,563494292,2855849177,3845957638,4276755036,1026097029,4067947382,2545283020,1004358540,192452324,2517931043,1244996687,1679745320,2378480326,3127693551,2099635742,3800450352,3789845261,2611532313,2598628649,965938129,2367219523,3240074474,1102828075,1704224439,2512772808,1303014649,539967586,1287225204,4148091277,1239538154,2023350621,2856486787,1373933415,1260709096,2617933595
Chains: 80 distinct-t0: 8 corr=walk s-width=32 B=14 total-sweeps-per-chain=80000000 score-path=int32-packed
tpb: 896
note: tpb 896 exceeds this kernel variant's launchable max of 512 threads (register-limited); clamped to 512.
excluded-from-time-sec: alloc+H2D 23.027 ms (12.36 MB, incl. 8 beta table(s), 911508 run(s), 10.94 MB) | D2H 2.560 ms | timed kernel 864628.312 ms
chain 0: kernel-best-val: 14184 kernel-final-val: 14183
chain 1: kernel-best-val: 14183 kernel-final-val: 14183
chain 2: kernel-best-val: 14173 kernel-final-val: 14173
chain 3: kernel-best-val: 14179 kernel-final-val: 14179
chain 4: kernel-best-val: 14179 kernel-final-val: 14179
chain 5: kernel-best-val: 14180 kernel-final-val: 14180
chain 6: kernel-best-val: 14179 kernel-final-val: 14179
chain 7: kernel-best-val: 14182 kernel-final-val: 14181
chain 8: kernel-best-val: 14171 kernel-final-val: 14169
chain 9: kernel-best-val: 14180 kernel-final-val: 14179
chain 10: kernel-best-val: 14172 kernel-final-val: 14172
chain 11: kernel-best-val: 14178 kernel-final-val: 14177
chain 12: kernel-best-val: 14164 kernel-final-val: 14164
chain 13: kernel-best-val: 14178 kernel-final-val: 14178
chain 14: kernel-best-val: 14185 kernel-final-val: 14184
chain 15: kernel-best-val: 14185 kernel-final-val: 14184
chain 16: kernel-best-val: 14179 kernel-final-val: 14178
chain 17: kernel-best-val: 14175 kernel-final-val: 14175
chain 18: kernel-best-val: 14179 kernel-final-val: 14179
chain 19: kernel-best-val: 14182 kernel-final-val: 14181
chain 20: kernel-best-val: 14181 kernel-final-val: 14181
chain 21: kernel-best-val: 14178 kernel-final-val: 14178
chain 22: kernel-best-val: 14183 kernel-final-val: 14183
chain 23: kernel-best-val: 14180 kernel-final-val: 14180
chain 24: kernel-best-val: 14179 kernel-final-val: 14179
chain 25: kernel-best-val: 14176 kernel-final-val: 14175
chain 26: kernel-best-val: 14180 kernel-final-val: 14180
chain 27: kernel-best-val: 14169 kernel-final-val: 14169
chain 28: kernel-best-val: 14178 kernel-final-val: 14177
chain 29: kernel-best-val: 14180 kernel-final-val: 14180
chain 30: kernel-best-val: 14179 kernel-final-val: 14179
chain 31: kernel-best-val: 14182 kernel-final-val: 14182
chain 32: kernel-best-val: 14185 kernel-final-val: 14185
chain 33: kernel-best-val: 14179 kernel-final-val: 14178
chain 34: kernel-best-val: 14177 kernel-final-val: 14177
chain 35: kernel-best-val: 14178 kernel-final-val: 14178
chain 36: kernel-best-val: 14180 kernel-final-val: 14180
chain 37: kernel-best-val: 14180 kernel-final-val: 14180
chain 38: kernel-best-val: 14181 kernel-final-val: 14181
chain 39: kernel-best-val: 14176 kernel-final-val: 14176
chain 40: kernel-best-val: 14184 kernel-final-val: 14184
chain 41: kernel-best-val: 14172 kernel-final-val: 14172
chain 42: kernel-best-val: 14180 kernel-final-val: 14179
chain 43: kernel-best-val: 14179 kernel-final-val: 14179
chain 44: kernel-best-val: 14181 kernel-final-val: 14180
chain 45: kernel-best-val: 14180 kernel-final-val: 14180
chain 46: kernel-best-val: 14180 kernel-final-val: 14180
chain 47: kernel-best-val: 14185 kernel-final-val: 14185
chain 48: kernel-best-val: 14181 kernel-final-val: 14181
chain 49: kernel-best-val: 14183 kernel-final-val: 14183
chain 50: kernel-best-val: 14187 kernel-final-val: 14187
chain 51: kernel-best-val: 14181 kernel-final-val: 14181
chain 52: kernel-best-val: 14180 kernel-final-val: 14180
chain 53: kernel-best-val: 14178 kernel-final-val: 14178
chain 54: kernel-best-val: 14173 kernel-final-val: 14173
chain 55: kernel-best-val: 14181 kernel-final-val: 14181
chain 56: kernel-best-val: 14181 kernel-final-val: 14181
chain 57: kernel-best-val: 14177 kernel-final-val: 14177
chain 58: kernel-best-val: 14170 kernel-final-val: 14170
chain 59: kernel-best-val: 14172 kernel-final-val: 14172
chain 60: kernel-best-val: 14176 kernel-final-val: 14175
chain 61: kernel-best-val: 14182 kernel-final-val: 14182
chain 62: kernel-best-val: 14181 kernel-final-val: 14180
chain 63: kernel-best-val: 14170 kernel-final-val: 14170
chain 64: kernel-best-val: 14183 kernel-final-val: 14182
chain 65: kernel-best-val: 14183 kernel-final-val: 14183
chain 66: kernel-best-val: 14179 kernel-final-val: 14179
chain 67: kernel-best-val: 14179 kernel-final-val: 14178
chain 68: kernel-best-val: 14185 kernel-final-val: 14185
chain 69: kernel-best-val: 14179 kernel-final-val: 14179
chain 70: kernel-best-val: 14183 kernel-final-val: 14183
chain 71: kernel-best-val: 14171 kernel-final-val: 14170
chain 72: kernel-best-val: 14183 kernel-final-val: 14183
chain 73: kernel-best-val: 14179 kernel-final-val: 14179
chain 74: kernel-best-val: 14166 kernel-final-val: 14166
chain 75: kernel-best-val: 14180 kernel-final-val: 14179
chain 76: kernel-best-val: 14181 kernel-final-val: 14181
chain 77: kernel-best-val: 14176 kernel-final-val: 14176
chain 78: kernel-best-val: 14171 kernel-final-val: 14170
chain 79: kernel-best-val: 14177 kernel-final-val: 14177
