Loaded: n=7000 m=17148 weight-scale=1 max-weighted-degree=14
Resolved seeds: 775074483,1615163414,774252761,3251725792,270857860,1545885665,1650752807,3039425874,961914486,2626177567,896528683,1989273361,696666520,2011486068,2861691820,837663360,131520928,2198777408,3984749128,2095190004,610445608,175132223,889128732,1817669388,2583353332,4074790019,4042764643,2657475740,4038181597,2267242225,2088808644,40396813,1703837457,2842063508,2393096168,4241316012,3188338128,3545189414,1681047861,3519380667,85925456,2376941262,1028707535,2619996206,1672992321,2201168251,2211656041,1319653923,843285992,540324543,1513414624,329005411,3510859546,3966896443,1536954365,2809076137,1475902191,365249627,2716367573,4121565439,2922101925,1143427317,1011789752,263145220,4230977317,928529667,4154630685,2397105869,2107155121,1430164909,1563105560,2122730202,3753915270,4112463357,240392420,3025372455,3581115689,2007294155,4004916489,626291686
Chains: 80 distinct-t0: 8 corr=walk s-width=32 B=14 total-sweeps-per-chain=80000000 score-path=int32-packed
tpb: 896
note: tpb 896 exceeds this kernel variant's launchable max of 512 threads (register-limited); clamped to 512.
excluded-from-time-sec: alloc+H2D 21.327 ms (12.36 MB, incl. 8 beta table(s), 911508 run(s), 10.94 MB) | D2H 2.366 ms | timed kernel 864997.562 ms
chain 0: kernel-best-val: 5789 kernel-final-val: 5789
chain 1: kernel-best-val: 5787 kernel-final-val: 5787
chain 2: kernel-best-val: 5786 kernel-final-val: 5786
chain 3: kernel-best-val: 5787 kernel-final-val: 5787
chain 4: kernel-best-val: 5786 kernel-final-val: 5786
chain 5: kernel-best-val: 5774 kernel-final-val: 5774
chain 6: kernel-best-val: 5790 kernel-final-val: 5790
chain 7: kernel-best-val: 5789 kernel-final-val: 5788
chain 8: kernel-best-val: 5789 kernel-final-val: 5789
chain 9: kernel-best-val: 5783 kernel-final-val: 5783
chain 10: kernel-best-val: 5790 kernel-final-val: 5790
chain 11: kernel-best-val: 5784 kernel-final-val: 5784
chain 12: kernel-best-val: 5776 kernel-final-val: 5776
chain 13: kernel-best-val: 5789 kernel-final-val: 5789
chain 14: kernel-best-val: 5787 kernel-final-val: 5787
chain 15: kernel-best-val: 5786 kernel-final-val: 5785
chain 16: kernel-best-val: 5788 kernel-final-val: 5788
chain 17: kernel-best-val: 5784 kernel-final-val: 5784
chain 18: kernel-best-val: 5787 kernel-final-val: 5787
chain 19: kernel-best-val: 5790 kernel-final-val: 5790
chain 20: kernel-best-val: 5790 kernel-final-val: 5788
chain 21: kernel-best-val: 5787 kernel-final-val: 5785
chain 22: kernel-best-val: 5783 kernel-final-val: 5783
chain 23: kernel-best-val: 5798 kernel-final-val: 5798
chain 24: kernel-best-val: 5789 kernel-final-val: 5789
chain 25: kernel-best-val: 5783 kernel-final-val: 5783
chain 26: kernel-best-val: 5783 kernel-final-val: 5783
chain 27: kernel-best-val: 5790 kernel-final-val: 5790
chain 28: kernel-best-val: 5785 kernel-final-val: 5785
chain 29: kernel-best-val: 5787 kernel-final-val: 5786
chain 30: kernel-best-val: 5784 kernel-final-val: 5784
chain 31: kernel-best-val: 5786 kernel-final-val: 5786
chain 32: kernel-best-val: 5789 kernel-final-val: 5789
chain 33: kernel-best-val: 5785 kernel-final-val: 5785
chain 34: kernel-best-val: 5790 kernel-final-val: 5790
chain 35: kernel-best-val: 5783 kernel-final-val: 5783
chain 36: kernel-best-val: 5784 kernel-final-val: 5784
chain 37: kernel-best-val: 5787 kernel-final-val: 5787
chain 38: kernel-best-val: 5773 kernel-final-val: 5773
chain 39: kernel-best-val: 5787 kernel-final-val: 5787
chain 40: kernel-best-val: 5788 kernel-final-val: 5788
chain 41: kernel-best-val: 5790 kernel-final-val: 5790
chain 42: kernel-best-val: 5789 kernel-final-val: 5788
chain 43: kernel-best-val: 5790 kernel-final-val: 5790
chain 44: kernel-best-val: 5789 kernel-final-val: 5788
chain 45: kernel-best-val: 5785 kernel-final-val: 5785
chain 46: kernel-best-val: 5783 kernel-final-val: 5783
chain 47: kernel-best-val: 5786 kernel-final-val: 5784
chain 48: kernel-best-val: 5783 kernel-final-val: 5783
chain 49: kernel-best-val: 5790 kernel-final-val: 5790
chain 50: kernel-best-val: 5792 kernel-final-val: 5792
chain 51: kernel-best-val: 5785 kernel-final-val: 5785
chain 52: kernel-best-val: 5773 kernel-final-val: 5773
chain 53: kernel-best-val: 5792 kernel-final-val: 5792
chain 54: kernel-best-val: 5789 kernel-final-val: 5789
chain 55: kernel-best-val: 5790 kernel-final-val: 5790
chain 56: kernel-best-val: 5788 kernel-final-val: 5788
chain 57: kernel-best-val: 5789 kernel-final-val: 5789
chain 58: kernel-best-val: 5788 kernel-final-val: 5788
chain 59: kernel-best-val: 5789 kernel-final-val: 5789
chain 60: kernel-best-val: 5790 kernel-final-val: 5790
chain 61: kernel-best-val: 5786 kernel-final-val: 5785
chain 62: kernel-best-val: 5788 kernel-final-val: 5788
chain 63: kernel-best-val: 5786 kernel-final-val: 5786
chain 64: kernel-best-val: 5784 kernel-final-val: 5784
chain 65: kernel-best-val: 5786 kernel-final-val: 5786
chain 66: kernel-best-val: 5790 kernel-final-val: 5790
chain 67: kernel-best-val: 5790 kernel-final-val: 5790
chain 68: kernel-best-val: 5782 kernel-final-val: 5781
chain 69: kernel-best-val: 5784 kernel-final-val: 5784
chain 70: kernel-best-val: 5784 kernel-final-val: 5783
chain 71: kernel-best-val: 5788 kernel-final-val: 5787
chain 72: kernel-best-val: 5790 kernel-final-val: 5790
chain 73: kernel-best-val: 5786 kernel-final-val: 5786
chain 74: kernel-best-val: 5789 kernel-final-val: 5789
chain 75: kernel-best-val: 5783 kernel-final-val: 5783
chain 76: kernel-best-val: 5790 kernel-final-val: 5790
chain 77: kernel-best-val: 5790 kernel-final-val: 5790
chain 78: kernel-best-val: 5785 kernel-final-val: 5785
chain 79: kernel-best-val: 5789 kernel-final-val: 5789
