Loaded: n=7000 m=14000 weight-scale=1 max-weighted-degree=4
Resolved seeds: 4247410429,1771247888,3063994111,3783110094,2213746567,3014042298,3057634017,3743161535,1104100886,4157145997,2830613263,291979968,430221272,1012997304,709418927,2626954773,2243607179,252504431,226699330,2884619065,1749580153,4090889082,3751679112,2009298712,3014468948,1976847221,3847987209,3254991907,3139578550,2595081519,1432542095,3576906100,2241084891,617183583,563827129,3491026245,1487925083,2385834670,1653306424,415629748,1936746290,2603136145,1632537191,1853654644,1578747385,2552114601,1122507283,882705834,755480659,2617826837,187317722,1452552104,3027576563,1733131345,1293983827,3453588666,4160580558,2546019408,104020666,489012272,1292510751,2320980040,344037142,230227668,1543601141,4261871752,3671654493,3958989221,1163173368,2442642497,3505268651,3002357081,3506286328,2876904588,2917452733,4214873098,4091234598,532986569,1953185080,4011226333
Chains: 80 distinct-t0: 8 corr=walk s-width=32 B=4 total-sweeps-per-chain=80000000 score-path=int32-packed
tpb: 896
note: tpb 896 exceeds this kernel variant's launchable max of 512 threads (register-limited); clamped to 512.
excluded-from-time-sec: alloc+H2D 13.232 ms (12.31 MB, incl. 8 beta table(s), 911508 run(s), 10.94 MB) | D2H 2.479 ms | timed kernel 791434.250 ms
chain 0: kernel-best-val: 4850 kernel-final-val: 4844
chain 1: kernel-best-val: 4848 kernel-final-val: 4846
chain 2: kernel-best-val: 4850 kernel-final-val: 4850
chain 3: kernel-best-val: 4842 kernel-final-val: 4840
chain 4: kernel-best-val: 4846 kernel-final-val: 4844
chain 5: kernel-best-val: 4850 kernel-final-val: 4846
chain 6: kernel-best-val: 4846 kernel-final-val: 4844
chain 7: kernel-best-val: 4850 kernel-final-val: 4850
chain 8: kernel-best-val: 4856 kernel-final-val: 4854
chain 9: kernel-best-val: 4852 kernel-final-val: 4848
chain 10: kernel-best-val: 4842 kernel-final-val: 4840
chain 11: kernel-best-val: 4846 kernel-final-val: 4844
chain 12: kernel-best-val: 4856 kernel-final-val: 4856
chain 13: kernel-best-val: 4846 kernel-final-val: 4844
chain 14: kernel-best-val: 4846 kernel-final-val: 4846
chain 15: kernel-best-val: 4848 kernel-final-val: 4848
chain 16: kernel-best-val: 4854 kernel-final-val: 4852
chain 17: kernel-best-val: 4852 kernel-final-val: 4852
chain 18: kernel-best-val: 4848 kernel-final-val: 4846
chain 19: kernel-best-val: 4842 kernel-final-val: 4838
chain 20: kernel-best-val: 4850 kernel-final-val: 4850
chain 21: kernel-best-val: 4852 kernel-final-val: 4848
chain 22: kernel-best-val: 4858 kernel-final-val: 4856
chain 23: kernel-best-val: 4854 kernel-final-val: 4848
chain 24: kernel-best-val: 4856 kernel-final-val: 4856
chain 25: kernel-best-val: 4854 kernel-final-val: 4848
chain 26: kernel-best-val: 4846 kernel-final-val: 4846
chain 27: kernel-best-val: 4854 kernel-final-val: 4852
chain 28: kernel-best-val: 4850 kernel-final-val: 4848
chain 29: kernel-best-val: 4846 kernel-final-val: 4842
chain 30: kernel-best-val: 4860 kernel-final-val: 4860
chain 31: kernel-best-val: 4850 kernel-final-val: 4846
chain 32: kernel-best-val: 4854 kernel-final-val: 4854
chain 33: kernel-best-val: 4852 kernel-final-val: 4850
chain 34: kernel-best-val: 4852 kernel-final-val: 4850
chain 35: kernel-best-val: 4854 kernel-final-val: 4852
chain 36: kernel-best-val: 4848 kernel-final-val: 4848
chain 37: kernel-best-val: 4848 kernel-final-val: 4844
chain 38: kernel-best-val: 4838 kernel-final-val: 4832
chain 39: kernel-best-val: 4852 kernel-final-val: 4848
chain 40: kernel-best-val: 4850 kernel-final-val: 4850
chain 41: kernel-best-val: 4852 kernel-final-val: 4852
chain 42: kernel-best-val: 4844 kernel-final-val: 4840
chain 43: kernel-best-val: 4854 kernel-final-val: 4852
chain 44: kernel-best-val: 4846 kernel-final-val: 4846
chain 45: kernel-best-val: 4844 kernel-final-val: 4842
chain 46: kernel-best-val: 4852 kernel-final-val: 4852
chain 47: kernel-best-val: 4850 kernel-final-val: 4850
chain 48: kernel-best-val: 4860 kernel-final-val: 4858
chain 49: kernel-best-val: 4854 kernel-final-val: 4854
chain 50: kernel-best-val: 4852 kernel-final-val: 4844
chain 51: kernel-best-val: 4850 kernel-final-val: 4850
chain 52: kernel-best-val: 4852 kernel-final-val: 4852
chain 53: kernel-best-val: 4846 kernel-final-val: 4842
chain 54: kernel-best-val: 4846 kernel-final-val: 4844
chain 55: kernel-best-val: 4852 kernel-final-val: 4852
chain 56: kernel-best-val: 4850 kernel-final-val: 4846
chain 57: kernel-best-val: 4854 kernel-final-val: 4854
chain 58: kernel-best-val: 4854 kernel-final-val: 4854
chain 59: kernel-best-val: 4852 kernel-final-val: 4852
chain 60: kernel-best-val: 4846 kernel-final-val: 4844
chain 61: kernel-best-val: 4848 kernel-final-val: 4848
chain 62: kernel-best-val: 4846 kernel-final-val: 4840
chain 63: kernel-best-val: 4856 kernel-final-val: 4856
chain 64: kernel-best-val: 4854 kernel-final-val: 4854
chain 65: kernel-best-val: 4850 kernel-final-val: 4850
chain 66: kernel-best-val: 4856 kernel-final-val: 4856
chain 67: kernel-best-val: 4848 kernel-final-val: 4846
chain 68: kernel-best-val: 4852 kernel-final-val: 4846
chain 69: kernel-best-val: 4846 kernel-final-val: 4844
chain 70: kernel-best-val: 4856 kernel-final-val: 4852
chain 71: kernel-best-val: 4854 kernel-final-val: 4854
chain 72: kernel-best-val: 4850 kernel-final-val: 4848
chain 73: kernel-best-val: 4858 kernel-final-val: 4856
chain 74: kernel-best-val: 4856 kernel-final-val: 4846
chain 75: kernel-best-val: 4850 kernel-final-val: 4844
chain 76: kernel-best-val: 4846 kernel-final-val: 4844
chain 77: kernel-best-val: 4854 kernel-final-val: 4848
chain 78: kernel-best-val: 4846 kernel-final-val: 4846
chain 79: kernel-best-val: 4856 kernel-final-val: 4854
