Loaded: n=7000 m=41459 weight-scale=1 max-weighted-degree=589
Resolved seeds: 1723141447,2069704063,3048907954,1598788350,470746193,1873746379,1461387451,1887060403,4088214502,2537219438,4215807977,3745155588,1161209093,2430284138,129580413,3375145509,197140140,2009355269,2913067469,3043914064,3663926146,1560274852,3256390949,2611951970,2717290765,2797657913,3520905920,4234734813,2686745349,2245789163,2300548875,2682229350,2419529145,450390344,466989324,7071703,3693735435,2557670719,1887581474,3544164732,1370596888,3844286947,3547735856,3746787800,1418836660,3882148700,1290999240,407123865,2253507417,3995865002,2903034678,251864039,3622618509,20391326,2690254188,1011071042,2483063990,964545637,2074130208,383494418,2403645155,3816350182,1815631959,2212704951,3705287790,4101955599,1540879073,2492478039,7653525,3340333956,352851028,513048035,1027046194,2872538817,298285475,238420453,933577648,2521638486,3270491088,1257131886
Chains: 80 distinct-t0: 8 corr=warpwalk s-width=32 B=589 total-sweeps-per-chain=80000000 score-path=int32-packed
tpb: 1024
note: tpb 1024 exceeds this kernel variant's launchable max of 512 threads (register-limited); clamped to 512.
excluded-from-time-sec: alloc+H2D 32.524 ms (12.75 MB, incl. 8 beta table(s), 911508 run(s), 10.94 MB) | D2H 2.572 ms | timed kernel 902853.125 ms
chain 0: kernel-best-val: 27000 kernel-final-val: 27000
chain 1: kernel-best-val: 27020 kernel-final-val: 27019
chain 2: kernel-best-val: 27017 kernel-final-val: 27017
chain 3: kernel-best-val: 27012 kernel-final-val: 27012
chain 4: kernel-best-val: 27002 kernel-final-val: 27002
chain 5: kernel-best-val: 27006 kernel-final-val: 27006
chain 6: kernel-best-val: 27012 kernel-final-val: 27012
chain 7: kernel-best-val: 27025 kernel-final-val: 27025
chain 8: kernel-best-val: 27004 kernel-final-val: 27001
chain 9: kernel-best-val: 27008 kernel-final-val: 27006
chain 10: kernel-best-val: 27009 kernel-final-val: 27008
chain 11: kernel-best-val: 27014 kernel-final-val: 27014
chain 12: kernel-best-val: 27019 kernel-final-val: 27019
chain 13: kernel-best-val: 27016 kernel-final-val: 27016
chain 14: kernel-best-val: 27017 kernel-final-val: 27017
chain 15: kernel-best-val: 27015 kernel-final-val: 27011
chain 16: kernel-best-val: 27005 kernel-final-val: 27005
chain 17: kernel-best-val: 27020 kernel-final-val: 27020
chain 18: kernel-best-val: 27021 kernel-final-val: 27021
chain 19: kernel-best-val: 27019 kernel-final-val: 27019
chain 20: kernel-best-val: 27018 kernel-final-val: 27018
chain 21: kernel-best-val: 27013 kernel-final-val: 27013
chain 22: kernel-best-val: 27011 kernel-final-val: 27010
chain 23: kernel-best-val: 27018 kernel-final-val: 27017
chain 24: kernel-best-val: 27016 kernel-final-val: 27016
chain 25: kernel-best-val: 26998 kernel-final-val: 26997
chain 26: kernel-best-val: 27016 kernel-final-val: 27016
chain 27: kernel-best-val: 27012 kernel-final-val: 27012
chain 28: kernel-best-val: 26993 kernel-final-val: 26993
chain 29: kernel-best-val: 27010 kernel-final-val: 27008
chain 30: kernel-best-val: 27012 kernel-final-val: 27012
chain 31: kernel-best-val: 27013 kernel-final-val: 27013
chain 32: kernel-best-val: 27004 kernel-final-val: 27004
chain 33: kernel-best-val: 27018 kernel-final-val: 27018
chain 34: kernel-best-val: 27016 kernel-final-val: 27015
chain 35: kernel-best-val: 27020 kernel-final-val: 27020
chain 36: kernel-best-val: 27027 kernel-final-val: 27027
chain 37: kernel-best-val: 27026 kernel-final-val: 27025
chain 38: kernel-best-val: 27004 kernel-final-val: 27004
chain 39: kernel-best-val: 27005 kernel-final-val: 27005
chain 40: kernel-best-val: 27000 kernel-final-val: 26999
chain 41: kernel-best-val: 27021 kernel-final-val: 27021
chain 42: kernel-best-val: 27014 kernel-final-val: 27013
chain 43: kernel-best-val: 27007 kernel-final-val: 27007
chain 44: kernel-best-val: 27006 kernel-final-val: 27005
chain 45: kernel-best-val: 27021 kernel-final-val: 27021
chain 46: kernel-best-val: 27019 kernel-final-val: 27018
chain 47: kernel-best-val: 27015 kernel-final-val: 27014
chain 48: kernel-best-val: 27026 kernel-final-val: 27026
chain 49: kernel-best-val: 27013 kernel-final-val: 27013
chain 50: kernel-best-val: 27011 kernel-final-val: 27009
chain 51: kernel-best-val: 27019 kernel-final-val: 27019
chain 52: kernel-best-val: 27017 kernel-final-val: 27017
chain 53: kernel-best-val: 27015 kernel-final-val: 27014
chain 54: kernel-best-val: 27007 kernel-final-val: 27007
chain 55: kernel-best-val: 27020 kernel-final-val: 27020
chain 56: kernel-best-val: 27010 kernel-final-val: 27010
chain 57: kernel-best-val: 27013 kernel-final-val: 27013
chain 58: kernel-best-val: 27007 kernel-final-val: 27007
chain 59: kernel-best-val: 27010 kernel-final-val: 27010
chain 60: kernel-best-val: 27020 kernel-final-val: 27018
chain 61: kernel-best-val: 27014 kernel-final-val: 27014
chain 62: kernel-best-val: 27011 kernel-final-val: 27011
chain 63: kernel-best-val: 27011 kernel-final-val: 27009
chain 64: kernel-best-val: 27011 kernel-final-val: 27010
chain 65: kernel-best-val: 27026 kernel-final-val: 27026
chain 66: kernel-best-val: 27032 kernel-final-val: 27031
chain 67: kernel-best-val: 27021 kernel-final-val: 27021
chain 68: kernel-best-val: 27007 kernel-final-val: 27007
chain 69: kernel-best-val: 27005 kernel-final-val: 27004
chain 70: kernel-best-val: 27010 kernel-final-val: 27010
chain 71: kernel-best-val: 27014 kernel-final-val: 27013
chain 72: kernel-best-val: 27026 kernel-final-val: 27026
chain 73: kernel-best-val: 27009 kernel-final-val: 27009
chain 74: kernel-best-val: 27019 kernel-final-val: 27018
chain 75: kernel-best-val: 27011 kernel-final-val: 27011
chain 76: kernel-best-val: 27004 kernel-final-val: 27004
chain 77: kernel-best-val: 27017 kernel-final-val: 27015
chain 78: kernel-best-val: 27019 kernel-final-val: 27018
chain 79: kernel-best-val: 27018 kernel-final-val: 27017
