Loaded: n=7000 m=41459 weight-scale=1 max-weighted-degree=589
Resolved seeds: 3235498118,2069252354,3024962271,4079797268,2911110372,1055929426,2377437963,3212732021,1726673285,2450231741,4072944977,2274857399,816492924,4256115815,2456915292,3003067342,3934408187,4191864756,561700017,1574609153,1291111719,1124068876,2644669436,343917078,428604547,1228164224,3226696249,1839729740,2534033666,637366131,3005417723,809695894,3968589087,1644596206,1364416778,4286551059,1305737639,1305129252,1036251298,2554001788,2591971511,1228935629,4206161322,442217621,1759765315,4250544519,2191189400,4037830753,2193368847,2349775873,1948789297,1924036159,3927916345,1396571106,910018216,752989519,2678324740,1406174257,288691063,4013634646,3981180204,1662796049,2631737007,2336370138,2698846114,4203941372,591112720,299395528,3898793204,2140557836,2534781792,2840968867,3132608724,4181795378,2997732050,3233442586,3916863342,1536323843,529350200,2978411443
Chains: 80 distinct-t0: 8 corr=warpwalk s-width=32 B=589 total-sweeps-per-chain=80000000 score-path=int32-packed
tpb: 1024
note: tpb 1024 exceeds this kernel variant's launchable max of 512 threads (register-limited); clamped to 512.
excluded-from-time-sec: alloc+H2D 31.111 ms (12.75 MB, incl. 8 beta table(s), 911508 run(s), 10.94 MB) | D2H 2.502 ms | timed kernel 900386.688 ms
chain 0: kernel-best-val: 8728 kernel-final-val: 8727
chain 1: kernel-best-val: 8724 kernel-final-val: 8724
chain 2: kernel-best-val: 8686 kernel-final-val: 8686
chain 3: kernel-best-val: 8711 kernel-final-val: 8710
chain 4: kernel-best-val: 8723 kernel-final-val: 8722
chain 5: kernel-best-val: 8706 kernel-final-val: 8706
chain 6: kernel-best-val: 8711 kernel-final-val: 8711
chain 7: kernel-best-val: 8717 kernel-final-val: 8717
chain 8: kernel-best-val: 8714 kernel-final-val: 8714
chain 9: kernel-best-val: 8690 kernel-final-val: 8690
chain 10: kernel-best-val: 8727 kernel-final-val: 8726
chain 11: kernel-best-val: 8716 kernel-final-val: 8716
chain 12: kernel-best-val: 8731 kernel-final-val: 8731
chain 13: kernel-best-val: 8692 kernel-final-val: 8692
chain 14: kernel-best-val: 8709 kernel-final-val: 8708
chain 15: kernel-best-val: 8723 kernel-final-val: 8721
chain 16: kernel-best-val: 8722 kernel-final-val: 8722
chain 17: kernel-best-val: 8706 kernel-final-val: 8705
chain 18: kernel-best-val: 8699 kernel-final-val: 8699
chain 19: kernel-best-val: 8719 kernel-final-val: 8718
chain 20: kernel-best-val: 8707 kernel-final-val: 8707
chain 21: kernel-best-val: 8689 kernel-final-val: 8689
chain 22: kernel-best-val: 8712 kernel-final-val: 8712
chain 23: kernel-best-val: 8729 kernel-final-val: 8729
chain 24: kernel-best-val: 8695 kernel-final-val: 8695
chain 25: kernel-best-val: 8713 kernel-final-val: 8713
chain 26: kernel-best-val: 8710 kernel-final-val: 8710
chain 27: kernel-best-val: 8710 kernel-final-val: 8709
chain 28: kernel-best-val: 8708 kernel-final-val: 8707
chain 29: kernel-best-val: 8727 kernel-final-val: 8726
chain 30: kernel-best-val: 8698 kernel-final-val: 8698
chain 31: kernel-best-val: 8714 kernel-final-val: 8713
chain 32: kernel-best-val: 8705 kernel-final-val: 8705
chain 33: kernel-best-val: 8722 kernel-final-val: 8722
chain 34: kernel-best-val: 8723 kernel-final-val: 8723
chain 35: kernel-best-val: 8690 kernel-final-val: 8689
chain 36: kernel-best-val: 8727 kernel-final-val: 8727
chain 37: kernel-best-val: 8712 kernel-final-val: 8712
chain 38: kernel-best-val: 8694 kernel-final-val: 8694
chain 39: kernel-best-val: 8702 kernel-final-val: 8702
chain 40: kernel-best-val: 8719 kernel-final-val: 8719
chain 41: kernel-best-val: 8742 kernel-final-val: 8742
chain 42: kernel-best-val: 8723 kernel-final-val: 8723
chain 43: kernel-best-val: 8723 kernel-final-val: 8723
chain 44: kernel-best-val: 8711 kernel-final-val: 8711
chain 45: kernel-best-val: 8710 kernel-final-val: 8710
chain 46: kernel-best-val: 8716 kernel-final-val: 8716
chain 47: kernel-best-val: 8711 kernel-final-val: 8711
chain 48: kernel-best-val: 8720 kernel-final-val: 8720
chain 49: kernel-best-val: 8710 kernel-final-val: 8709
chain 50: kernel-best-val: 8711 kernel-final-val: 8710
chain 51: kernel-best-val: 8719 kernel-final-val: 8719
chain 52: kernel-best-val: 8732 kernel-final-val: 8732
chain 53: kernel-best-val: 8740 kernel-final-val: 8739
chain 54: kernel-best-val: 8720 kernel-final-val: 8719
chain 55: kernel-best-val: 8730 kernel-final-val: 8730
chain 56: kernel-best-val: 8690 kernel-final-val: 8690
chain 57: kernel-best-val: 8719 kernel-final-val: 8719
chain 58: kernel-best-val: 8729 kernel-final-val: 8729
chain 59: kernel-best-val: 8699 kernel-final-val: 8698
chain 60: kernel-best-val: 8717 kernel-final-val: 8716
chain 61: kernel-best-val: 8730 kernel-final-val: 8729
chain 62: kernel-best-val: 8739 kernel-final-val: 8739
chain 63: kernel-best-val: 8712 kernel-final-val: 8712
chain 64: kernel-best-val: 8689 kernel-final-val: 8688
chain 65: kernel-best-val: 8698 kernel-final-val: 8697
chain 66: kernel-best-val: 8719 kernel-final-val: 8719
chain 67: kernel-best-val: 8693 kernel-final-val: 8693
chain 68: kernel-best-val: 8712 kernel-final-val: 8712
chain 69: kernel-best-val: 8715 kernel-final-val: 8714
chain 70: kernel-best-val: 8708 kernel-final-val: 8705
chain 71: kernel-best-val: 8723 kernel-final-val: 8723
chain 72: kernel-best-val: 8719 kernel-final-val: 8719
chain 73: kernel-best-val: 8711 kernel-final-val: 8711
chain 74: kernel-best-val: 8703 kernel-final-val: 8703
chain 75: kernel-best-val: 8719 kernel-final-val: 8719
chain 76: kernel-best-val: 8703 kernel-final-val: 8702
chain 77: kernel-best-val: 8716 kernel-final-val: 8715
chain 78: kernel-best-val: 8734 kernel-final-val: 8734
chain 79: kernel-best-val: 8714 kernel-final-val: 8714
