Loaded: n=8000 m=16000 weight-scale=1 max-weighted-degree=4
Resolved seeds: 265005633,3702983054,2765442718,3956462474,4075663862,3719100520,3299972561,3735226,3843798135,3113932561,1514617096,1851919257,1852045297,2119460027,3332818321,2171261499,2085551188,2160216776,750011386,3643290498,390766884,1638638208,2820868928,1188252770,1580579510,3821947239,1657265882,3310418675,4147378593,924161636,3592957456,2261193952,2244145801,3901594885,47031804,2617098597,3621083084,4169178238,1618150559,1107488250,1943731349,584333259,3164544588,604648006,3884037736,2413743179,2701072602,403015200,921551990,3900699494,5393643,595086351,2854475310,2877881494,3673965160,3836113672,2746251303,3395439037,3204233592,2121482187,1265157866,1790777201,927129571,3279466953,3423466557,518636327,3939208225,2106618386,3421252369,371942289,4066094483,3311498055,393878346,3948999077,1383897460,1265069327,2676906911,2395370329,3898015816,3108168010
Chains: 80 distinct-t0: 8 corr=walk s-width=32 B=4 total-sweeps-per-chain=80000000 score-path=int32-packed
tpb: 896
note: tpb 896 exceeds this kernel variant's launchable max of 512 threads (register-limited); clamped to 512.
excluded-from-time-sec: alloc+H2D 13.190 ms (12.51 MB, incl. 8 beta table(s), 911508 run(s), 10.94 MB) | D2H 2.605 ms | timed kernel 810807.188 ms
chain 0: kernel-best-val: 5536 kernel-final-val: 5536
chain 1: kernel-best-val: 5538 kernel-final-val: 5538
chain 2: kernel-best-val: 5530 kernel-final-val: 5530
chain 3: kernel-best-val: 5540 kernel-final-val: 5540
chain 4: kernel-best-val: 5538 kernel-final-val: 5538
chain 5: kernel-best-val: 5528 kernel-final-val: 5526
chain 6: kernel-best-val: 5536 kernel-final-val: 5536
chain 7: kernel-best-val: 5538 kernel-final-val: 5536
chain 8: kernel-best-val: 5528 kernel-final-val: 5528
chain 9: kernel-best-val: 5540 kernel-final-val: 5540
chain 10: kernel-best-val: 5526 kernel-final-val: 5524
chain 11: kernel-best-val: 5542 kernel-final-val: 5542
chain 12: kernel-best-val: 5532 kernel-final-val: 5532
chain 13: kernel-best-val: 5536 kernel-final-val: 5532
chain 14: kernel-best-val: 5534 kernel-final-val: 5534
chain 15: kernel-best-val: 5524 kernel-final-val: 5524
chain 16: kernel-best-val: 5542 kernel-final-val: 5540
chain 17: kernel-best-val: 5530 kernel-final-val: 5530
chain 18: kernel-best-val: 5532 kernel-final-val: 5532
chain 19: kernel-best-val: 5540 kernel-final-val: 5538
chain 20: kernel-best-val: 5530 kernel-final-val: 5530
chain 21: kernel-best-val: 5536 kernel-final-val: 5536
chain 22: kernel-best-val: 5530 kernel-final-val: 5528
chain 23: kernel-best-val: 5536 kernel-final-val: 5536
chain 24: kernel-best-val: 5532 kernel-final-val: 5528
chain 25: kernel-best-val: 5534 kernel-final-val: 5530
chain 26: kernel-best-val: 5532 kernel-final-val: 5532
chain 27: kernel-best-val: 5542 kernel-final-val: 5540
chain 28: kernel-best-val: 5532 kernel-final-val: 5532
chain 29: kernel-best-val: 5528 kernel-final-val: 5526
chain 30: kernel-best-val: 5536 kernel-final-val: 5528
chain 31: kernel-best-val: 5534 kernel-final-val: 5532
chain 32: kernel-best-val: 5540 kernel-final-val: 5538
chain 33: kernel-best-val: 5530 kernel-final-val: 5530
chain 34: kernel-best-val: 5528 kernel-final-val: 5524
chain 35: kernel-best-val: 5526 kernel-final-val: 5526
chain 36: kernel-best-val: 5538 kernel-final-val: 5536
chain 37: kernel-best-val: 5538 kernel-final-val: 5536
chain 38: kernel-best-val: 5518 kernel-final-val: 5518
chain 39: kernel-best-val: 5528 kernel-final-val: 5528
chain 40: kernel-best-val: 5536 kernel-final-val: 5536
chain 41: kernel-best-val: 5536 kernel-final-val: 5536
chain 42: kernel-best-val: 5540 kernel-final-val: 5540
chain 43: kernel-best-val: 5528 kernel-final-val: 5528
chain 44: kernel-best-val: 5534 kernel-final-val: 5530
chain 45: kernel-best-val: 5536 kernel-final-val: 5536
chain 46: kernel-best-val: 5528 kernel-final-val: 5528
chain 47: kernel-best-val: 5528 kernel-final-val: 5526
chain 48: kernel-best-val: 5536 kernel-final-val: 5536
chain 49: kernel-best-val: 5536 kernel-final-val: 5532
chain 50: kernel-best-val: 5534 kernel-final-val: 5534
chain 51: kernel-best-val: 5532 kernel-final-val: 5528
chain 52: kernel-best-val: 5534 kernel-final-val: 5534
chain 53: kernel-best-val: 5534 kernel-final-val: 5534
chain 54: kernel-best-val: 5544 kernel-final-val: 5540
chain 55: kernel-best-val: 5526 kernel-final-val: 5526
chain 56: kernel-best-val: 5528 kernel-final-val: 5528
chain 57: kernel-best-val: 5534 kernel-final-val: 5534
chain 58: kernel-best-val: 5534 kernel-final-val: 5534
chain 59: kernel-best-val: 5534 kernel-final-val: 5534
chain 60: kernel-best-val: 5542 kernel-final-val: 5540
chain 61: kernel-best-val: 5534 kernel-final-val: 5530
chain 62: kernel-best-val: 5530 kernel-final-val: 5530
chain 63: kernel-best-val: 5538 kernel-final-val: 5530
chain 64: kernel-best-val: 5534 kernel-final-val: 5532
chain 65: kernel-best-val: 5534 kernel-final-val: 5534
chain 66: kernel-best-val: 5534 kernel-final-val: 5532
chain 67: kernel-best-val: 5536 kernel-final-val: 5534
chain 68: kernel-best-val: 5540 kernel-final-val: 5540
chain 69: kernel-best-val: 5534 kernel-final-val: 5530
chain 70: kernel-best-val: 5532 kernel-final-val: 5530
chain 71: kernel-best-val: 5542 kernel-final-val: 5538
chain 72: kernel-best-val: 5534 kernel-final-val: 5534
chain 73: kernel-best-val: 5542 kernel-final-val: 5542
chain 74: kernel-best-val: 5532 kernel-final-val: 5532
chain 75: kernel-best-val: 5538 kernel-final-val: 5536
chain 76: kernel-best-val: 5538 kernel-final-val: 5536
chain 77: kernel-best-val: 5530 kernel-final-val: 5530
chain 78: kernel-best-val: 5536 kernel-final-val: 5536
chain 79: kernel-best-val: 5536 kernel-final-val: 5532
