Loaded: n=9000 m=18000 weight-scale=1 max-weighted-degree=4
Resolved seeds: 2655199429,3029470101,1440145668,2262912323,471891888,1193954216,2660413821,3596551846,1568197482,2496434190,503948415,2350546711,2256397315,4089267902,2727465015,1016758835,753410474,2142992284,3346280503,913020418,4077092480,1773315092,1395124621,631117926,400389175,2549710673,196403747,558893870,500167612,1135918049,2725724741,208174557,3703087561,1160879274,3024760764,598064303,2199046310,2509178355,1700354785,3609622303,440880281,1438238935,1128297398,1394250216,2637650601,375759652,3231288884,3108254429,2029494711,2213941657,505172293,4234468351,478101511,2423700676,2017367827,1742670415,2249676516,278650333,3434604598,2220657620,3776791084,1573973148,1421850353,2841915387,2680353905,1485628351,2862490651,3622536208,1038097921,269516601,3196478750,2434076870,594234977,1738301587,2859965449,1377356754,114091819,3597888584,1103764519,4268114170
Chains: 80 distinct-t0: 8 corr=walk s-width=32 B=4 total-sweeps-per-chain=80000000 score-path=int32-packed
tpb: 896
note: tpb 896 exceeds this kernel variant's launchable max of 512 threads (register-limited); clamped to 512.
excluded-from-time-sec: alloc+H2D 15.225 ms (12.71 MB, incl. 8 beta table(s), 911508 run(s), 10.94 MB) | D2H 3.122 ms | timed kernel 884366.438 ms
chain 0: kernel-best-val: 6334 kernel-final-val: 6334
chain 1: kernel-best-val: 6336 kernel-final-val: 6334
chain 2: kernel-best-val: 6340 kernel-final-val: 6338
chain 3: kernel-best-val: 6334 kernel-final-val: 6334
chain 4: kernel-best-val: 6332 kernel-final-val: 6332
chain 5: kernel-best-val: 6332 kernel-final-val: 6330
chain 6: kernel-best-val: 6328 kernel-final-val: 6322
chain 7: kernel-best-val: 6336 kernel-final-val: 6334
chain 8: kernel-best-val: 6338 kernel-final-val: 6336
chain 9: kernel-best-val: 6338 kernel-final-val: 6338
chain 10: kernel-best-val: 6332 kernel-final-val: 6328
chain 11: kernel-best-val: 6334 kernel-final-val: 6332
chain 12: kernel-best-val: 6326 kernel-final-val: 6326
chain 13: kernel-best-val: 6334 kernel-final-val: 6334
chain 14: kernel-best-val: 6332 kernel-final-val: 6328
chain 15: kernel-best-val: 6336 kernel-final-val: 6336
chain 16: kernel-best-val: 6330 kernel-final-val: 6330
chain 17: kernel-best-val: 6330 kernel-final-val: 6330
chain 18: kernel-best-val: 6330 kernel-final-val: 6330
chain 19: kernel-best-val: 6322 kernel-final-val: 6320
chain 20: kernel-best-val: 6324 kernel-final-val: 6324
chain 21: kernel-best-val: 6336 kernel-final-val: 6336
chain 22: kernel-best-val: 6332 kernel-final-val: 6328
chain 23: kernel-best-val: 6332 kernel-final-val: 6332
chain 24: kernel-best-val: 6340 kernel-final-val: 6334
chain 25: kernel-best-val: 6326 kernel-final-val: 6326
chain 26: kernel-best-val: 6328 kernel-final-val: 6324
chain 27: kernel-best-val: 6338 kernel-final-val: 6338
chain 28: kernel-best-val: 6332 kernel-final-val: 6332
chain 29: kernel-best-val: 6338 kernel-final-val: 6338
chain 30: kernel-best-val: 6338 kernel-final-val: 6336
chain 31: kernel-best-val: 6334 kernel-final-val: 6330
chain 32: kernel-best-val: 6328 kernel-final-val: 6328
chain 33: kernel-best-val: 6330 kernel-final-val: 6328
chain 34: kernel-best-val: 6332 kernel-final-val: 6332
chain 35: kernel-best-val: 6330 kernel-final-val: 6330
chain 36: kernel-best-val: 6328 kernel-final-val: 6328
chain 37: kernel-best-val: 6336 kernel-final-val: 6334
chain 38: kernel-best-val: 6322 kernel-final-val: 6322
chain 39: kernel-best-val: 6340 kernel-final-val: 6338
chain 40: kernel-best-val: 6330 kernel-final-val: 6330
chain 41: kernel-best-val: 6334 kernel-final-val: 6334
chain 42: kernel-best-val: 6332 kernel-final-val: 6330
chain 43: kernel-best-val: 6334 kernel-final-val: 6332
chain 44: kernel-best-val: 6342 kernel-final-val: 6342
chain 45: kernel-best-val: 6336 kernel-final-val: 6336
chain 46: kernel-best-val: 6336 kernel-final-val: 6334
chain 47: kernel-best-val: 6332 kernel-final-val: 6332
chain 48: kernel-best-val: 6336 kernel-final-val: 6336
chain 49: kernel-best-val: 6330 kernel-final-val: 6330
chain 50: kernel-best-val: 6326 kernel-final-val: 6326
chain 51: kernel-best-val: 6326 kernel-final-val: 6326
chain 52: kernel-best-val: 6330 kernel-final-val: 6324
chain 53: kernel-best-val: 6332 kernel-final-val: 6332
chain 54: kernel-best-val: 6336 kernel-final-val: 6336
chain 55: kernel-best-val: 6326 kernel-final-val: 6326
chain 56: kernel-best-val: 6332 kernel-final-val: 6330
chain 57: kernel-best-val: 6310 kernel-final-val: 6310
chain 58: kernel-best-val: 6324 kernel-final-val: 6322
chain 59: kernel-best-val: 6330 kernel-final-val: 6330
chain 60: kernel-best-val: 6332 kernel-final-val: 6332
chain 61: kernel-best-val: 6330 kernel-final-val: 6330
chain 62: kernel-best-val: 6340 kernel-final-val: 6340
chain 63: kernel-best-val: 6346 kernel-final-val: 6346
chain 64: kernel-best-val: 6334 kernel-final-val: 6334
chain 65: kernel-best-val: 6340 kernel-final-val: 6338
chain 66: kernel-best-val: 6336 kernel-final-val: 6334
chain 67: kernel-best-val: 6334 kernel-final-val: 6332
chain 68: kernel-best-val: 6328 kernel-final-val: 6328
chain 69: kernel-best-val: 6328 kernel-final-val: 6328
chain 70: kernel-best-val: 6326 kernel-final-val: 6324
chain 71: kernel-best-val: 6326 kernel-final-val: 6326
chain 72: kernel-best-val: 6330 kernel-final-val: 6330
chain 73: kernel-best-val: 6334 kernel-final-val: 6334
chain 74: kernel-best-val: 6324 kernel-final-val: 6324
chain 75: kernel-best-val: 6336 kernel-final-val: 6336
chain 76: kernel-best-val: 6334 kernel-final-val: 6332
chain 77: kernel-best-val: 6328 kernel-final-val: 6328
chain 78: kernel-best-val: 6332 kernel-final-val: 6332
chain 79: kernel-best-val: 6318 kernel-final-val: 6316
