Loaded: n=10000 m=20000 weight-scale=1 max-weighted-degree=4
Resolved seeds: 3529266490,1802673053,1629604815,1648977880,3227899713,1688507838,2200738463,1811258169,1792066250,3065747812,61423509,1178649078,659472866,3454722041,1684380978,3937593442,3065487475,1063197639,3074057976,2473643917,1788879316,258856905,2950402394,2096202718,2512234277,1963877701,444890512,1176699550,882272994,2070124824,1000763615,788914156,3833419622,3285835462,953172876,2034496008,2667521516,2878421844,3406717918,3203381340,383864337,379662170,2336851521,490051590,510423302,4086767224,4009091530,340618818,3524071764,2161060918,131055473,4062889114,1572447338,744499930,742475513,371050461,2501536817,2480015353,749201013,1738882081,3658489887,3092753894,2636038633,3393905943,49524548,3771301088,314774145,890791092,2237196250,1240143142,1081351458,837566781,1606487263,517759826,2200055326,3329191312,3401602128,2287675326,4038516315,2728669693
Chains: 80 distinct-t0: 8 corr=walk s-width=32 B=4 total-sweeps-per-chain=80000000 score-path=int32-packed
tpb: 896
note: tpb 896 exceeds this kernel variant's launchable max of 512 threads (register-limited); clamped to 512.
excluded-from-time-sec: alloc+H2D 16.834 ms (12.90 MB, incl. 8 beta table(s), 911508 run(s), 10.94 MB) | D2H 3.466 ms | timed kernel 901765.562 ms
chain 0: kernel-best-val: 6912 kernel-final-val: 6912
chain 1: kernel-best-val: 6914 kernel-final-val: 6912
chain 2: kernel-best-val: 6916 kernel-final-val: 6916
chain 3: kernel-best-val: 6906 kernel-final-val: 6906
chain 4: kernel-best-val: 6916 kernel-final-val: 6916
chain 5: kernel-best-val: 6922 kernel-final-val: 6920
chain 6: kernel-best-val: 6922 kernel-final-val: 6922
chain 7: kernel-best-val: 6918 kernel-final-val: 6918
chain 8: kernel-best-val: 6918 kernel-final-val: 6918
chain 9: kernel-best-val: 6918 kernel-final-val: 6918
chain 10: kernel-best-val: 6920 kernel-final-val: 6920
chain 11: kernel-best-val: 6924 kernel-final-val: 6922
chain 12: kernel-best-val: 6918 kernel-final-val: 6916
chain 13: kernel-best-val: 6906 kernel-final-val: 6906
chain 14: kernel-best-val: 6916 kernel-final-val: 6916
chain 15: kernel-best-val: 6928 kernel-final-val: 6928
chain 16: kernel-best-val: 6916 kernel-final-val: 6914
chain 17: kernel-best-val: 6914 kernel-final-val: 6914
chain 18: kernel-best-val: 6914 kernel-final-val: 6914
chain 19: kernel-best-val: 6914 kernel-final-val: 6914
chain 20: kernel-best-val: 6922 kernel-final-val: 6922
chain 21: kernel-best-val: 6924 kernel-final-val: 6924
chain 22: kernel-best-val: 6914 kernel-final-val: 6914
chain 23: kernel-best-val: 6904 kernel-final-val: 6904
chain 24: kernel-best-val: 6918 kernel-final-val: 6918
chain 25: kernel-best-val: 6916 kernel-final-val: 6916
chain 26: kernel-best-val: 6914 kernel-final-val: 6914
chain 27: kernel-best-val: 6920 kernel-final-val: 6920
chain 28: kernel-best-val: 6916 kernel-final-val: 6916
chain 29: kernel-best-val: 6924 kernel-final-val: 6924
chain 30: kernel-best-val: 6912 kernel-final-val: 6912
chain 31: kernel-best-val: 6908 kernel-final-val: 6908
chain 32: kernel-best-val: 6918 kernel-final-val: 6918
chain 33: kernel-best-val: 6908 kernel-final-val: 6906
chain 34: kernel-best-val: 6912 kernel-final-val: 6912
chain 35: kernel-best-val: 6924 kernel-final-val: 6924
chain 36: kernel-best-val: 6912 kernel-final-val: 6912
chain 37: kernel-best-val: 6908 kernel-final-val: 6908
chain 38: kernel-best-val: 6910 kernel-final-val: 6910
chain 39: kernel-best-val: 6912 kernel-final-val: 6910
chain 40: kernel-best-val: 6920 kernel-final-val: 6920
chain 41: kernel-best-val: 6922 kernel-final-val: 6922
chain 42: kernel-best-val: 6912 kernel-final-val: 6912
chain 43: kernel-best-val: 6916 kernel-final-val: 6916
chain 44: kernel-best-val: 6922 kernel-final-val: 6922
chain 45: kernel-best-val: 6912 kernel-final-val: 6912
chain 46: kernel-best-val: 6926 kernel-final-val: 6926
chain 47: kernel-best-val: 6914 kernel-final-val: 6914
chain 48: kernel-best-val: 6910 kernel-final-val: 6910
chain 49: kernel-best-val: 6918 kernel-final-val: 6918
chain 50: kernel-best-val: 6924 kernel-final-val: 6922
chain 51: kernel-best-val: 6912 kernel-final-val: 6910
chain 52: kernel-best-val: 6900 kernel-final-val: 6900
chain 53: kernel-best-val: 6924 kernel-final-val: 6924
chain 54: kernel-best-val: 6908 kernel-final-val: 6908
chain 55: kernel-best-val: 6924 kernel-final-val: 6924
chain 56: kernel-best-val: 6916 kernel-final-val: 6914
chain 57: kernel-best-val: 6916 kernel-final-val: 6916
chain 58: kernel-best-val: 6912 kernel-final-val: 6912
chain 59: kernel-best-val: 6912 kernel-final-val: 6912
chain 60: kernel-best-val: 6912 kernel-final-val: 6910
chain 61: kernel-best-val: 6910 kernel-final-val: 6910
chain 62: kernel-best-val: 6916 kernel-final-val: 6916
chain 63: kernel-best-val: 6922 kernel-final-val: 6922
chain 64: kernel-best-val: 6908 kernel-final-val: 6908
chain 65: kernel-best-val: 6904 kernel-final-val: 6904
chain 66: kernel-best-val: 6920 kernel-final-val: 6920
chain 67: kernel-best-val: 6924 kernel-final-val: 6924
chain 68: kernel-best-val: 6910 kernel-final-val: 6910
chain 69: kernel-best-val: 6920 kernel-final-val: 6918
chain 70: kernel-best-val: 6902 kernel-final-val: 6902
chain 71: kernel-best-val: 6912 kernel-final-val: 6912
chain 72: kernel-best-val: 6916 kernel-final-val: 6916
chain 73: kernel-best-val: 6916 kernel-final-val: 6916
chain 74: kernel-best-val: 6916 kernel-final-val: 6916
chain 75: kernel-best-val: 6918 kernel-final-val: 6918
chain 76: kernel-best-val: 6898 kernel-final-val: 6898
chain 77: kernel-best-val: 6918 kernel-final-val: 6918
chain 78: kernel-best-val: 6912 kernel-final-val: 6910
chain 79: kernel-best-val: 6924 kernel-final-val: 6922
