Loaded: n=10000 m=9999 weight-scale=1 max-weighted-degree=9
Resolved seeds: 1668002534,4251630541,1287240187,3135990078,3347570853,4287442712,1047919758,4093684448,100893523,1880655886,2471474522,2133576766,2761377767,463441356,4156331096,1276322834,856780136,230592127,2284686352,3283472502,3647609088,3904728396,3144322836,3291718889,3080463230,2714580468,1186070675,2301837269,3124784213,59943701,4106667869,2683315870,1298442890,2996274686,907527452,894130334,160986324,3413389726,1551487754,2825614680,3783865483,3949106385,2666548891,3930642391,1570738380,3373399306,95313915,577192069,1180135291,1143368375,1024113150,1692496292,2908240954,1463841200,4121121267,1106412152,534584482,3997945995,3927879016,1388532641,4220465956,2965850675,1504043474,2278364663,4136471266,3167132442,2251061821,3462167346,957066510,798395477,4014106942,658141460,2059673411,606026022,2112154548,3027586023,2721851303,1336911824,2524327149,666671208
Chains: 80 distinct-t0: 8 corr=walk s-width=32 B=9 total-sweeps-per-chain=80000000 score-path=int32-packed
tpb: 896
note: tpb 896 exceeds this kernel variant's launchable max of 512 threads (register-limited); clamped to 512.
excluded-from-time-sec: alloc+H2D 18.288 ms (12.52 MB, incl. 8 beta table(s), 911508 run(s), 10.94 MB) | D2H 2.881 ms | timed kernel 876038.188 ms
chain 0: kernel-best-val: 9586 kernel-final-val: 9586
chain 1: kernel-best-val: 9585 kernel-final-val: 9585
chain 2: kernel-best-val: 9582 kernel-final-val: 9582
chain 3: kernel-best-val: 9591 kernel-final-val: 9590
chain 4: kernel-best-val: 9587 kernel-final-val: 9587
chain 5: kernel-best-val: 9584 kernel-final-val: 9584
chain 6: kernel-best-val: 9589 kernel-final-val: 9588
chain 7: kernel-best-val: 9581 kernel-final-val: 9581
chain 8: kernel-best-val: 9587 kernel-final-val: 9585
chain 9: kernel-best-val: 9585 kernel-final-val: 9585
chain 10: kernel-best-val: 9585 kernel-final-val: 9585
chain 11: kernel-best-val: 9582 kernel-final-val: 9582
chain 12: kernel-best-val: 9589 kernel-final-val: 9589
chain 13: kernel-best-val: 9589 kernel-final-val: 9589
chain 14: kernel-best-val: 9585 kernel-final-val: 9585
chain 15: kernel-best-val: 9586 kernel-final-val: 9586
chain 16: kernel-best-val: 9586 kernel-final-val: 9585
chain 17: kernel-best-val: 9587 kernel-final-val: 9586
chain 18: kernel-best-val: 9590 kernel-final-val: 9590
chain 19: kernel-best-val: 9592 kernel-final-val: 9592
chain 20: kernel-best-val: 9590 kernel-final-val: 9589
chain 21: kernel-best-val: 9584 kernel-final-val: 9584
chain 22: kernel-best-val: 9585 kernel-final-val: 9585
chain 23: kernel-best-val: 9583 kernel-final-val: 9582
chain 24: kernel-best-val: 9587 kernel-final-val: 9587
chain 25: kernel-best-val: 9583 kernel-final-val: 9583
chain 26: kernel-best-val: 9582 kernel-final-val: 9581
chain 27: kernel-best-val: 9585 kernel-final-val: 9585
chain 28: kernel-best-val: 9586 kernel-final-val: 9586
chain 29: kernel-best-val: 9585 kernel-final-val: 9585
chain 30: kernel-best-val: 9587 kernel-final-val: 9587
chain 31: kernel-best-val: 9585 kernel-final-val: 9585
chain 32: kernel-best-val: 9587 kernel-final-val: 9586
chain 33: kernel-best-val: 9588 kernel-final-val: 9587
chain 34: kernel-best-val: 9588 kernel-final-val: 9588
chain 35: kernel-best-val: 9593 kernel-final-val: 9593
chain 36: kernel-best-val: 9582 kernel-final-val: 9582
chain 37: kernel-best-val: 9587 kernel-final-val: 9587
chain 38: kernel-best-val: 9583 kernel-final-val: 9583
chain 39: kernel-best-val: 9589 kernel-final-val: 9588
chain 40: kernel-best-val: 9584 kernel-final-val: 9584
chain 41: kernel-best-val: 9587 kernel-final-val: 9587
chain 42: kernel-best-val: 9587 kernel-final-val: 9587
chain 43: kernel-best-val: 9583 kernel-final-val: 9582
chain 44: kernel-best-val: 9591 kernel-final-val: 9591
chain 45: kernel-best-val: 9590 kernel-final-val: 9590
chain 46: kernel-best-val: 9582 kernel-final-val: 9582
chain 47: kernel-best-val: 9584 kernel-final-val: 9584
chain 48: kernel-best-val: 9589 kernel-final-val: 9589
chain 49: kernel-best-val: 9582 kernel-final-val: 9582
chain 50: kernel-best-val: 9585 kernel-final-val: 9585
chain 51: kernel-best-val: 9590 kernel-final-val: 9590
chain 52: kernel-best-val: 9587 kernel-final-val: 9587
chain 53: kernel-best-val: 9584 kernel-final-val: 9584
chain 54: kernel-best-val: 9585 kernel-final-val: 9584
chain 55: kernel-best-val: 9584 kernel-final-val: 9584
chain 56: kernel-best-val: 9585 kernel-final-val: 9585
chain 57: kernel-best-val: 9588 kernel-final-val: 9587
chain 58: kernel-best-val: 9585 kernel-final-val: 9585
chain 59: kernel-best-val: 9590 kernel-final-val: 9590
chain 60: kernel-best-val: 9582 kernel-final-val: 9581
chain 61: kernel-best-val: 9580 kernel-final-val: 9580
chain 62: kernel-best-val: 9582 kernel-final-val: 9581
chain 63: kernel-best-val: 9582 kernel-final-val: 9582
chain 64: kernel-best-val: 9581 kernel-final-val: 9581
chain 65: kernel-best-val: 9584 kernel-final-val: 9584
chain 66: kernel-best-val: 9585 kernel-final-val: 9585
chain 67: kernel-best-val: 9590 kernel-final-val: 9589
chain 68: kernel-best-val: 9581 kernel-final-val: 9581
chain 69: kernel-best-val: 9589 kernel-final-val: 9588
chain 70: kernel-best-val: 9584 kernel-final-val: 9584
chain 71: kernel-best-val: 9583 kernel-final-val: 9582
chain 72: kernel-best-val: 9586 kernel-final-val: 9586
chain 73: kernel-best-val: 9584 kernel-final-val: 9584
chain 74: kernel-best-val: 9586 kernel-final-val: 9586
chain 75: kernel-best-val: 9583 kernel-final-val: 9583
chain 76: kernel-best-val: 9583 kernel-final-val: 9582
chain 77: kernel-best-val: 9586 kernel-final-val: 9586
chain 78: kernel-best-val: 9583 kernel-final-val: 9583
chain 79: kernel-best-val: 9587 kernel-final-val: 9587
