Loaded: n=10000 m=20000 weight-scale=1 max-weighted-degree=4
Resolved seeds: 3454767967,1188886561,823833422,2720313348,1476274613,669204894,2028332787,3590503552,1759712670,1202684319,3485189727,1048322374,1361535817,956963565,3067353783,3527211312,3196078993,3093389008,647352131,3298249729,2505193620,434756993,1218312808,1672224123,791592497,3255188295,1477459627,857308585,2044537078,514361685,4140325933,969290971,2590094305,3818098102,1550011918,3150855314,3168715151,470938538,2431951318,847426294,2744676504,4098268690,3173847955,301374343,834972336,2449332501,2956886278,40426088,3700191578,4049230980,2618348520,3172263969,4086156124,130292809,2715065249,3829666785,2722107538,4164203420,3270614957,772396650,118113560,2004141918,2347276936,1661806253,1608885391,2145257106,4136763585,838923077,3546586929,2014414386,3571330603,3520543532,2966231627,323346870,3591566877,2280773576,887444591,519039871,1965825368,3349916941
Chains: 80 distinct-t0: 8 corr=walk s-width=32 B=4 total-sweeps-per-chain=80000000 score-path=int32-packed
tpb: 896
note: tpb 896 exceeds this kernel variant's launchable max of 512 threads (register-limited); clamped to 512.
excluded-from-time-sec: alloc+H2D 16.580 ms (12.90 MB, incl. 8 beta table(s), 911508 run(s), 10.94 MB) | D2H 3.509 ms | timed kernel 902155.625 ms
chain 0: kernel-best-val: 6958 kernel-final-val: 6958
chain 1: kernel-best-val: 6968 kernel-final-val: 6966
chain 2: kernel-best-val: 6980 kernel-final-val: 6980
chain 3: kernel-best-val: 6978 kernel-final-val: 6976
chain 4: kernel-best-val: 6970 kernel-final-val: 6970
chain 5: kernel-best-val: 6980 kernel-final-val: 6980
chain 6: kernel-best-val: 6972 kernel-final-val: 6972
chain 7: kernel-best-val: 6960 kernel-final-val: 6960
chain 8: kernel-best-val: 6970 kernel-final-val: 6970
chain 9: kernel-best-val: 6972 kernel-final-val: 6970
chain 10: kernel-best-val: 6966 kernel-final-val: 6966
chain 11: kernel-best-val: 6978 kernel-final-val: 6978
chain 12: kernel-best-val: 6980 kernel-final-val: 6980
chain 13: kernel-best-val: 6972 kernel-final-val: 6972
chain 14: kernel-best-val: 6962 kernel-final-val: 6962
chain 15: kernel-best-val: 6972 kernel-final-val: 6972
chain 16: kernel-best-val: 6976 kernel-final-val: 6976
chain 17: kernel-best-val: 6962 kernel-final-val: 6962
chain 18: kernel-best-val: 6974 kernel-final-val: 6974
chain 19: kernel-best-val: 6974 kernel-final-val: 6974
chain 20: kernel-best-val: 6984 kernel-final-val: 6984
chain 21: kernel-best-val: 6982 kernel-final-val: 6980
chain 22: kernel-best-val: 6972 kernel-final-val: 6972
chain 23: kernel-best-val: 6960 kernel-final-val: 6960
chain 24: kernel-best-val: 6968 kernel-final-val: 6968
chain 25: kernel-best-val: 6976 kernel-final-val: 6976
chain 26: kernel-best-val: 6974 kernel-final-val: 6974
chain 27: kernel-best-val: 6970 kernel-final-val: 6970
chain 28: kernel-best-val: 6968 kernel-final-val: 6968
chain 29: kernel-best-val: 6976 kernel-final-val: 6976
chain 30: kernel-best-val: 6966 kernel-final-val: 6966
chain 31: kernel-best-val: 6970 kernel-final-val: 6970
chain 32: kernel-best-val: 6968 kernel-final-val: 6968
chain 33: kernel-best-val: 6966 kernel-final-val: 6966
chain 34: kernel-best-val: 6966 kernel-final-val: 6966
chain 35: kernel-best-val: 6974 kernel-final-val: 6974
chain 36: kernel-best-val: 6968 kernel-final-val: 6968
chain 37: kernel-best-val: 6972 kernel-final-val: 6972
chain 38: kernel-best-val: 6976 kernel-final-val: 6974
chain 39: kernel-best-val: 6962 kernel-final-val: 6962
chain 40: kernel-best-val: 6968 kernel-final-val: 6964
chain 41: kernel-best-val: 6966 kernel-final-val: 6964
chain 42: kernel-best-val: 6980 kernel-final-val: 6980
chain 43: kernel-best-val: 6986 kernel-final-val: 6986
chain 44: kernel-best-val: 6976 kernel-final-val: 6976
chain 45: kernel-best-val: 6974 kernel-final-val: 6972
chain 46: kernel-best-val: 6966 kernel-final-val: 6966
chain 47: kernel-best-val: 6966 kernel-final-val: 6966
chain 48: kernel-best-val: 6968 kernel-final-val: 6968
chain 49: kernel-best-val: 6966 kernel-final-val: 6966
chain 50: kernel-best-val: 6962 kernel-final-val: 6962
chain 51: kernel-best-val: 6972 kernel-final-val: 6970
chain 52: kernel-best-val: 6970 kernel-final-val: 6970
chain 53: kernel-best-val: 6972 kernel-final-val: 6972
chain 54: kernel-best-val: 6970 kernel-final-val: 6970
chain 55: kernel-best-val: 6978 kernel-final-val: 6978
chain 56: kernel-best-val: 6954 kernel-final-val: 6954
chain 57: kernel-best-val: 6976 kernel-final-val: 6976
chain 58: kernel-best-val: 6988 kernel-final-val: 6986
chain 59: kernel-best-val: 6968 kernel-final-val: 6968
chain 60: kernel-best-val: 6978 kernel-final-val: 6978
chain 61: kernel-best-val: 6972 kernel-final-val: 6972
chain 62: kernel-best-val: 6960 kernel-final-val: 6960
chain 63: kernel-best-val: 6970 kernel-final-val: 6970
chain 64: kernel-best-val: 6970 kernel-final-val: 6970
chain 65: kernel-best-val: 6970 kernel-final-val: 6970
chain 66: kernel-best-val: 6974 kernel-final-val: 6974
chain 67: kernel-best-val: 6976 kernel-final-val: 6976
chain 68: kernel-best-val: 6980 kernel-final-val: 6978
chain 69: kernel-best-val: 6966 kernel-final-val: 6962
chain 70: kernel-best-val: 6970 kernel-final-val: 6970
chain 71: kernel-best-val: 6958 kernel-final-val: 6958
chain 72: kernel-best-val: 6974 kernel-final-val: 6974
chain 73: kernel-best-val: 6976 kernel-final-val: 6976
chain 74: kernel-best-val: 6976 kernel-final-val: 6976
chain 75: kernel-best-val: 6978 kernel-final-val: 6978
chain 76: kernel-best-val: 6976 kernel-final-val: 6976
chain 77: kernel-best-val: 6966 kernel-final-val: 6966
chain 78: kernel-best-val: 6972 kernel-final-val: 6972
chain 79: kernel-best-val: 6982 kernel-final-val: 6982
