Loaded: n=14000 m=28000 weight-scale=1 max-weighted-degree=4
Resolved seeds: 625108501,1689216520,4186197134,1887769545,3393787952,1029024263,2688010261,1482297051,855880875,3363602861,956452147,4239876014,2296485995,747331680,2917544144,3360844207,2808395488,1898914378,360158048,3819047463,1754324922,3078401141,3768091645,2164534932,4233973028,2680212747,138056604,352879456,3751390385,2839839343,1588075123,1582328945,1316328491,3945721530,2683570746,2253735686,1584588450,3719681386,3654328203,2153115201,3402937062,3732096990,2162796218,1593923732,18770101,3040025188,383753023,4161271354,3878656545,3509386431,1464118673,3433502057,2534656865,643405740,1763061582,1566882828,557429333,1595189504,3235011610,2819324932,112137085,4211671100,3009575385,1820787012,837468683,2896857917,1045401804,1969244918,1262105801,4018990240,2526175968,2129982852,2197659688,505022238,2404856677,3007295096,1603612237,538924597,1482176202,583619392
Chains: 80 distinct-t0: 8 corr=walk s-width=32 B=4 total-sweeps-per-chain=80000000 score-path=int32-packed
tpb: 896
note: tpb 896 exceeds this kernel variant's launchable max of 512 threads (register-limited); clamped to 512.
excluded-from-time-sec: alloc+H2D 21.821 ms (13.69 MB, incl. 8 beta table(s), 911508 run(s), 10.94 MB) | D2H 4.528 ms | timed kernel 989941.000 ms
chain 0: kernel-best-val: 9892 kernel-final-val: 9892
chain 1: kernel-best-val: 9898 kernel-final-val: 9894
chain 2: kernel-best-val: 9892 kernel-final-val: 9892
chain 3: kernel-best-val: 9888 kernel-final-val: 9886
chain 4: kernel-best-val: 9892 kernel-final-val: 9886
chain 5: kernel-best-val: 9892 kernel-final-val: 9892
chain 6: kernel-best-val: 9896 kernel-final-val: 9890
chain 7: kernel-best-val: 9900 kernel-final-val: 9894
chain 8: kernel-best-val: 9886 kernel-final-val: 9884
chain 9: kernel-best-val: 9894 kernel-final-val: 9888
chain 10: kernel-best-val: 9890 kernel-final-val: 9888
chain 11: kernel-best-val: 9898 kernel-final-val: 9896
chain 12: kernel-best-val: 9892 kernel-final-val: 9892
chain 13: kernel-best-val: 9890 kernel-final-val: 9890
chain 14: kernel-best-val: 9884 kernel-final-val: 9880
chain 15: kernel-best-val: 9884 kernel-final-val: 9882
chain 16: kernel-best-val: 9892 kernel-final-val: 9892
chain 17: kernel-best-val: 9888 kernel-final-val: 9880
chain 18: kernel-best-val: 9894 kernel-final-val: 9894
chain 19: kernel-best-val: 9894 kernel-final-val: 9894
chain 20: kernel-best-val: 9890 kernel-final-val: 9890
chain 21: kernel-best-val: 9896 kernel-final-val: 9896
chain 22: kernel-best-val: 9898 kernel-final-val: 9886
chain 23: kernel-best-val: 9888 kernel-final-val: 9888
chain 24: kernel-best-val: 9884 kernel-final-val: 9880
chain 25: kernel-best-val: 9898 kernel-final-val: 9890
chain 26: kernel-best-val: 9894 kernel-final-val: 9894
chain 27: kernel-best-val: 9898 kernel-final-val: 9898
chain 28: kernel-best-val: 9888 kernel-final-val: 9888
chain 29: kernel-best-val: 9902 kernel-final-val: 9902
chain 30: kernel-best-val: 9892 kernel-final-val: 9892
chain 31: kernel-best-val: 9892 kernel-final-val: 9892
chain 32: kernel-best-val: 9888 kernel-final-val: 9888
chain 33: kernel-best-val: 9886 kernel-final-val: 9882
chain 34: kernel-best-val: 9892 kernel-final-val: 9890
chain 35: kernel-best-val: 9898 kernel-final-val: 9898
chain 36: kernel-best-val: 9882 kernel-final-val: 9880
chain 37: kernel-best-val: 9890 kernel-final-val: 9890
chain 38: kernel-best-val: 9892 kernel-final-val: 9890
chain 39: kernel-best-val: 9882 kernel-final-val: 9880
chain 40: kernel-best-val: 9898 kernel-final-val: 9896
chain 41: kernel-best-val: 9894 kernel-final-val: 9892
chain 42: kernel-best-val: 9888 kernel-final-val: 9888
chain 43: kernel-best-val: 9894 kernel-final-val: 9894
chain 44: kernel-best-val: 9898 kernel-final-val: 9898
chain 45: kernel-best-val: 9886 kernel-final-val: 9884
chain 46: kernel-best-val: 9902 kernel-final-val: 9902
chain 47: kernel-best-val: 9900 kernel-final-val: 9900
chain 48: kernel-best-val: 9888 kernel-final-val: 9884
chain 49: kernel-best-val: 9906 kernel-final-val: 9906
chain 50: kernel-best-val: 9892 kernel-final-val: 9892
chain 51: kernel-best-val: 9902 kernel-final-val: 9898
chain 52: kernel-best-val: 9886 kernel-final-val: 9886
chain 53: kernel-best-val: 9890 kernel-final-val: 9888
chain 54: kernel-best-val: 9898 kernel-final-val: 9898
chain 55: kernel-best-val: 9892 kernel-final-val: 9892
chain 56: kernel-best-val: 9890 kernel-final-val: 9890
chain 57: kernel-best-val: 9908 kernel-final-val: 9900
chain 58: kernel-best-val: 9890 kernel-final-val: 9888
chain 59: kernel-best-val: 9898 kernel-final-val: 9898
chain 60: kernel-best-val: 9892 kernel-final-val: 9888
chain 61: kernel-best-val: 9882 kernel-final-val: 9882
chain 62: kernel-best-val: 9894 kernel-final-val: 9894
chain 63: kernel-best-val: 9888 kernel-final-val: 9888
chain 64: kernel-best-val: 9898 kernel-final-val: 9896
chain 65: kernel-best-val: 9890 kernel-final-val: 9888
chain 66: kernel-best-val: 9892 kernel-final-val: 9886
chain 67: kernel-best-val: 9884 kernel-final-val: 9882
chain 68: kernel-best-val: 9884 kernel-final-val: 9876
chain 69: kernel-best-val: 9882 kernel-final-val: 9880
chain 70: kernel-best-val: 9894 kernel-final-val: 9892
chain 71: kernel-best-val: 9888 kernel-final-val: 9886
chain 72: kernel-best-val: 9902 kernel-final-val: 9902
chain 73: kernel-best-val: 9894 kernel-final-val: 9892
chain 74: kernel-best-val: 9884 kernel-final-val: 9884
chain 75: kernel-best-val: 9886 kernel-final-val: 9884
chain 76: kernel-best-val: 9888 kernel-final-val: 9886
chain 77: kernel-best-val: 9898 kernel-final-val: 9898
chain 78: kernel-best-val: 9884 kernel-final-val: 9884
chain 79: kernel-best-val: 9898 kernel-final-val: 9898
