Loaded: n=20000 m=40000 weight-scale=1 max-weighted-degree=4
Resolved seeds: 1429084409,2645247254,389940878,3067167525,3451730753,1052992674,605067654,3403593199,1637782098,3206281178,2279411278,2909058694,582092350,3307519587,3412613557,1689471960,3107153841,2920183632,3874698105,2890092390,354038608,1226968796,702380213,1649774273,4258556943,3215421850,3576145880,492096009,3189560490,3561119330,2058794638,3030816812,2494533819,1578539573,1087566681,573703400,533015422,3049365370,3681593793,1710950219,2853021159,3274186377,3794568482,1848645830,4040245227,1453500276,3304704999,2860215178,2544787841,1783643714,2475687214,88778696,1986364801,3974451042,940269877,3442690262,101378111,3387186108,2296636251,2961801782,3909236665,4061582527,791387938,2338488208,4219141693,493274424,529610323,1691617015,3186902468,1780374517,867946895,1345766850,3562911800,3998134959,2093290843,904975574,3404511345,2083761982,4066808942,3550675158
Chains: 80 distinct-t0: 8 corr=walk s-width=32 B=4 total-sweeps-per-chain=80000000 score-path=int32-packed
tpb: 896
note: tpb 896 exceeds this kernel variant's launchable max of 512 threads (register-limited); clamped to 512.
excluded-from-time-sec: alloc+H2D 28.366 ms (14.86 MB, incl. 8 beta table(s), 911508 run(s), 10.94 MB) | D2H 6.416 ms | timed kernel 1202307.750 ms
chain 0: kernel-best-val: 13988 kernel-final-val: 13988
chain 1: kernel-best-val: 13992 kernel-final-val: 13992
chain 2: kernel-best-val: 13994 kernel-final-val: 13994
chain 3: kernel-best-val: 13994 kernel-final-val: 13994
chain 4: kernel-best-val: 13990 kernel-final-val: 13988
chain 5: kernel-best-val: 13992 kernel-final-val: 13992
chain 6: kernel-best-val: 13986 kernel-final-val: 13986
chain 7: kernel-best-val: 13980 kernel-final-val: 13980
chain 8: kernel-best-val: 13986 kernel-final-val: 13986
chain 9: kernel-best-val: 13978 kernel-final-val: 13978
chain 10: kernel-best-val: 14000 kernel-final-val: 14000
chain 11: kernel-best-val: 13990 kernel-final-val: 13990
chain 12: kernel-best-val: 13976 kernel-final-val: 13976
chain 13: kernel-best-val: 13982 kernel-final-val: 13982
chain 14: kernel-best-val: 13976 kernel-final-val: 13976
chain 15: kernel-best-val: 13992 kernel-final-val: 13992
chain 16: kernel-best-val: 13994 kernel-final-val: 13994
chain 17: kernel-best-val: 13998 kernel-final-val: 13996
chain 18: kernel-best-val: 13988 kernel-final-val: 13988
chain 19: kernel-best-val: 13992 kernel-final-val: 13990
chain 20: kernel-best-val: 13994 kernel-final-val: 13994
chain 21: kernel-best-val: 13990 kernel-final-val: 13990
chain 22: kernel-best-val: 13996 kernel-final-val: 13996
chain 23: kernel-best-val: 13974 kernel-final-val: 13974
chain 24: kernel-best-val: 13982 kernel-final-val: 13982
chain 25: kernel-best-val: 13994 kernel-final-val: 13994
chain 26: kernel-best-val: 13990 kernel-final-val: 13990
chain 27: kernel-best-val: 13986 kernel-final-val: 13986
chain 28: kernel-best-val: 13980 kernel-final-val: 13980
chain 29: kernel-best-val: 13976 kernel-final-val: 13976
chain 30: kernel-best-val: 13986 kernel-final-val: 13986
chain 31: kernel-best-val: 13988 kernel-final-val: 13988
chain 32: kernel-best-val: 13996 kernel-final-val: 13994
chain 33: kernel-best-val: 13984 kernel-final-val: 13984
chain 34: kernel-best-val: 14000 kernel-final-val: 14000
chain 35: kernel-best-val: 13974 kernel-final-val: 13974
chain 36: kernel-best-val: 13990 kernel-final-val: 13990
chain 37: kernel-best-val: 13994 kernel-final-val: 13994
chain 38: kernel-best-val: 13992 kernel-final-val: 13990
chain 39: kernel-best-val: 13980 kernel-final-val: 13980
chain 40: kernel-best-val: 13984 kernel-final-val: 13984
chain 41: kernel-best-val: 13992 kernel-final-val: 13992
chain 42: kernel-best-val: 14002 kernel-final-val: 14002
chain 43: kernel-best-val: 13980 kernel-final-val: 13978
chain 44: kernel-best-val: 13988 kernel-final-val: 13988
chain 45: kernel-best-val: 13986 kernel-final-val: 13986
chain 46: kernel-best-val: 13992 kernel-final-val: 13992
chain 47: kernel-best-val: 14004 kernel-final-val: 14004
chain 48: kernel-best-val: 14002 kernel-final-val: 14002
chain 49: kernel-best-val: 13972 kernel-final-val: 13972
chain 50: kernel-best-val: 13982 kernel-final-val: 13982
chain 51: kernel-best-val: 14000 kernel-final-val: 14000
chain 52: kernel-best-val: 13986 kernel-final-val: 13986
chain 53: kernel-best-val: 14006 kernel-final-val: 14006
chain 54: kernel-best-val: 13980 kernel-final-val: 13980
chain 55: kernel-best-val: 13990 kernel-final-val: 13990
chain 56: kernel-best-val: 13992 kernel-final-val: 13992
chain 57: kernel-best-val: 13986 kernel-final-val: 13986
chain 58: kernel-best-val: 13986 kernel-final-val: 13986
chain 59: kernel-best-val: 13972 kernel-final-val: 13972
chain 60: kernel-best-val: 13988 kernel-final-val: 13986
chain 61: kernel-best-val: 13988 kernel-final-val: 13988
chain 62: kernel-best-val: 13994 kernel-final-val: 13994
chain 63: kernel-best-val: 13978 kernel-final-val: 13978
chain 64: kernel-best-val: 13986 kernel-final-val: 13986
chain 65: kernel-best-val: 13984 kernel-final-val: 13980
chain 66: kernel-best-val: 13992 kernel-final-val: 13990
chain 67: kernel-best-val: 14000 kernel-final-val: 14000
chain 68: kernel-best-val: 13990 kernel-final-val: 13990
chain 69: kernel-best-val: 13996 kernel-final-val: 13994
chain 70: kernel-best-val: 14002 kernel-final-val: 13996
chain 71: kernel-best-val: 14010 kernel-final-val: 14010
chain 72: kernel-best-val: 13984 kernel-final-val: 13984
chain 73: kernel-best-val: 13988 kernel-final-val: 13988
chain 74: kernel-best-val: 13980 kernel-final-val: 13978
chain 75: kernel-best-val: 13996 kernel-final-val: 13996
chain 76: kernel-best-val: 13984 kernel-final-val: 13982
chain 77: kernel-best-val: 13998 kernel-final-val: 13998
chain 78: kernel-best-val: 13986 kernel-final-val: 13986
chain 79: kernel-best-val: 14002 kernel-final-val: 14002
