Loaded: n=7000 m=17148 weight-scale=1 max-weighted-degree=14
Resolved seeds: 2153993612,273544431,882064357,3275327990,1354702944,3087792425,878838561,4211764367,1106131849,3756065838,2544622423,313618953,3815398809,3205014168,1733907362,4282167750,1858808066,2166133593,4109521223,1541181392,1739204685,92348075,2426276161,3487195014,2370667076,1623995192,3124754742,684272,938765215,3698233787,3225743942,1208414031,1898531608,95737040,2099221554,2438771991,2503898560,2265459913,3801153336,4047109345,3725052888,2254620737,2512484676,1578843495,208762513,3486605197,3442022805,3024315265,1658299497,4039334444,2455836298,1010258756,210323974,4121853078,3503066442,1259318987,1676935227,556695140,3934409883,3872753051,1966601444,1508685864,2897551463,3183227594,1469149070,1777781963,2120060420,3400304540,1135471697,1281506864,2350892638,828674795,106144270,2938832002,2993154189,2016541601,1206348032,3494242249,2435533897,309651285
Chains: 80 distinct-t0: 8 corr=walk s-width=32 B=14 total-sweeps-per-chain=80000000 score-path=int32-packed
tpb: 896
note: tpb 896 exceeds this kernel variant's launchable max of 512 threads (register-limited); clamped to 512.
excluded-from-time-sec: alloc+H2D 24.533 ms (12.36 MB, incl. 8 beta table(s), 911508 run(s), 10.94 MB) | D2H 1.670 ms | timed kernel 963244.000 ms
chain 0: kernel-best-val: 14181 kernel-final-val: 14181
chain 1: kernel-best-val: 14173 kernel-final-val: 14173
chain 2: kernel-best-val: 14182 kernel-final-val: 14182
chain 3: kernel-best-val: 14184 kernel-final-val: 14184
chain 4: kernel-best-val: 14185 kernel-final-val: 14185
chain 5: kernel-best-val: 14180 kernel-final-val: 14180
chain 6: kernel-best-val: 14181 kernel-final-val: 14181
chain 7: kernel-best-val: 14183 kernel-final-val: 14181
chain 8: kernel-best-val: 14182 kernel-final-val: 14182
chain 9: kernel-best-val: 14185 kernel-final-val: 14185
chain 10: kernel-best-val: 14181 kernel-final-val: 14181
chain 11: kernel-best-val: 14179 kernel-final-val: 14179
chain 12: kernel-best-val: 14178 kernel-final-val: 14178
chain 13: kernel-best-val: 14172 kernel-final-val: 14172
chain 14: kernel-best-val: 14174 kernel-final-val: 14174
chain 15: kernel-best-val: 14180 kernel-final-val: 14178
chain 16: kernel-best-val: 14179 kernel-final-val: 14178
chain 17: kernel-best-val: 14179 kernel-final-val: 14179
chain 18: kernel-best-val: 14181 kernel-final-val: 14180
chain 19: kernel-best-val: 14176 kernel-final-val: 14176
chain 20: kernel-best-val: 14181 kernel-final-val: 14181
chain 21: kernel-best-val: 14180 kernel-final-val: 14180
chain 22: kernel-best-val: 14183 kernel-final-val: 14182
chain 23: kernel-best-val: 14179 kernel-final-val: 14178
chain 24: kernel-best-val: 14179 kernel-final-val: 14179
chain 25: kernel-best-val: 14181 kernel-final-val: 14181
chain 26: kernel-best-val: 14179 kernel-final-val: 14179
chain 27: kernel-best-val: 14179 kernel-final-val: 14179
chain 28: kernel-best-val: 14179 kernel-final-val: 14179
chain 29: kernel-best-val: 14174 kernel-final-val: 14174
chain 30: kernel-best-val: 14179 kernel-final-val: 14179
chain 31: kernel-best-val: 14181 kernel-final-val: 14181
chain 32: kernel-best-val: 14176 kernel-final-val: 14176
chain 33: kernel-best-val: 14180 kernel-final-val: 14180
chain 34: kernel-best-val: 14171 kernel-final-val: 14171
chain 35: kernel-best-val: 14172 kernel-final-val: 14172
chain 36: kernel-best-val: 14173 kernel-final-val: 14173
chain 37: kernel-best-val: 14179 kernel-final-val: 14176
chain 38: kernel-best-val: 14181 kernel-final-val: 14180
chain 39: kernel-best-val: 14178 kernel-final-val: 14177
chain 40: kernel-best-val: 14180 kernel-final-val: 14180
chain 41: kernel-best-val: 14179 kernel-final-val: 14179
chain 42: kernel-best-val: 14176 kernel-final-val: 14176
chain 43: kernel-best-val: 14177 kernel-final-val: 14176
chain 44: kernel-best-val: 14171 kernel-final-val: 14171
chain 45: kernel-best-val: 14178 kernel-final-val: 14177
chain 46: kernel-best-val: 14184 kernel-final-val: 14183
chain 47: kernel-best-val: 14171 kernel-final-val: 14171
chain 48: kernel-best-val: 14179 kernel-final-val: 14178
chain 49: kernel-best-val: 14187 kernel-final-val: 14187
chain 50: kernel-best-val: 14181 kernel-final-val: 14181
chain 51: kernel-best-val: 14181 kernel-final-val: 14181
chain 52: kernel-best-val: 14179 kernel-final-val: 14179
chain 53: kernel-best-val: 14179 kernel-final-val: 14178
chain 54: kernel-best-val: 14180 kernel-final-val: 14180
chain 55: kernel-best-val: 14178 kernel-final-val: 14178
chain 56: kernel-best-val: 14184 kernel-final-val: 14183
chain 57: kernel-best-val: 14184 kernel-final-val: 14184
chain 58: kernel-best-val: 14185 kernel-final-val: 14185
chain 59: kernel-best-val: 14182 kernel-final-val: 14181
chain 60: kernel-best-val: 14181 kernel-final-val: 14180
chain 61: kernel-best-val: 14180 kernel-final-val: 14180
chain 62: kernel-best-val: 14172 kernel-final-val: 14172
chain 63: kernel-best-val: 14176 kernel-final-val: 14176
chain 64: kernel-best-val: 14180 kernel-final-val: 14179
chain 65: kernel-best-val: 14179 kernel-final-val: 14179
chain 66: kernel-best-val: 14180 kernel-final-val: 14180
chain 67: kernel-best-val: 14178 kernel-final-val: 14178
chain 68: kernel-best-val: 14180 kernel-final-val: 14180
chain 69: kernel-best-val: 14181 kernel-final-val: 14180
chain 70: kernel-best-val: 14180 kernel-final-val: 14180
chain 71: kernel-best-val: 14172 kernel-final-val: 14172
chain 72: kernel-best-val: 14178 kernel-final-val: 14178
chain 73: kernel-best-val: 14182 kernel-final-val: 14182
chain 74: kernel-best-val: 14180 kernel-final-val: 14180
chain 75: kernel-best-val: 14181 kernel-final-val: 14180
chain 76: kernel-best-val: 14180 kernel-final-val: 14180
chain 77: kernel-best-val: 14178 kernel-final-val: 14178
chain 78: kernel-best-val: 14181 kernel-final-val: 14181
chain 79: kernel-best-val: 14180 kernel-final-val: 14180
