Loaded: n=7000 m=17148 weight-scale=1 max-weighted-degree=14
Resolved seeds: 639724183,2271904256,3774744233,4258587823,2114635913,1215101278,4203783828,2829318980,582357312,3872585389,2339320212,2004144619,3044080317,2933554434,3761961817,3237721918,484684020,3994546105,3131259108,3391833700,2770082975,1799261530,2715144250,431522072,1416685838,3266452905,2975925930,2403665988,1356675463,2392307574,2510989021,775507716,1900649803,2959881882,1624336625,1474762658,886349232,3324126267,3411050726,1423027757,3759400381,975033066,2456471799,2142807503,3020715955,779990036,2152519936,1988428721,165807299,4179976085,380529500,1036860123,3397484142,2243344102,688404187,2455142811,930757479,2877532589,182441389,2028020946,2044195540,2700109785,109203423,2956952690,3540059467,974079996,396693491,725521180,3607724406,2784827167,777906685,2575538446,4162085203,1102870418,344857929,3269924277,2699039055,3937388539,1088319082,1684071253
Chains: 80 distinct-t0: 8 corr=walk s-width=32 B=14 total-sweeps-per-chain=80000000 score-path=int32-packed
tpb: 896
note: tpb 896 exceeds this kernel variant's launchable max of 512 threads (register-limited); clamped to 512.
excluded-from-time-sec: alloc+H2D 22.099 ms (12.36 MB, incl. 8 beta table(s), 911508 run(s), 10.94 MB) | D2H 1.665 ms | timed kernel 965315.875 ms
chain 0: kernel-best-val: 5787 kernel-final-val: 5787
chain 1: kernel-best-val: 5785 kernel-final-val: 5784
chain 2: kernel-best-val: 5788 kernel-final-val: 5788
chain 3: kernel-best-val: 5776 kernel-final-val: 5776
chain 4: kernel-best-val: 5789 kernel-final-val: 5789
chain 5: kernel-best-val: 5789 kernel-final-val: 5787
chain 6: kernel-best-val: 5789 kernel-final-val: 5789
chain 7: kernel-best-val: 5788 kernel-final-val: 5788
chain 8: kernel-best-val: 5789 kernel-final-val: 5789
chain 9: kernel-best-val: 5787 kernel-final-val: 5787
chain 10: kernel-best-val: 5790 kernel-final-val: 5790
chain 11: kernel-best-val: 5788 kernel-final-val: 5788
chain 12: kernel-best-val: 5787 kernel-final-val: 5787
chain 13: kernel-best-val: 5789 kernel-final-val: 5789
chain 14: kernel-best-val: 5784 kernel-final-val: 5783
chain 15: kernel-best-val: 5790 kernel-final-val: 5790
chain 16: kernel-best-val: 5786 kernel-final-val: 5786
chain 17: kernel-best-val: 5789 kernel-final-val: 5789
chain 18: kernel-best-val: 5790 kernel-final-val: 5790
chain 19: kernel-best-val: 5785 kernel-final-val: 5785
chain 20: kernel-best-val: 5782 kernel-final-val: 5782
chain 21: kernel-best-val: 5790 kernel-final-val: 5790
chain 22: kernel-best-val: 5789 kernel-final-val: 5789
chain 23: kernel-best-val: 5787 kernel-final-val: 5787
chain 24: kernel-best-val: 5785 kernel-final-val: 5784
chain 25: kernel-best-val: 5790 kernel-final-val: 5790
chain 26: kernel-best-val: 5786 kernel-final-val: 5786
chain 27: kernel-best-val: 5788 kernel-final-val: 5788
chain 28: kernel-best-val: 5783 kernel-final-val: 5783
chain 29: kernel-best-val: 5788 kernel-final-val: 5787
chain 30: kernel-best-val: 5789 kernel-final-val: 5789
chain 31: kernel-best-val: 5792 kernel-final-val: 5792
chain 32: kernel-best-val: 5789 kernel-final-val: 5789
chain 33: kernel-best-val: 5781 kernel-final-val: 5781
chain 34: kernel-best-val: 5779 kernel-final-val: 5779
chain 35: kernel-best-val: 5785 kernel-final-val: 5785
chain 36: kernel-best-val: 5785 kernel-final-val: 5784
chain 37: kernel-best-val: 5786 kernel-final-val: 5786
chain 38: kernel-best-val: 5789 kernel-final-val: 5789
chain 39: kernel-best-val: 5789 kernel-final-val: 5789
chain 40: kernel-best-val: 5786 kernel-final-val: 5786
chain 41: kernel-best-val: 5790 kernel-final-val: 5790
chain 42: kernel-best-val: 5784 kernel-final-val: 5784
chain 43: kernel-best-val: 5785 kernel-final-val: 5785
chain 44: kernel-best-val: 5787 kernel-final-val: 5787
chain 45: kernel-best-val: 5785 kernel-final-val: 5784
chain 46: kernel-best-val: 5790 kernel-final-val: 5790
chain 47: kernel-best-val: 5795 kernel-final-val: 5795
chain 48: kernel-best-val: 5787 kernel-final-val: 5786
chain 49: kernel-best-val: 5789 kernel-final-val: 5789
chain 50: kernel-best-val: 5787 kernel-final-val: 5787
chain 51: kernel-best-val: 5785 kernel-final-val: 5785
chain 52: kernel-best-val: 5789 kernel-final-val: 5789
chain 53: kernel-best-val: 5786 kernel-final-val: 5786
chain 54: kernel-best-val: 5786 kernel-final-val: 5786
chain 55: kernel-best-val: 5790 kernel-final-val: 5790
chain 56: kernel-best-val: 5786 kernel-final-val: 5785
chain 57: kernel-best-val: 5786 kernel-final-val: 5786
chain 58: kernel-best-val: 5785 kernel-final-val: 5785
chain 59: kernel-best-val: 5789 kernel-final-val: 5789
chain 60: kernel-best-val: 5783 kernel-final-val: 5783
chain 61: kernel-best-val: 5790 kernel-final-val: 5790
chain 62: kernel-best-val: 5787 kernel-final-val: 5785
chain 63: kernel-best-val: 5788 kernel-final-val: 5788
chain 64: kernel-best-val: 5790 kernel-final-val: 5790
chain 65: kernel-best-val: 5785 kernel-final-val: 5785
chain 66: kernel-best-val: 5777 kernel-final-val: 5777
chain 67: kernel-best-val: 5790 kernel-final-val: 5789
chain 68: kernel-best-val: 5790 kernel-final-val: 5790
chain 69: kernel-best-val: 5786 kernel-final-val: 5786
chain 70: kernel-best-val: 5787 kernel-final-val: 5786
chain 71: kernel-best-val: 5789 kernel-final-val: 5789
chain 72: kernel-best-val: 5783 kernel-final-val: 5783
chain 73: kernel-best-val: 5785 kernel-final-val: 5785
chain 74: kernel-best-val: 5790 kernel-final-val: 5789
chain 75: kernel-best-val: 5788 kernel-final-val: 5788
chain 76: kernel-best-val: 5785 kernel-final-val: 5784
chain 77: kernel-best-val: 5785 kernel-final-val: 5785
chain 78: kernel-best-val: 5787 kernel-final-val: 5787
chain 79: kernel-best-val: 5781 kernel-final-val: 5781
