Loaded: n=7000 m=14000 weight-scale=1 max-weighted-degree=4
Resolved seeds: 3101334246,466045861,4114354608,132378968,3591492369,2919100431,1878656963,94721123,881341709,3736707191,1834370104,2649684719,3173461537,1430886454,1487529063,1095390657,3847176292,2649600408,1831518861,1989362092,3901659823,1112557926,2259850468,3832277800,2853766136,2269535559,2099420808,4188024055,3922821641,949783747,2517459175,1592973664,2331653427,165509828,1901785986,3615831193,3971198496,3028842127,878051779,2636174723,2155563112,1761518325,1698190616,3814733847,3798648857,2379977759,4037163985,4028914303,1094349754,1869280858,2005407268,349701399,1228812443,3029909097,1866671815,1887223971,180348357,1427647651,2269656088,4140323715,1421466060,914151238,1144576877,89747385,3282743556,1165774662,2688638445,4122668942,4116850320,2546452633,398424942,2785362099,487906469,1339512650,1794531091,1523890598,2523845686,2028696643,212198486,3742909245
Chains: 80 distinct-t0: 8 corr=walk s-width=32 B=4 total-sweeps-per-chain=80000000 score-path=int32-packed
tpb: 896
note: tpb 896 exceeds this kernel variant's launchable max of 512 threads (register-limited); clamped to 512.
excluded-from-time-sec: alloc+H2D 12.622 ms (12.31 MB, incl. 8 beta table(s), 911508 run(s), 10.94 MB) | D2H 1.688 ms | timed kernel 878967.562 ms
chain 0: kernel-best-val: 4854 kernel-final-val: 4852
chain 1: kernel-best-val: 4856 kernel-final-val: 4854
chain 2: kernel-best-val: 4844 kernel-final-val: 4840
chain 3: kernel-best-val: 4848 kernel-final-val: 4844
chain 4: kernel-best-val: 4850 kernel-final-val: 4846
chain 5: kernel-best-val: 4842 kernel-final-val: 4842
chain 6: kernel-best-val: 4858 kernel-final-val: 4858
chain 7: kernel-best-val: 4856 kernel-final-val: 4856
chain 8: kernel-best-val: 4842 kernel-final-val: 4842
chain 9: kernel-best-val: 4854 kernel-final-val: 4852
chain 10: kernel-best-val: 4852 kernel-final-val: 4852
chain 11: kernel-best-val: 4846 kernel-final-val: 4844
chain 12: kernel-best-val: 4854 kernel-final-val: 4854
chain 13: kernel-best-val: 4852 kernel-final-val: 4852
chain 14: kernel-best-val: 4852 kernel-final-val: 4852
chain 15: kernel-best-val: 4856 kernel-final-val: 4854
chain 16: kernel-best-val: 4850 kernel-final-val: 4848
chain 17: kernel-best-val: 4850 kernel-final-val: 4848
chain 18: kernel-best-val: 4858 kernel-final-val: 4856
chain 19: kernel-best-val: 4850 kernel-final-val: 4850
chain 20: kernel-best-val: 4850 kernel-final-val: 4846
chain 21: kernel-best-val: 4852 kernel-final-val: 4852
chain 22: kernel-best-val: 4846 kernel-final-val: 4846
chain 23: kernel-best-val: 4848 kernel-final-val: 4846
chain 24: kernel-best-val: 4844 kernel-final-val: 4842
chain 25: kernel-best-val: 4852 kernel-final-val: 4848
chain 26: kernel-best-val: 4846 kernel-final-val: 4846
chain 27: kernel-best-val: 4850 kernel-final-val: 4850
chain 28: kernel-best-val: 4848 kernel-final-val: 4846
chain 29: kernel-best-val: 4856 kernel-final-val: 4852
chain 30: kernel-best-val: 4850 kernel-final-val: 4848
chain 31: kernel-best-val: 4850 kernel-final-val: 4850
chain 32: kernel-best-val: 4854 kernel-final-val: 4854
chain 33: kernel-best-val: 4852 kernel-final-val: 4852
chain 34: kernel-best-val: 4850 kernel-final-val: 4848
chain 35: kernel-best-val: 4852 kernel-final-val: 4852
chain 36: kernel-best-val: 4846 kernel-final-val: 4844
chain 37: kernel-best-val: 4848 kernel-final-val: 4848
chain 38: kernel-best-val: 4852 kernel-final-val: 4850
chain 39: kernel-best-val: 4850 kernel-final-val: 4844
chain 40: kernel-best-val: 4854 kernel-final-val: 4852
chain 41: kernel-best-val: 4854 kernel-final-val: 4850
chain 42: kernel-best-val: 4844 kernel-final-val: 4842
chain 43: kernel-best-val: 4850 kernel-final-val: 4848
chain 44: kernel-best-val: 4846 kernel-final-val: 4836
chain 45: kernel-best-val: 4850 kernel-final-val: 4850
chain 46: kernel-best-val: 4858 kernel-final-val: 4856
chain 47: kernel-best-val: 4852 kernel-final-val: 4852
chain 48: kernel-best-val: 4854 kernel-final-val: 4850
chain 49: kernel-best-val: 4850 kernel-final-val: 4844
chain 50: kernel-best-val: 4846 kernel-final-val: 4844
chain 51: kernel-best-val: 4834 kernel-final-val: 4830
chain 52: kernel-best-val: 4848 kernel-final-val: 4846
chain 53: kernel-best-val: 4858 kernel-final-val: 4852
chain 54: kernel-best-val: 4846 kernel-final-val: 4842
chain 55: kernel-best-val: 4850 kernel-final-val: 4848
chain 56: kernel-best-val: 4852 kernel-final-val: 4852
chain 57: kernel-best-val: 4848 kernel-final-val: 4846
chain 58: kernel-best-val: 4848 kernel-final-val: 4848
chain 59: kernel-best-val: 4842 kernel-final-val: 4842
chain 60: kernel-best-val: 4848 kernel-final-val: 4848
chain 61: kernel-best-val: 4850 kernel-final-val: 4842
chain 62: kernel-best-val: 4850 kernel-final-val: 4848
chain 63: kernel-best-val: 4854 kernel-final-val: 4850
chain 64: kernel-best-val: 4852 kernel-final-val: 4850
chain 65: kernel-best-val: 4848 kernel-final-val: 4842
chain 66: kernel-best-val: 4848 kernel-final-val: 4844
chain 67: kernel-best-val: 4846 kernel-final-val: 4844
chain 68: kernel-best-val: 4848 kernel-final-val: 4846
chain 69: kernel-best-val: 4850 kernel-final-val: 4850
chain 70: kernel-best-val: 4844 kernel-final-val: 4840
chain 71: kernel-best-val: 4850 kernel-final-val: 4850
chain 72: kernel-best-val: 4852 kernel-final-val: 4852
chain 73: kernel-best-val: 4848 kernel-final-val: 4848
chain 74: kernel-best-val: 4848 kernel-final-val: 4848
chain 75: kernel-best-val: 4854 kernel-final-val: 4852
chain 76: kernel-best-val: 4858 kernel-final-val: 4856
chain 77: kernel-best-val: 4852 kernel-final-val: 4844
chain 78: kernel-best-val: 4852 kernel-final-val: 4848
chain 79: kernel-best-val: 4844 kernel-final-val: 4844
