Loaded: n=7000 m=41459 weight-scale=1 max-weighted-degree=589
Resolved seeds: 2011483175,3690319723,3942281551,3726040979,3912339560,598586678,345228786,232770852,411209510,2131423642,1813835360,2293774496,1809294533,3281211368,2130719303,7603378,2991057289,3862639717,2418233516,3963924798,3681650295,761166545,1160379513,3194480215,3057138106,1657204611,252918097,1730774156,1806696088,41228846,3219519818,2110153987,1442413866,2991679962,2788890493,2616849288,1367632955,2319090095,952556029,670499108,1718972140,2493689978,1678738859,4024436449,3299289908,1000125255,3704323565,1416284849,2421668782,1230504473,725200733,2574203986,1144416691,3977279690,2741966047,3642375333,915641828,835265171,3173332852,3908801198,3085429954,3469923807,1370289746,2060753612,764675968,1441406004,2881928596,3240250829,2798070641,2624453580,2866170685,3698606365,3158102584,2721975474,3435667531,3403519216,607880227,3213599971,2156798691,1174399409
Chains: 80 distinct-t0: 8 corr=warpwalk s-width=32 B=589 total-sweeps-per-chain=80000000 score-path=int32-packed
tpb: 1024
note: tpb 1024 exceeds this kernel variant's launchable max of 512 threads (register-limited); clamped to 512.
excluded-from-time-sec: alloc+H2D 31.458 ms (12.75 MB, incl. 8 beta table(s), 911508 run(s), 10.94 MB) | D2H 1.684 ms | timed kernel 1008256.375 ms
chain 0: kernel-best-val: 27016 kernel-final-val: 27015
chain 1: kernel-best-val: 27005 kernel-final-val: 27005
chain 2: kernel-best-val: 27018 kernel-final-val: 27016
chain 3: kernel-best-val: 27015 kernel-final-val: 27014
chain 4: kernel-best-val: 27018 kernel-final-val: 27017
chain 5: kernel-best-val: 27015 kernel-final-val: 27014
chain 6: kernel-best-val: 27003 kernel-final-val: 27003
chain 7: kernel-best-val: 27015 kernel-final-val: 27015
chain 8: kernel-best-val: 27008 kernel-final-val: 27008
chain 9: kernel-best-val: 27011 kernel-final-val: 27010
chain 10: kernel-best-val: 27013 kernel-final-val: 27013
chain 11: kernel-best-val: 27030 kernel-final-val: 27030
chain 12: kernel-best-val: 27016 kernel-final-val: 27015
chain 13: kernel-best-val: 27030 kernel-final-val: 27030
chain 14: kernel-best-val: 27009 kernel-final-val: 27009
chain 15: kernel-best-val: 27014 kernel-final-val: 27014
chain 16: kernel-best-val: 27013 kernel-final-val: 27013
chain 17: kernel-best-val: 27014 kernel-final-val: 27013
chain 18: kernel-best-val: 27014 kernel-final-val: 27013
chain 19: kernel-best-val: 27018 kernel-final-val: 27018
chain 20: kernel-best-val: 27014 kernel-final-val: 27014
chain 21: kernel-best-val: 27019 kernel-final-val: 27018
chain 22: kernel-best-val: 27022 kernel-final-val: 27022
chain 23: kernel-best-val: 27005 kernel-final-val: 27005
chain 24: kernel-best-val: 27013 kernel-final-val: 27012
chain 25: kernel-best-val: 27012 kernel-final-val: 27011
chain 26: kernel-best-val: 27025 kernel-final-val: 27025
chain 27: kernel-best-val: 27014 kernel-final-val: 27014
chain 28: kernel-best-val: 27017 kernel-final-val: 27017
chain 29: kernel-best-val: 27022 kernel-final-val: 27021
chain 30: kernel-best-val: 27013 kernel-final-val: 27012
chain 31: kernel-best-val: 27031 kernel-final-val: 27030
chain 32: kernel-best-val: 27008 kernel-final-val: 27008
chain 33: kernel-best-val: 27020 kernel-final-val: 27019
chain 34: kernel-best-val: 27015 kernel-final-val: 27015
chain 35: kernel-best-val: 27019 kernel-final-val: 27019
chain 36: kernel-best-val: 27021 kernel-final-val: 27021
chain 37: kernel-best-val: 27018 kernel-final-val: 27018
chain 38: kernel-best-val: 27009 kernel-final-val: 27009
chain 39: kernel-best-val: 27000 kernel-final-val: 27000
chain 40: kernel-best-val: 27009 kernel-final-val: 27009
chain 41: kernel-best-val: 27011 kernel-final-val: 27011
chain 42: kernel-best-val: 27005 kernel-final-val: 27005
chain 43: kernel-best-val: 27005 kernel-final-val: 27005
chain 44: kernel-best-val: 27016 kernel-final-val: 27015
chain 45: kernel-best-val: 27015 kernel-final-val: 27015
chain 46: kernel-best-val: 27026 kernel-final-val: 27025
chain 47: kernel-best-val: 27004 kernel-final-val: 27004
chain 48: kernel-best-val: 27018 kernel-final-val: 27017
chain 49: kernel-best-val: 27007 kernel-final-val: 27006
chain 50: kernel-best-val: 27014 kernel-final-val: 27012
chain 51: kernel-best-val: 27013 kernel-final-val: 27013
chain 52: kernel-best-val: 27021 kernel-final-val: 27021
chain 53: kernel-best-val: 27001 kernel-final-val: 27001
chain 54: kernel-best-val: 27015 kernel-final-val: 27015
chain 55: kernel-best-val: 27017 kernel-final-val: 27017
chain 56: kernel-best-val: 27007 kernel-final-val: 27007
chain 57: kernel-best-val: 27011 kernel-final-val: 27011
chain 58: kernel-best-val: 27019 kernel-final-val: 27019
chain 59: kernel-best-val: 27022 kernel-final-val: 27021
chain 60: kernel-best-val: 27014 kernel-final-val: 27013
chain 61: kernel-best-val: 27005 kernel-final-val: 27002
chain 62: kernel-best-val: 27014 kernel-final-val: 27014
chain 63: kernel-best-val: 27001 kernel-final-val: 26999
chain 64: kernel-best-val: 27009 kernel-final-val: 27009
chain 65: kernel-best-val: 27025 kernel-final-val: 27025
chain 66: kernel-best-val: 27018 kernel-final-val: 27018
chain 67: kernel-best-val: 27010 kernel-final-val: 27009
chain 68: kernel-best-val: 27012 kernel-final-val: 27012
chain 69: kernel-best-val: 27015 kernel-final-val: 27015
chain 70: kernel-best-val: 27003 kernel-final-val: 27003
chain 71: kernel-best-val: 27010 kernel-final-val: 27010
chain 72: kernel-best-val: 27019 kernel-final-val: 27018
chain 73: kernel-best-val: 27007 kernel-final-val: 27007
chain 74: kernel-best-val: 27033 kernel-final-val: 27032
chain 75: kernel-best-val: 27027 kernel-final-val: 27026
chain 76: kernel-best-val: 27006 kernel-final-val: 27005
chain 77: kernel-best-val: 27026 kernel-final-val: 27025
chain 78: kernel-best-val: 27023 kernel-final-val: 27023
chain 79: kernel-best-val: 27016 kernel-final-val: 27015
