Loaded: n=7000 m=41459 weight-scale=1 max-weighted-degree=589
Resolved seeds: 696905557,1523059700,4084884540,1349925114,1941014367,670865018,1833930249,2824917047,4266259108,3161982330,2743672468,881222454,3575439808,3637211782,3862501797,1428652564,783612239,305788084,1708531350,4258411048,3588138974,1005044748,250326933,1393856152,1556290482,565090196,3305785101,3002058512,118003354,4240308388,3302662503,3537078031,2586516183,723612,2228724252,2067140657,1977211704,2788729054,3966804279,3445149203,2919266708,162445912,2217238492,3448412354,1439624887,381093539,3980014991,4194240653,1510144262,1774921421,1270315428,564168383,1547014105,758168055,3292602873,3166004147,1193809345,223788334,1492955133,1207265528,1308386176,1382028044,2850952665,729233397,4021241854,3825906421,604779376,4259511310,3889522988,2892220544,560373262,664360978,2578004212,1368683498,3827615982,3547887008,2972550889,3200927421,297912212,3090286079
Chains: 80 distinct-t0: 8 corr=warpwalk s-width=32 B=589 total-sweeps-per-chain=80000000 score-path=int32-packed
tpb: 1024
note: tpb 1024 exceeds this kernel variant's launchable max of 512 threads (register-limited); clamped to 512.
excluded-from-time-sec: alloc+H2D 31.501 ms (12.75 MB, incl. 8 beta table(s), 911508 run(s), 10.94 MB) | D2H 1.707 ms | timed kernel 1007309.562 ms
chain 0: kernel-best-val: 8694 kernel-final-val: 8692
chain 1: kernel-best-val: 8694 kernel-final-val: 8693
chain 2: kernel-best-val: 8726 kernel-final-val: 8726
chain 3: kernel-best-val: 8725 kernel-final-val: 8725
chain 4: kernel-best-val: 8728 kernel-final-val: 8728
chain 5: kernel-best-val: 8722 kernel-final-val: 8722
chain 6: kernel-best-val: 8733 kernel-final-val: 8733
chain 7: kernel-best-val: 8700 kernel-final-val: 8700
chain 8: kernel-best-val: 8664 kernel-final-val: 8664
chain 9: kernel-best-val: 8699 kernel-final-val: 8698
chain 10: kernel-best-val: 8707 kernel-final-val: 8707
chain 11: kernel-best-val: 8716 kernel-final-val: 8716
chain 12: kernel-best-val: 8700 kernel-final-val: 8700
chain 13: kernel-best-val: 8710 kernel-final-val: 8710
chain 14: kernel-best-val: 8683 kernel-final-val: 8682
chain 15: kernel-best-val: 8719 kernel-final-val: 8719
chain 16: kernel-best-val: 8706 kernel-final-val: 8706
chain 17: kernel-best-val: 8721 kernel-final-val: 8721
chain 18: kernel-best-val: 8690 kernel-final-val: 8689
chain 19: kernel-best-val: 8727 kernel-final-val: 8727
chain 20: kernel-best-val: 8728 kernel-final-val: 8727
chain 21: kernel-best-val: 8720 kernel-final-val: 8720
chain 22: kernel-best-val: 8687 kernel-final-val: 8687
chain 23: kernel-best-val: 8709 kernel-final-val: 8708
chain 24: kernel-best-val: 8709 kernel-final-val: 8708
chain 25: kernel-best-val: 8719 kernel-final-val: 8717
chain 26: kernel-best-val: 8711 kernel-final-val: 8708
chain 27: kernel-best-val: 8713 kernel-final-val: 8712
chain 28: kernel-best-val: 8736 kernel-final-val: 8736
chain 29: kernel-best-val: 8714 kernel-final-val: 8714
chain 30: kernel-best-val: 8696 kernel-final-val: 8696
chain 31: kernel-best-val: 8734 kernel-final-val: 8734
chain 32: kernel-best-val: 8700 kernel-final-val: 8699
chain 33: kernel-best-val: 8718 kernel-final-val: 8718
chain 34: kernel-best-val: 8702 kernel-final-val: 8700
chain 35: kernel-best-val: 8721 kernel-final-val: 8721
chain 36: kernel-best-val: 8731 kernel-final-val: 8730
chain 37: kernel-best-val: 8714 kernel-final-val: 8714
chain 38: kernel-best-val: 8705 kernel-final-val: 8705
chain 39: kernel-best-val: 8722 kernel-final-val: 8722
chain 40: kernel-best-val: 8663 kernel-final-val: 8662
chain 41: kernel-best-val: 8730 kernel-final-val: 8730
chain 42: kernel-best-val: 8721 kernel-final-val: 8721
chain 43: kernel-best-val: 8727 kernel-final-val: 8727
chain 44: kernel-best-val: 8715 kernel-final-val: 8714
chain 45: kernel-best-val: 8724 kernel-final-val: 8724
chain 46: kernel-best-val: 8706 kernel-final-val: 8706
chain 47: kernel-best-val: 8665 kernel-final-val: 8664
chain 48: kernel-best-val: 8719 kernel-final-val: 8719
chain 49: kernel-best-val: 8736 kernel-final-val: 8736
chain 50: kernel-best-val: 8720 kernel-final-val: 8720
chain 51: kernel-best-val: 8724 kernel-final-val: 8723
chain 52: kernel-best-val: 8722 kernel-final-val: 8719
chain 53: kernel-best-val: 8724 kernel-final-val: 8724
chain 54: kernel-best-val: 8710 kernel-final-val: 8710
chain 55: kernel-best-val: 8702 kernel-final-val: 8702
chain 56: kernel-best-val: 8700 kernel-final-val: 8699
chain 57: kernel-best-val: 8705 kernel-final-val: 8705
chain 58: kernel-best-val: 8701 kernel-final-val: 8700
chain 59: kernel-best-val: 8718 kernel-final-val: 8718
chain 60: kernel-best-val: 8738 kernel-final-val: 8738
chain 61: kernel-best-val: 8718 kernel-final-val: 8718
chain 62: kernel-best-val: 8718 kernel-final-val: 8717
chain 63: kernel-best-val: 8687 kernel-final-val: 8687
chain 64: kernel-best-val: 8685 kernel-final-val: 8685
chain 65: kernel-best-val: 8724 kernel-final-val: 8724
chain 66: kernel-best-val: 8701 kernel-final-val: 8700
chain 67: kernel-best-val: 8709 kernel-final-val: 8709
chain 68: kernel-best-val: 8694 kernel-final-val: 8694
chain 69: kernel-best-val: 8707 kernel-final-val: 8706
chain 70: kernel-best-val: 8708 kernel-final-val: 8707
chain 71: kernel-best-val: 8707 kernel-final-val: 8707
chain 72: kernel-best-val: 8706 kernel-final-val: 8706
chain 73: kernel-best-val: 8710 kernel-final-val: 8710
chain 74: kernel-best-val: 8711 kernel-final-val: 8711
chain 75: kernel-best-val: 8726 kernel-final-val: 8726
chain 76: kernel-best-val: 8724 kernel-final-val: 8723
chain 77: kernel-best-val: 8722 kernel-final-val: 8722
chain 78: kernel-best-val: 8723 kernel-final-val: 8723
chain 79: kernel-best-val: 8700 kernel-final-val: 8700
