Loaded: n=8000 m=16000 weight-scale=1 max-weighted-degree=4
Resolved seeds: 3545945241,4190028340,680204212,3880460190,3815728131,4214074259,3856667900,2326795422,4166443431,3168398178,3832242195,1770268913,2965164481,3951559347,1080680498,588290189,2597841737,463991677,2393442836,2917488564,615714573,4105075169,2907255367,3733206920,1835691153,588131826,145198176,510819947,87675929,113672348,1794506637,3856967090,502975131,1533620876,1988046413,1563307259,909944803,2003755731,3223819216,1386386951,3167507071,407673175,1113125524,1792517116,3480697445,2348416726,993961536,984400445,3805794635,619995564,2339609764,839361224,3420398746,3709557553,1410521920,4178970326,4275191080,1182311357,1038335460,179626423,3773989040,3968490652,3537276411,908211973,1515791999,1706301533,3118300172,2158297277,218891722,242259958,1980767607,4195922489,4284797157,1353098487,4142397120,1566501034,897082763,817496328,3364673557,1702639207
Chains: 80 distinct-t0: 8 corr=walk s-width=32 B=4 total-sweeps-per-chain=80000000 score-path=int32-packed
tpb: 896
note: tpb 896 exceeds this kernel variant's launchable max of 512 threads (register-limited); clamped to 512.
excluded-from-time-sec: alloc+H2D 13.950 ms (12.51 MB, incl. 8 beta table(s), 911508 run(s), 10.94 MB) | D2H 1.903 ms | timed kernel 907289.312 ms
chain 0: kernel-best-val: 5536 kernel-final-val: 5536
chain 1: kernel-best-val: 5544 kernel-final-val: 5540
chain 2: kernel-best-val: 5526 kernel-final-val: 5526
chain 3: kernel-best-val: 5530 kernel-final-val: 5526
chain 4: kernel-best-val: 5534 kernel-final-val: 5532
chain 5: kernel-best-val: 5530 kernel-final-val: 5524
chain 6: kernel-best-val: 5534 kernel-final-val: 5534
chain 7: kernel-best-val: 5542 kernel-final-val: 5542
chain 8: kernel-best-val: 5536 kernel-final-val: 5534
chain 9: kernel-best-val: 5530 kernel-final-val: 5530
chain 10: kernel-best-val: 5538 kernel-final-val: 5538
chain 11: kernel-best-val: 5538 kernel-final-val: 5538
chain 12: kernel-best-val: 5536 kernel-final-val: 5534
chain 13: kernel-best-val: 5534 kernel-final-val: 5534
chain 14: kernel-best-val: 5536 kernel-final-val: 5536
chain 15: kernel-best-val: 5532 kernel-final-val: 5530
chain 16: kernel-best-val: 5542 kernel-final-val: 5542
chain 17: kernel-best-val: 5534 kernel-final-val: 5534
chain 18: kernel-best-val: 5530 kernel-final-val: 5530
chain 19: kernel-best-val: 5530 kernel-final-val: 5528
chain 20: kernel-best-val: 5538 kernel-final-val: 5538
chain 21: kernel-best-val: 5536 kernel-final-val: 5536
chain 22: kernel-best-val: 5544 kernel-final-val: 5544
chain 23: kernel-best-val: 5530 kernel-final-val: 5526
chain 24: kernel-best-val: 5536 kernel-final-val: 5532
chain 25: kernel-best-val: 5542 kernel-final-val: 5542
chain 26: kernel-best-val: 5538 kernel-final-val: 5538
chain 27: kernel-best-val: 5530 kernel-final-val: 5530
chain 28: kernel-best-val: 5546 kernel-final-val: 5546
chain 29: kernel-best-val: 5524 kernel-final-val: 5524
chain 30: kernel-best-val: 5538 kernel-final-val: 5536
chain 31: kernel-best-val: 5532 kernel-final-val: 5526
chain 32: kernel-best-val: 5534 kernel-final-val: 5528
chain 33: kernel-best-val: 5536 kernel-final-val: 5536
chain 34: kernel-best-val: 5542 kernel-final-val: 5540
chain 35: kernel-best-val: 5526 kernel-final-val: 5522
chain 36: kernel-best-val: 5530 kernel-final-val: 5530
chain 37: kernel-best-val: 5540 kernel-final-val: 5538
chain 38: kernel-best-val: 5536 kernel-final-val: 5536
chain 39: kernel-best-val: 5544 kernel-final-val: 5542
chain 40: kernel-best-val: 5538 kernel-final-val: 5538
chain 41: kernel-best-val: 5530 kernel-final-val: 5528
chain 42: kernel-best-val: 5530 kernel-final-val: 5530
chain 43: kernel-best-val: 5528 kernel-final-val: 5528
chain 44: kernel-best-val: 5526 kernel-final-val: 5526
chain 45: kernel-best-val: 5530 kernel-final-val: 5530
chain 46: kernel-best-val: 5530 kernel-final-val: 5528
chain 47: kernel-best-val: 5538 kernel-final-val: 5538
chain 48: kernel-best-val: 5540 kernel-final-val: 5540
chain 49: kernel-best-val: 5534 kernel-final-val: 5532
chain 50: kernel-best-val: 5534 kernel-final-val: 5534
chain 51: kernel-best-val: 5534 kernel-final-val: 5534
chain 52: kernel-best-val: 5526 kernel-final-val: 5524
chain 53: kernel-best-val: 5532 kernel-final-val: 5532
chain 54: kernel-best-val: 5538 kernel-final-val: 5536
chain 55: kernel-best-val: 5526 kernel-final-val: 5524
chain 56: kernel-best-val: 5540 kernel-final-val: 5540
chain 57: kernel-best-val: 5540 kernel-final-val: 5538
chain 58: kernel-best-val: 5532 kernel-final-val: 5532
chain 59: kernel-best-val: 5540 kernel-final-val: 5540
chain 60: kernel-best-val: 5538 kernel-final-val: 5538
chain 61: kernel-best-val: 5538 kernel-final-val: 5536
chain 62: kernel-best-val: 5534 kernel-final-val: 5532
chain 63: kernel-best-val: 5522 kernel-final-val: 5518
chain 64: kernel-best-val: 5532 kernel-final-val: 5532
chain 65: kernel-best-val: 5528 kernel-final-val: 5528
chain 66: kernel-best-val: 5528 kernel-final-val: 5528
chain 67: kernel-best-val: 5538 kernel-final-val: 5536
chain 68: kernel-best-val: 5530 kernel-final-val: 5530
chain 69: kernel-best-val: 5540 kernel-final-val: 5540
chain 70: kernel-best-val: 5530 kernel-final-val: 5524
chain 71: kernel-best-val: 5526 kernel-final-val: 5522
chain 72: kernel-best-val: 5530 kernel-final-val: 5530
chain 73: kernel-best-val: 5528 kernel-final-val: 5524
chain 74: kernel-best-val: 5532 kernel-final-val: 5532
chain 75: kernel-best-val: 5536 kernel-final-val: 5536
chain 76: kernel-best-val: 5530 kernel-final-val: 5530
chain 77: kernel-best-val: 5534 kernel-final-val: 5532
chain 78: kernel-best-val: 5538 kernel-final-val: 5536
chain 79: kernel-best-val: 5530 kernel-final-val: 5528
