Loaded: n=9000 m=18000 weight-scale=1 max-weighted-degree=4
Resolved seeds: 3310384225,670790145,3243205274,4217693036,2055479619,2725232800,2013089738,708341768,1022315175,1047269602,3811811343,2134952892,1363563634,3261756169,2566814752,4092571878,3010038317,2209656031,1629205484,2177838857,4032501862,3487986048,177066576,3320589528,3111050607,4286688667,2127021216,3631724505,1404654127,2730374526,3386508584,1538263182,2272182324,4084922495,3361709376,3083028593,760236314,294292794,2339653917,1525060987,1256970789,2138642038,1203883540,2056282732,3115896884,226623280,3454527166,3427486403,1324051749,702309405,2904346577,2037951715,318689940,737397921,627892910,2286735998,519557765,279453489,2329566539,4039087108,4211124615,386765295,3975970145,1555098871,80243010,950367527,2713460756,3807077366,746550976,2703915470,416328327,292703726,749272467,1378247137,255752280,2819550863,3630154079,3103597688,3133610618,509991978
Chains: 80 distinct-t0: 8 corr=walk s-width=32 B=4 total-sweeps-per-chain=80000000 score-path=int32-packed
tpb: 896
note: tpb 896 exceeds this kernel variant's launchable max of 512 threads (register-limited); clamped to 512.
excluded-from-time-sec: alloc+H2D 15.241 ms (12.71 MB, incl. 8 beta table(s), 911508 run(s), 10.94 MB) | D2H 2.192 ms | timed kernel 981869.250 ms
chain 0: kernel-best-val: 6326 kernel-final-val: 6324
chain 1: kernel-best-val: 6338 kernel-final-val: 6338
chain 2: kernel-best-val: 6330 kernel-final-val: 6330
chain 3: kernel-best-val: 6330 kernel-final-val: 6328
chain 4: kernel-best-val: 6328 kernel-final-val: 6328
chain 5: kernel-best-val: 6336 kernel-final-val: 6336
chain 6: kernel-best-val: 6324 kernel-final-val: 6324
chain 7: kernel-best-val: 6336 kernel-final-val: 6336
chain 8: kernel-best-val: 6336 kernel-final-val: 6336
chain 9: kernel-best-val: 6330 kernel-final-val: 6330
chain 10: kernel-best-val: 6334 kernel-final-val: 6334
chain 11: kernel-best-val: 6330 kernel-final-val: 6330
chain 12: kernel-best-val: 6332 kernel-final-val: 6330
chain 13: kernel-best-val: 6334 kernel-final-val: 6334
chain 14: kernel-best-val: 6336 kernel-final-val: 6334
chain 15: kernel-best-val: 6336 kernel-final-val: 6334
chain 16: kernel-best-val: 6314 kernel-final-val: 6314
chain 17: kernel-best-val: 6320 kernel-final-val: 6318
chain 18: kernel-best-val: 6336 kernel-final-val: 6334
chain 19: kernel-best-val: 6324 kernel-final-val: 6322
chain 20: kernel-best-val: 6326 kernel-final-val: 6324
chain 21: kernel-best-val: 6326 kernel-final-val: 6326
chain 22: kernel-best-val: 6330 kernel-final-val: 6328
chain 23: kernel-best-val: 6332 kernel-final-val: 6332
chain 24: kernel-best-val: 6328 kernel-final-val: 6328
chain 25: kernel-best-val: 6324 kernel-final-val: 6324
chain 26: kernel-best-val: 6334 kernel-final-val: 6334
chain 27: kernel-best-val: 6326 kernel-final-val: 6326
chain 28: kernel-best-val: 6324 kernel-final-val: 6324
chain 29: kernel-best-val: 6342 kernel-final-val: 6342
chain 30: kernel-best-val: 6332 kernel-final-val: 6330
chain 31: kernel-best-val: 6322 kernel-final-val: 6322
chain 32: kernel-best-val: 6342 kernel-final-val: 6342
chain 33: kernel-best-val: 6330 kernel-final-val: 6330
chain 34: kernel-best-val: 6330 kernel-final-val: 6330
chain 35: kernel-best-val: 6334 kernel-final-val: 6334
chain 36: kernel-best-val: 6346 kernel-final-val: 6346
chain 37: kernel-best-val: 6336 kernel-final-val: 6336
chain 38: kernel-best-val: 6332 kernel-final-val: 6332
chain 39: kernel-best-val: 6340 kernel-final-val: 6340
chain 40: kernel-best-val: 6344 kernel-final-val: 6344
chain 41: kernel-best-val: 6328 kernel-final-val: 6326
chain 42: kernel-best-val: 6322 kernel-final-val: 6322
chain 43: kernel-best-val: 6320 kernel-final-val: 6320
chain 44: kernel-best-val: 6332 kernel-final-val: 6328
chain 45: kernel-best-val: 6324 kernel-final-val: 6324
chain 46: kernel-best-val: 6340 kernel-final-val: 6340
chain 47: kernel-best-val: 6336 kernel-final-val: 6334
chain 48: kernel-best-val: 6334 kernel-final-val: 6334
chain 49: kernel-best-val: 6328 kernel-final-val: 6328
chain 50: kernel-best-val: 6330 kernel-final-val: 6330
chain 51: kernel-best-val: 6346 kernel-final-val: 6346
chain 52: kernel-best-val: 6332 kernel-final-val: 6332
chain 53: kernel-best-val: 6336 kernel-final-val: 6336
chain 54: kernel-best-val: 6332 kernel-final-val: 6332
chain 55: kernel-best-val: 6328 kernel-final-val: 6328
chain 56: kernel-best-val: 6320 kernel-final-val: 6318
chain 57: kernel-best-val: 6336 kernel-final-val: 6336
chain 58: kernel-best-val: 6328 kernel-final-val: 6328
chain 59: kernel-best-val: 6320 kernel-final-val: 6318
chain 60: kernel-best-val: 6326 kernel-final-val: 6326
chain 61: kernel-best-val: 6334 kernel-final-val: 6334
chain 62: kernel-best-val: 6314 kernel-final-val: 6310
chain 63: kernel-best-val: 6330 kernel-final-val: 6330
chain 64: kernel-best-val: 6328 kernel-final-val: 6326
chain 65: kernel-best-val: 6342 kernel-final-val: 6342
chain 66: kernel-best-val: 6328 kernel-final-val: 6328
chain 67: kernel-best-val: 6338 kernel-final-val: 6336
chain 68: kernel-best-val: 6328 kernel-final-val: 6324
chain 69: kernel-best-val: 6330 kernel-final-val: 6330
chain 70: kernel-best-val: 6338 kernel-final-val: 6338
chain 71: kernel-best-val: 6334 kernel-final-val: 6334
chain 72: kernel-best-val: 6332 kernel-final-val: 6330
chain 73: kernel-best-val: 6332 kernel-final-val: 6332
chain 74: kernel-best-val: 6326 kernel-final-val: 6324
chain 75: kernel-best-val: 6344 kernel-final-val: 6344
chain 76: kernel-best-val: 6334 kernel-final-val: 6334
chain 77: kernel-best-val: 6334 kernel-final-val: 6334
chain 78: kernel-best-val: 6332 kernel-final-val: 6332
chain 79: kernel-best-val: 6322 kernel-final-val: 6322
