Loaded: n=10000 m=20000 weight-scale=1 max-weighted-degree=4
Resolved seeds: 610646265,3202504930,2024309147,2055653189,1017031915,2248775099,422426976,1698941114,29612501,1191274800,2651238866,3825468304,518871989,278710780,642228633,3179339184,1157044769,1861295002,3219477075,2475970406,1074281646,3597675859,3356502572,2958987513,903363494,3595292263,416530692,1662035580,427388357,3323165978,4188343037,2644062146,2938226342,3184881607,1646970700,1311899913,993292769,2825269587,3503153649,1102986581,3965452928,2418069266,2780771190,2604643102,436836286,3070146765,398382026,4163648582,3440807598,598663752,1133682083,978144732,4218267552,2243932162,85332330,4094478863,4183581380,2195249441,944300418,561000296,3804750476,4039428472,3939967528,3475025278,2667872124,906439910,1742673780,541489954,3129855212,1694047395,774973529,3876603889,3170259278,339421418,2789656080,2497691933,3285234547,1412229347,3774081331,3311527915
Chains: 80 distinct-t0: 8 corr=walk s-width=32 B=4 total-sweeps-per-chain=80000000 score-path=int32-packed
tpb: 896
note: tpb 896 exceeds this kernel variant's launchable max of 512 threads (register-limited); clamped to 512.
excluded-from-time-sec: alloc+H2D 16.563 ms (12.90 MB, incl. 8 beta table(s), 911508 run(s), 10.94 MB) | D2H 2.369 ms | timed kernel 998167.500 ms
chain 0: kernel-best-val: 6928 kernel-final-val: 6928
chain 1: kernel-best-val: 6918 kernel-final-val: 6918
chain 2: kernel-best-val: 6918 kernel-final-val: 6918
chain 3: kernel-best-val: 6920 kernel-final-val: 6920
chain 4: kernel-best-val: 6906 kernel-final-val: 6906
chain 5: kernel-best-val: 6916 kernel-final-val: 6916
chain 6: kernel-best-val: 6906 kernel-final-val: 6906
chain 7: kernel-best-val: 6918 kernel-final-val: 6918
chain 8: kernel-best-val: 6922 kernel-final-val: 6922
chain 9: kernel-best-val: 6924 kernel-final-val: 6924
chain 10: kernel-best-val: 6924 kernel-final-val: 6922
chain 11: kernel-best-val: 6916 kernel-final-val: 6916
chain 12: kernel-best-val: 6916 kernel-final-val: 6916
chain 13: kernel-best-val: 6918 kernel-final-val: 6918
chain 14: kernel-best-val: 6912 kernel-final-val: 6912
chain 15: kernel-best-val: 6914 kernel-final-val: 6914
chain 16: kernel-best-val: 6926 kernel-final-val: 6924
chain 17: kernel-best-val: 6910 kernel-final-val: 6910
chain 18: kernel-best-val: 6912 kernel-final-val: 6912
chain 19: kernel-best-val: 6908 kernel-final-val: 6908
chain 20: kernel-best-val: 6908 kernel-final-val: 6908
chain 21: kernel-best-val: 6916 kernel-final-val: 6916
chain 22: kernel-best-val: 6910 kernel-final-val: 6910
chain 23: kernel-best-val: 6918 kernel-final-val: 6918
chain 24: kernel-best-val: 6910 kernel-final-val: 6910
chain 25: kernel-best-val: 6920 kernel-final-val: 6920
chain 26: kernel-best-val: 6918 kernel-final-val: 6918
chain 27: kernel-best-val: 6926 kernel-final-val: 6926
chain 28: kernel-best-val: 6916 kernel-final-val: 6916
chain 29: kernel-best-val: 6914 kernel-final-val: 6912
chain 30: kernel-best-val: 6922 kernel-final-val: 6922
chain 31: kernel-best-val: 6914 kernel-final-val: 6914
chain 32: kernel-best-val: 6922 kernel-final-val: 6922
chain 33: kernel-best-val: 6916 kernel-final-val: 6914
chain 34: kernel-best-val: 6910 kernel-final-val: 6910
chain 35: kernel-best-val: 6916 kernel-final-val: 6916
chain 36: kernel-best-val: 6920 kernel-final-val: 6920
chain 37: kernel-best-val: 6918 kernel-final-val: 6918
chain 38: kernel-best-val: 6916 kernel-final-val: 6916
chain 39: kernel-best-val: 6912 kernel-final-val: 6912
chain 40: kernel-best-val: 6918 kernel-final-val: 6918
chain 41: kernel-best-val: 6904 kernel-final-val: 6904
chain 42: kernel-best-val: 6918 kernel-final-val: 6918
chain 43: kernel-best-val: 6912 kernel-final-val: 6912
chain 44: kernel-best-val: 6914 kernel-final-val: 6912
chain 45: kernel-best-val: 6916 kernel-final-val: 6916
chain 46: kernel-best-val: 6914 kernel-final-val: 6914
chain 47: kernel-best-val: 6926 kernel-final-val: 6926
chain 48: kernel-best-val: 6906 kernel-final-val: 6906
chain 49: kernel-best-val: 6918 kernel-final-val: 6918
chain 50: kernel-best-val: 6914 kernel-final-val: 6912
chain 51: kernel-best-val: 6916 kernel-final-val: 6916
chain 52: kernel-best-val: 6928 kernel-final-val: 6928
chain 53: kernel-best-val: 6916 kernel-final-val: 6916
chain 54: kernel-best-val: 6924 kernel-final-val: 6924
chain 55: kernel-best-val: 6914 kernel-final-val: 6914
chain 56: kernel-best-val: 6914 kernel-final-val: 6914
chain 57: kernel-best-val: 6916 kernel-final-val: 6916
chain 58: kernel-best-val: 6908 kernel-final-val: 6908
chain 59: kernel-best-val: 6916 kernel-final-val: 6916
chain 60: kernel-best-val: 6910 kernel-final-val: 6910
chain 61: kernel-best-val: 6914 kernel-final-val: 6914
chain 62: kernel-best-val: 6916 kernel-final-val: 6914
chain 63: kernel-best-val: 6922 kernel-final-val: 6922
chain 64: kernel-best-val: 6920 kernel-final-val: 6920
chain 65: kernel-best-val: 6918 kernel-final-val: 6918
chain 66: kernel-best-val: 6912 kernel-final-val: 6912
chain 67: kernel-best-val: 6924 kernel-final-val: 6924
chain 68: kernel-best-val: 6920 kernel-final-val: 6920
chain 69: kernel-best-val: 6902 kernel-final-val: 6902
chain 70: kernel-best-val: 6920 kernel-final-val: 6920
chain 71: kernel-best-val: 6916 kernel-final-val: 6916
chain 72: kernel-best-val: 6916 kernel-final-val: 6916
chain 73: kernel-best-val: 6912 kernel-final-val: 6912
chain 74: kernel-best-val: 6916 kernel-final-val: 6914
chain 75: kernel-best-val: 6916 kernel-final-val: 6916
chain 76: kernel-best-val: 6908 kernel-final-val: 6908
chain 77: kernel-best-val: 6920 kernel-final-val: 6920
chain 78: kernel-best-val: 6912 kernel-final-val: 6912
chain 79: kernel-best-val: 6922 kernel-final-val: 6922
