Loaded: n=10000 m=9999 weight-scale=1 max-weighted-degree=9
Resolved seeds: 2092086938,3572911303,1276876192,3509957379,1719932719,1022509717,1235733022,139502004,3323015764,3644404499,1403564890,1651208389,1205590493,3300485602,3549526743,3146652031,1703174464,3650547944,1690446422,1509531347,4260026963,2702793795,2582318808,4111373777,4078798655,370121594,3898109758,1282500665,3313914566,1534453079,3707965107,568122211,983089321,963313223,4053134219,838024941,4017491156,350795926,3110712358,2987057559,68128427,3746909516,837487258,4027932704,471916524,2977782068,1422174857,2226478519,3475719355,2224410751,971716593,3403627507,2119660999,842500880,1285726951,2014596277,3614771342,143975680,3049692101,3213902911,1203317156,2767691148,320800486,3975569714,1534250163,160961874,3487735248,113742250,1930392653,1467498963,98697188,3591266482,3165447234,2524374633,1287385610,2827226532,3238613887,2292770598,1594038854,1338377592
Chains: 80 distinct-t0: 8 corr=walk s-width=32 B=9 total-sweeps-per-chain=80000000 score-path=int32-packed
tpb: 896
note: tpb 896 exceeds this kernel variant's launchable max of 512 threads (register-limited); clamped to 512.
excluded-from-time-sec: alloc+H2D 18.353 ms (12.52 MB, incl. 8 beta table(s), 911508 run(s), 10.94 MB) | D2H 2.110 ms | timed kernel 971753.938 ms
chain 0: kernel-best-val: 9585 kernel-final-val: 9585
chain 1: kernel-best-val: 9585 kernel-final-val: 9585
chain 2: kernel-best-val: 9585 kernel-final-val: 9584
chain 3: kernel-best-val: 9583 kernel-final-val: 9583
chain 4: kernel-best-val: 9586 kernel-final-val: 9585
chain 5: kernel-best-val: 9586 kernel-final-val: 9586
chain 6: kernel-best-val: 9581 kernel-final-val: 9581
chain 7: kernel-best-val: 9584 kernel-final-val: 9583
chain 8: kernel-best-val: 9586 kernel-final-val: 9586
chain 9: kernel-best-val: 9583 kernel-final-val: 9583
chain 10: kernel-best-val: 9584 kernel-final-val: 9584
chain 11: kernel-best-val: 9582 kernel-final-val: 9582
chain 12: kernel-best-val: 9588 kernel-final-val: 9588
chain 13: kernel-best-val: 9583 kernel-final-val: 9583
chain 14: kernel-best-val: 9586 kernel-final-val: 9585
chain 15: kernel-best-val: 9582 kernel-final-val: 9581
chain 16: kernel-best-val: 9587 kernel-final-val: 9587
chain 17: kernel-best-val: 9582 kernel-final-val: 9582
chain 18: kernel-best-val: 9584 kernel-final-val: 9584
chain 19: kernel-best-val: 9586 kernel-final-val: 9586
chain 20: kernel-best-val: 9586 kernel-final-val: 9585
chain 21: kernel-best-val: 9588 kernel-final-val: 9588
chain 22: kernel-best-val: 9589 kernel-final-val: 9588
chain 23: kernel-best-val: 9591 kernel-final-val: 9591
chain 24: kernel-best-val: 9583 kernel-final-val: 9582
chain 25: kernel-best-val: 9584 kernel-final-val: 9584
chain 26: kernel-best-val: 9583 kernel-final-val: 9582
chain 27: kernel-best-val: 9584 kernel-final-val: 9584
chain 28: kernel-best-val: 9581 kernel-final-val: 9581
chain 29: kernel-best-val: 9581 kernel-final-val: 9581
chain 30: kernel-best-val: 9583 kernel-final-val: 9583
chain 31: kernel-best-val: 9586 kernel-final-val: 9586
chain 32: kernel-best-val: 9585 kernel-final-val: 9585
chain 33: kernel-best-val: 9582 kernel-final-val: 9582
chain 34: kernel-best-val: 9582 kernel-final-val: 9581
chain 35: kernel-best-val: 9590 kernel-final-val: 9589
chain 36: kernel-best-val: 9582 kernel-final-val: 9582
chain 37: kernel-best-val: 9590 kernel-final-val: 9590
chain 38: kernel-best-val: 9584 kernel-final-val: 9584
chain 39: kernel-best-val: 9583 kernel-final-val: 9583
chain 40: kernel-best-val: 9585 kernel-final-val: 9584
chain 41: kernel-best-val: 9586 kernel-final-val: 9586
chain 42: kernel-best-val: 9584 kernel-final-val: 9584
chain 43: kernel-best-val: 9585 kernel-final-val: 9585
chain 44: kernel-best-val: 9589 kernel-final-val: 9588
chain 45: kernel-best-val: 9585 kernel-final-val: 9585
chain 46: kernel-best-val: 9586 kernel-final-val: 9586
chain 47: kernel-best-val: 9590 kernel-final-val: 9590
chain 48: kernel-best-val: 9587 kernel-final-val: 9587
chain 49: kernel-best-val: 9587 kernel-final-val: 9587
chain 50: kernel-best-val: 9585 kernel-final-val: 9585
chain 51: kernel-best-val: 9579 kernel-final-val: 9578
chain 52: kernel-best-val: 9583 kernel-final-val: 9583
chain 53: kernel-best-val: 9588 kernel-final-val: 9588
chain 54: kernel-best-val: 9587 kernel-final-val: 9587
chain 55: kernel-best-val: 9583 kernel-final-val: 9583
chain 56: kernel-best-val: 9588 kernel-final-val: 9588
chain 57: kernel-best-val: 9587 kernel-final-val: 9587
chain 58: kernel-best-val: 9584 kernel-final-val: 9583
chain 59: kernel-best-val: 9586 kernel-final-val: 9585
chain 60: kernel-best-val: 9587 kernel-final-val: 9586
chain 61: kernel-best-val: 9587 kernel-final-val: 9587
chain 62: kernel-best-val: 9584 kernel-final-val: 9584
chain 63: kernel-best-val: 9586 kernel-final-val: 9585
chain 64: kernel-best-val: 9583 kernel-final-val: 9582
chain 65: kernel-best-val: 9586 kernel-final-val: 9586
chain 66: kernel-best-val: 9589 kernel-final-val: 9589
chain 67: kernel-best-val: 9590 kernel-final-val: 9589
chain 68: kernel-best-val: 9582 kernel-final-val: 9582
chain 69: kernel-best-val: 9585 kernel-final-val: 9584
chain 70: kernel-best-val: 9580 kernel-final-val: 9580
chain 71: kernel-best-val: 9591 kernel-final-val: 9591
chain 72: kernel-best-val: 9588 kernel-final-val: 9587
chain 73: kernel-best-val: 9586 kernel-final-val: 9586
chain 74: kernel-best-val: 9586 kernel-final-val: 9586
chain 75: kernel-best-val: 9582 kernel-final-val: 9582
chain 76: kernel-best-val: 9591 kernel-final-val: 9590
chain 77: kernel-best-val: 9587 kernel-final-val: 9587
chain 78: kernel-best-val: 9588 kernel-final-val: 9588
chain 79: kernel-best-val: 9587 kernel-final-val: 9587
