Loaded: n=10000 m=20000 weight-scale=1 max-weighted-degree=4
Resolved seeds: 2061503133,2343144436,1337099992,1366786168,1217070018,3877114927,1823879396,3136064459,3019556343,2958241859,809931324,1704019537,2554465742,57854073,1957111102,2091383892,1123648129,694674889,1811904242,2556971645,3466406690,2770013325,1009312252,898600477,576010292,3439559595,3240733825,3163133617,3342362725,3677012983,96887283,882167951,1980764214,2452168631,2210484285,3133094904,1132697475,854767805,4005431887,1729605843,1724789603,4275630600,4013912489,1860830226,197648590,2527560750,1643911162,3852943112,2396026880,1302794503,2212500161,743497803,71349869,3200506668,256947441,3596078031,2171148414,3535966678,1738933963,2614590009,1229361370,4040806586,2760823382,1331495320,1165769493,2720123632,3570801508,253738376,3002489003,4146547254,1174388422,2091344093,2537840430,3662905486,3358613731,959839926,3903730714,2471917814,462318434,86737029
Chains: 80 distinct-t0: 8 corr=walk s-width=32 B=4 total-sweeps-per-chain=80000000 score-path=int32-packed
tpb: 896
note: tpb 896 exceeds this kernel variant's launchable max of 512 threads (register-limited); clamped to 512.
excluded-from-time-sec: alloc+H2D 16.561 ms (12.90 MB, incl. 8 beta table(s), 911508 run(s), 10.94 MB) | D2H 2.389 ms | timed kernel 999042.625 ms
chain 0: kernel-best-val: 6976 kernel-final-val: 6976
chain 1: kernel-best-val: 6970 kernel-final-val: 6970
chain 2: kernel-best-val: 6970 kernel-final-val: 6970
chain 3: kernel-best-val: 6970 kernel-final-val: 6970
chain 4: kernel-best-val: 6974 kernel-final-val: 6974
chain 5: kernel-best-val: 6968 kernel-final-val: 6968
chain 6: kernel-best-val: 6972 kernel-final-val: 6972
chain 7: kernel-best-val: 6982 kernel-final-val: 6982
chain 8: kernel-best-val: 6956 kernel-final-val: 6954
chain 9: kernel-best-val: 6972 kernel-final-val: 6972
chain 10: kernel-best-val: 6972 kernel-final-val: 6972
chain 11: kernel-best-val: 6966 kernel-final-val: 6966
chain 12: kernel-best-val: 6970 kernel-final-val: 6970
chain 13: kernel-best-val: 6968 kernel-final-val: 6968
chain 14: kernel-best-val: 6974 kernel-final-val: 6974
chain 15: kernel-best-val: 6964 kernel-final-val: 6964
chain 16: kernel-best-val: 6972 kernel-final-val: 6972
chain 17: kernel-best-val: 6976 kernel-final-val: 6976
chain 18: kernel-best-val: 6972 kernel-final-val: 6970
chain 19: kernel-best-val: 6974 kernel-final-val: 6972
chain 20: kernel-best-val: 6972 kernel-final-val: 6972
chain 21: kernel-best-val: 6966 kernel-final-val: 6966
chain 22: kernel-best-val: 6968 kernel-final-val: 6968
chain 23: kernel-best-val: 6966 kernel-final-val: 6966
chain 24: kernel-best-val: 6978 kernel-final-val: 6976
chain 25: kernel-best-val: 6980 kernel-final-val: 6980
chain 26: kernel-best-val: 6978 kernel-final-val: 6978
chain 27: kernel-best-val: 6970 kernel-final-val: 6970
chain 28: kernel-best-val: 6980 kernel-final-val: 6980
chain 29: kernel-best-val: 6964 kernel-final-val: 6964
chain 30: kernel-best-val: 6968 kernel-final-val: 6968
chain 31: kernel-best-val: 6978 kernel-final-val: 6978
chain 32: kernel-best-val: 6974 kernel-final-val: 6974
chain 33: kernel-best-val: 6972 kernel-final-val: 6972
chain 34: kernel-best-val: 6978 kernel-final-val: 6978
chain 35: kernel-best-val: 6948 kernel-final-val: 6948
chain 36: kernel-best-val: 6970 kernel-final-val: 6970
chain 37: kernel-best-val: 6972 kernel-final-val: 6972
chain 38: kernel-best-val: 6978 kernel-final-val: 6978
chain 39: kernel-best-val: 6968 kernel-final-val: 6968
chain 40: kernel-best-val: 6974 kernel-final-val: 6974
chain 41: kernel-best-val: 6966 kernel-final-val: 6966
chain 42: kernel-best-val: 6966 kernel-final-val: 6966
chain 43: kernel-best-val: 6974 kernel-final-val: 6972
chain 44: kernel-best-val: 6978 kernel-final-val: 6978
chain 45: kernel-best-val: 6978 kernel-final-val: 6974
chain 46: kernel-best-val: 6972 kernel-final-val: 6970
chain 47: kernel-best-val: 6980 kernel-final-val: 6978
chain 48: kernel-best-val: 6968 kernel-final-val: 6968
chain 49: kernel-best-val: 6974 kernel-final-val: 6974
chain 50: kernel-best-val: 6974 kernel-final-val: 6974
chain 51: kernel-best-val: 6972 kernel-final-val: 6972
chain 52: kernel-best-val: 6972 kernel-final-val: 6972
chain 53: kernel-best-val: 6968 kernel-final-val: 6968
chain 54: kernel-best-val: 6978 kernel-final-val: 6978
chain 55: kernel-best-val: 6970 kernel-final-val: 6970
chain 56: kernel-best-val: 6972 kernel-final-val: 6970
chain 57: kernel-best-val: 6966 kernel-final-val: 6966
chain 58: kernel-best-val: 6970 kernel-final-val: 6970
chain 59: kernel-best-val: 6972 kernel-final-val: 6972
chain 60: kernel-best-val: 6974 kernel-final-val: 6974
chain 61: kernel-best-val: 6982 kernel-final-val: 6982
chain 62: kernel-best-val: 6982 kernel-final-val: 6982
chain 63: kernel-best-val: 6970 kernel-final-val: 6970
chain 64: kernel-best-val: 6972 kernel-final-val: 6972
chain 65: kernel-best-val: 6966 kernel-final-val: 6966
chain 66: kernel-best-val: 6972 kernel-final-val: 6970
chain 67: kernel-best-val: 6968 kernel-final-val: 6968
chain 68: kernel-best-val: 6970 kernel-final-val: 6970
chain 69: kernel-best-val: 6972 kernel-final-val: 6972
chain 70: kernel-best-val: 6974 kernel-final-val: 6974
chain 71: kernel-best-val: 6958 kernel-final-val: 6956
chain 72: kernel-best-val: 6972 kernel-final-val: 6972
chain 73: kernel-best-val: 6966 kernel-final-val: 6966
chain 74: kernel-best-val: 6974 kernel-final-val: 6974
chain 75: kernel-best-val: 6966 kernel-final-val: 6966
chain 76: kernel-best-val: 6974 kernel-final-val: 6974
chain 77: kernel-best-val: 6980 kernel-final-val: 6978
chain 78: kernel-best-val: 6960 kernel-final-val: 6960
chain 79: kernel-best-val: 6972 kernel-final-val: 6972
