Loaded: n=14000 m=28000 weight-scale=1 max-weighted-degree=4
Resolved seeds: 2692561414,2401436568,4052370524,3469347587,2222388990,2424417904,225873923,1256998757,1016513739,885133618,3695301567,3665381277,1961175923,1251448876,1679480420,4062395464,2297460203,2854144644,1763583333,3854146640,2838223981,3451264680,3702129116,538254319,3003869818,3682352021,4127270001,3817088170,138612504,669552293,1612505502,1317004924,2978951492,1369066245,2944312,2643995407,1242842793,194376813,1706671546,3107993351,1452236968,1387900014,1840577261,3769069136,3957583261,1625818459,1273292071,1394094517,1358223517,1789386115,2092632843,1215543307,3086962275,921404513,1863552136,2911823571,1231410239,3327445745,979892249,3247844052,1638946337,4249150037,726899796,1282309920,1715674789,2518306225,2525290602,501722378,2249546287,3158392482,4009283509,1939522641,3867399140,302581855,1848303565,2919683277,1578337157,64753922,2652111289,2847324626
Chains: 80 distinct-t0: 8 corr=walk s-width=32 B=4 total-sweeps-per-chain=80000000 score-path=int32-packed
tpb: 896
note: tpb 896 exceeds this kernel variant's launchable max of 512 threads (register-limited); clamped to 512.
excluded-from-time-sec: alloc+H2D 22.195 ms (13.69 MB, incl. 8 beta table(s), 911508 run(s), 10.94 MB) | D2H 3.401 ms | timed kernel 1097449.750 ms
chain 0: kernel-best-val: 9892 kernel-final-val: 9890
chain 1: kernel-best-val: 9880 kernel-final-val: 9880
chain 2: kernel-best-val: 9882 kernel-final-val: 9880
chain 3: kernel-best-val: 9888 kernel-final-val: 9888
chain 4: kernel-best-val: 9902 kernel-final-val: 9902
chain 5: kernel-best-val: 9894 kernel-final-val: 9892
chain 6: kernel-best-val: 9892 kernel-final-val: 9892
chain 7: kernel-best-val: 9882 kernel-final-val: 9882
chain 8: kernel-best-val: 9896 kernel-final-val: 9892
chain 9: kernel-best-val: 9880 kernel-final-val: 9880
chain 10: kernel-best-val: 9892 kernel-final-val: 9890
chain 11: kernel-best-val: 9874 kernel-final-val: 9874
chain 12: kernel-best-val: 9892 kernel-final-val: 9892
chain 13: kernel-best-val: 9900 kernel-final-val: 9900
chain 14: kernel-best-val: 9882 kernel-final-val: 9882
chain 15: kernel-best-val: 9892 kernel-final-val: 9892
chain 16: kernel-best-val: 9896 kernel-final-val: 9896
chain 17: kernel-best-val: 9884 kernel-final-val: 9884
chain 18: kernel-best-val: 9884 kernel-final-val: 9884
chain 19: kernel-best-val: 9894 kernel-final-val: 9888
chain 20: kernel-best-val: 9894 kernel-final-val: 9894
chain 21: kernel-best-val: 9888 kernel-final-val: 9886
chain 22: kernel-best-val: 9888 kernel-final-val: 9886
chain 23: kernel-best-val: 9896 kernel-final-val: 9890
chain 24: kernel-best-val: 9890 kernel-final-val: 9886
chain 25: kernel-best-val: 9898 kernel-final-val: 9892
chain 26: kernel-best-val: 9888 kernel-final-val: 9882
chain 27: kernel-best-val: 9892 kernel-final-val: 9892
chain 28: kernel-best-val: 9890 kernel-final-val: 9884
chain 29: kernel-best-val: 9894 kernel-final-val: 9886
chain 30: kernel-best-val: 9892 kernel-final-val: 9886
chain 31: kernel-best-val: 9892 kernel-final-val: 9890
chain 32: kernel-best-val: 9892 kernel-final-val: 9890
chain 33: kernel-best-val: 9896 kernel-final-val: 9896
chain 34: kernel-best-val: 9890 kernel-final-val: 9888
chain 35: kernel-best-val: 9896 kernel-final-val: 9896
chain 36: kernel-best-val: 9896 kernel-final-val: 9896
chain 37: kernel-best-val: 9874 kernel-final-val: 9870
chain 38: kernel-best-val: 9894 kernel-final-val: 9894
chain 39: kernel-best-val: 9896 kernel-final-val: 9896
chain 40: kernel-best-val: 9886 kernel-final-val: 9876
chain 41: kernel-best-val: 9894 kernel-final-val: 9894
chain 42: kernel-best-val: 9892 kernel-final-val: 9890
chain 43: kernel-best-val: 9884 kernel-final-val: 9884
chain 44: kernel-best-val: 9896 kernel-final-val: 9896
chain 45: kernel-best-val: 9892 kernel-final-val: 9892
chain 46: kernel-best-val: 9886 kernel-final-val: 9886
chain 47: kernel-best-val: 9892 kernel-final-val: 9892
chain 48: kernel-best-val: 9890 kernel-final-val: 9886
chain 49: kernel-best-val: 9892 kernel-final-val: 9890
chain 50: kernel-best-val: 9894 kernel-final-val: 9892
chain 51: kernel-best-val: 9894 kernel-final-val: 9894
chain 52: kernel-best-val: 9888 kernel-final-val: 9888
chain 53: kernel-best-val: 9894 kernel-final-val: 9894
chain 54: kernel-best-val: 9880 kernel-final-val: 9880
chain 55: kernel-best-val: 9888 kernel-final-val: 9886
chain 56: kernel-best-val: 9894 kernel-final-val: 9892
chain 57: kernel-best-val: 9890 kernel-final-val: 9890
chain 58: kernel-best-val: 9890 kernel-final-val: 9888
chain 59: kernel-best-val: 9890 kernel-final-val: 9890
chain 60: kernel-best-val: 9888 kernel-final-val: 9888
chain 61: kernel-best-val: 9898 kernel-final-val: 9898
chain 62: kernel-best-val: 9892 kernel-final-val: 9892
chain 63: kernel-best-val: 9896 kernel-final-val: 9890
chain 64: kernel-best-val: 9888 kernel-final-val: 9884
chain 65: kernel-best-val: 9896 kernel-final-val: 9890
chain 66: kernel-best-val: 9888 kernel-final-val: 9884
chain 67: kernel-best-val: 9892 kernel-final-val: 9888
chain 68: kernel-best-val: 9890 kernel-final-val: 9890
chain 69: kernel-best-val: 9888 kernel-final-val: 9884
chain 70: kernel-best-val: 9894 kernel-final-val: 9884
chain 71: kernel-best-val: 9886 kernel-final-val: 9886
chain 72: kernel-best-val: 9896 kernel-final-val: 9894
chain 73: kernel-best-val: 9884 kernel-final-val: 9884
chain 74: kernel-best-val: 9892 kernel-final-val: 9892
chain 75: kernel-best-val: 9884 kernel-final-val: 9884
chain 76: kernel-best-val: 9882 kernel-final-val: 9880
chain 77: kernel-best-val: 9894 kernel-final-val: 9894
chain 78: kernel-best-val: 9888 kernel-final-val: 9888
chain 79: kernel-best-val: 9884 kernel-final-val: 9884
