Loaded: n=20000 m=40000 weight-scale=1 max-weighted-degree=4
Resolved seeds: 1216299281,4151463231,3312177134,2624225020,3521007381,3365921032,1945130166,271807156,3989836541,2799699243,352682129,2747304895,4216887882,2573529059,3912514585,200326203,956715342,1550281278,517080536,2198354095,2411009423,2665516346,42154584,544943115,2185159640,2505227374,1883832521,1754987418,2052616742,3982013373,3504703222,2961966674,2264772583,1509356546,1996835813,783114151,1220901092,2048401149,3141778819,1694544686,4122839411,539019935,3905813282,1103306803,2522630469,2877874289,2584984314,596344430,3716363855,1609884452,3996182860,384655140,2948781879,1467056738,3683853247,1016525488,4038998363,6749736,4146595214,630120655,3703269133,3998815260,4161890094,1267842560,2270802121,1114925533,2911200871,2746753817,1737420593,2756977589,2017089113,690973982,586969207,2830600516,2429583833,2517923549,2543493509,2868123074,412045996,1782058790
Chains: 80 distinct-t0: 8 corr=walk s-width=32 B=4 total-sweeps-per-chain=80000000 score-path=int32-packed
tpb: 896
note: tpb 896 exceeds this kernel variant's launchable max of 512 threads (register-limited); clamped to 512.
excluded-from-time-sec: alloc+H2D 30.066 ms (14.86 MB, incl. 8 beta table(s), 911508 run(s), 10.94 MB) | D2H 4.675 ms | timed kernel 1314955.750 ms
chain 0: kernel-best-val: 13992 kernel-final-val: 13992
chain 1: kernel-best-val: 14006 kernel-final-val: 14006
chain 2: kernel-best-val: 13988 kernel-final-val: 13988
chain 3: kernel-best-val: 13992 kernel-final-val: 13992
chain 4: kernel-best-val: 14000 kernel-final-val: 14000
chain 5: kernel-best-val: 13996 kernel-final-val: 13996
chain 6: kernel-best-val: 13986 kernel-final-val: 13986
chain 7: kernel-best-val: 13994 kernel-final-val: 13994
chain 8: kernel-best-val: 13992 kernel-final-val: 13992
chain 9: kernel-best-val: 13990 kernel-final-val: 13990
chain 10: kernel-best-val: 13994 kernel-final-val: 13994
chain 11: kernel-best-val: 13990 kernel-final-val: 13990
chain 12: kernel-best-val: 13978 kernel-final-val: 13978
chain 13: kernel-best-val: 13990 kernel-final-val: 13990
chain 14: kernel-best-val: 13992 kernel-final-val: 13992
chain 15: kernel-best-val: 13986 kernel-final-val: 13984
chain 16: kernel-best-val: 13992 kernel-final-val: 13992
chain 17: kernel-best-val: 14000 kernel-final-val: 14000
chain 18: kernel-best-val: 13982 kernel-final-val: 13982
chain 19: kernel-best-val: 13984 kernel-final-val: 13984
chain 20: kernel-best-val: 13994 kernel-final-val: 13994
chain 21: kernel-best-val: 13996 kernel-final-val: 13994
chain 22: kernel-best-val: 13994 kernel-final-val: 13992
chain 23: kernel-best-val: 13996 kernel-final-val: 13994
chain 24: kernel-best-val: 13984 kernel-final-val: 13984
chain 25: kernel-best-val: 13994 kernel-final-val: 13990
chain 26: kernel-best-val: 13986 kernel-final-val: 13986
chain 27: kernel-best-val: 13994 kernel-final-val: 13994
chain 28: kernel-best-val: 13984 kernel-final-val: 13984
chain 29: kernel-best-val: 14000 kernel-final-val: 13998
chain 30: kernel-best-val: 13996 kernel-final-val: 13994
chain 31: kernel-best-val: 14000 kernel-final-val: 14000
chain 32: kernel-best-val: 14002 kernel-final-val: 14002
chain 33: kernel-best-val: 13988 kernel-final-val: 13988
chain 34: kernel-best-val: 13990 kernel-final-val: 13990
chain 35: kernel-best-val: 13990 kernel-final-val: 13988
chain 36: kernel-best-val: 13980 kernel-final-val: 13980
chain 37: kernel-best-val: 13996 kernel-final-val: 13992
chain 38: kernel-best-val: 13984 kernel-final-val: 13984
chain 39: kernel-best-val: 13984 kernel-final-val: 13984
chain 40: kernel-best-val: 13998 kernel-final-val: 13998
chain 41: kernel-best-val: 14002 kernel-final-val: 14000
chain 42: kernel-best-val: 13988 kernel-final-val: 13986
chain 43: kernel-best-val: 13994 kernel-final-val: 13994
chain 44: kernel-best-val: 13980 kernel-final-val: 13980
chain 45: kernel-best-val: 13998 kernel-final-val: 13998
chain 46: kernel-best-val: 14004 kernel-final-val: 14004
chain 47: kernel-best-val: 13994 kernel-final-val: 13994
chain 48: kernel-best-val: 13982 kernel-final-val: 13982
chain 49: kernel-best-val: 13974 kernel-final-val: 13974
chain 50: kernel-best-val: 13996 kernel-final-val: 13996
chain 51: kernel-best-val: 13976 kernel-final-val: 13976
chain 52: kernel-best-val: 13986 kernel-final-val: 13986
chain 53: kernel-best-val: 13986 kernel-final-val: 13986
chain 54: kernel-best-val: 13990 kernel-final-val: 13990
chain 55: kernel-best-val: 13990 kernel-final-val: 13990
chain 56: kernel-best-val: 13984 kernel-final-val: 13984
chain 57: kernel-best-val: 13994 kernel-final-val: 13992
chain 58: kernel-best-val: 13980 kernel-final-val: 13980
chain 59: kernel-best-val: 13996 kernel-final-val: 13990
chain 60: kernel-best-val: 13990 kernel-final-val: 13990
chain 61: kernel-best-val: 13992 kernel-final-val: 13992
chain 62: kernel-best-val: 13990 kernel-final-val: 13990
chain 63: kernel-best-val: 13984 kernel-final-val: 13984
chain 64: kernel-best-val: 13996 kernel-final-val: 13992
chain 65: kernel-best-val: 13976 kernel-final-val: 13976
chain 66: kernel-best-val: 13980 kernel-final-val: 13980
chain 67: kernel-best-val: 14002 kernel-final-val: 14000
chain 68: kernel-best-val: 13976 kernel-final-val: 13976
chain 69: kernel-best-val: 13986 kernel-final-val: 13986
chain 70: kernel-best-val: 13980 kernel-final-val: 13980
chain 71: kernel-best-val: 14006 kernel-final-val: 14004
chain 72: kernel-best-val: 13990 kernel-final-val: 13990
chain 73: kernel-best-val: 13984 kernel-final-val: 13984
chain 74: kernel-best-val: 13992 kernel-final-val: 13992
chain 75: kernel-best-val: 13974 kernel-final-val: 13974
chain 76: kernel-best-val: 13988 kernel-final-val: 13986
chain 77: kernel-best-val: 13984 kernel-final-val: 13984
chain 78: kernel-best-val: 13976 kernel-final-val: 13976
chain 79: kernel-best-val: 13972 kernel-final-val: 13972
