Loaded: n=7000 m=17148 weight-scale=1 max-weighted-degree=14
Resolved seeds: 1477584604,1019696642,327852413,2047632083,1469378976,3084966134,1989351569,3062861856,1846394943,3998124504,1327477935,3338405315,3781547397,762953180,3388919222,3796374740,2287331829,1116418965,3824239770,3935270497,3913635046,4209305968,1146553327,3238699079,2588953201,178120632,3559588420,397265094,3047477422,948777216,3204655706,1997187441,3152105458,34563108,3957964888,823437010,3920794579,338055501,3196330824,2391378184,2199791206,3141839662,3341629619,3510913027,3049646300,3698656596,897534019,1011461831,1713634499,3275759844,1639135214,1713254279,957459214,283609298,3210389720,2990911681,4025386108,460315468,4196248180,1853893841,1146579790,77606854,2518060167,2433658161,222243519,4158052857,899318774,834830293,1240562774,4171660044,3749827371,3146139888,390198257,201756386,3560532523,105198518,1091303982,493763350,3395158947,356118393
Chains: 80 distinct-t0: 8 corr=walk s-width=32 B=14 total-sweeps-per-chain=800000000 score-path=int32-packed
tpb: 896
note: tpb 896 exceeds this kernel variant's launchable max of 512 threads (register-limited); clamped to 512.
excluded-from-time-sec: alloc+H2D 22.620 ms (15.00 MB, incl. 8 beta table(s), 1131394 run(s), 13.58 MB) | D2H 1.699 ms | timed kernel 9592069.000 ms
chain 0: kernel-best-val: 14180 kernel-final-val: 14180
chain 1: kernel-best-val: 14185 kernel-final-val: 14184
chain 2: kernel-best-val: 14182 kernel-final-val: 14181
chain 3: kernel-best-val: 14180 kernel-final-val: 14180
chain 4: kernel-best-val: 14180 kernel-final-val: 14180
chain 5: kernel-best-val: 14179 kernel-final-val: 14176
chain 6: kernel-best-val: 14181 kernel-final-val: 14180
chain 7: kernel-best-val: 14172 kernel-final-val: 14172
chain 8: kernel-best-val: 14181 kernel-final-val: 14180
chain 9: kernel-best-val: 14181 kernel-final-val: 14181
chain 10: kernel-best-val: 14184 kernel-final-val: 14184
chain 11: kernel-best-val: 14181 kernel-final-val: 14181
chain 12: kernel-best-val: 14181 kernel-final-val: 14180
chain 13: kernel-best-val: 14183 kernel-final-val: 14183
chain 14: kernel-best-val: 14185 kernel-final-val: 14184
chain 15: kernel-best-val: 14181 kernel-final-val: 14181
chain 16: kernel-best-val: 14183 kernel-final-val: 14183
chain 17: kernel-best-val: 14182 kernel-final-val: 14182
chain 18: kernel-best-val: 14181 kernel-final-val: 14180
chain 19: kernel-best-val: 14185 kernel-final-val: 14185
chain 20: kernel-best-val: 14178 kernel-final-val: 14178
chain 21: kernel-best-val: 14183 kernel-final-val: 14183
chain 22: kernel-best-val: 14180 kernel-final-val: 14180
chain 23: kernel-best-val: 14185 kernel-final-val: 14183
chain 24: kernel-best-val: 14181 kernel-final-val: 14179
chain 25: kernel-best-val: 14182 kernel-final-val: 14182
chain 26: kernel-best-val: 14175 kernel-final-val: 14175
chain 27: kernel-best-val: 14181 kernel-final-val: 14181
chain 28: kernel-best-val: 14181 kernel-final-val: 14181
chain 29: kernel-best-val: 14186 kernel-final-val: 14185
chain 30: kernel-best-val: 14183 kernel-final-val: 14183
chain 31: kernel-best-val: 14187 kernel-final-val: 14186
chain 32: kernel-best-val: 14180 kernel-final-val: 14180
chain 33: kernel-best-val: 14185 kernel-final-val: 14185
chain 34: kernel-best-val: 14181 kernel-final-val: 14180
chain 35: kernel-best-val: 14179 kernel-final-val: 14179
chain 36: kernel-best-val: 14173 kernel-final-val: 14173
chain 37: kernel-best-val: 14185 kernel-final-val: 14184
chain 38: kernel-best-val: 14187 kernel-final-val: 14186
chain 39: kernel-best-val: 14182 kernel-final-val: 14182
chain 40: kernel-best-val: 14184 kernel-final-val: 14183
chain 41: kernel-best-val: 14182 kernel-final-val: 14182
chain 42: kernel-best-val: 14181 kernel-final-val: 14181
chain 43: kernel-best-val: 14181 kernel-final-val: 14180
chain 44: kernel-best-val: 14183 kernel-final-val: 14183
chain 45: kernel-best-val: 14187 kernel-final-val: 14185
chain 46: kernel-best-val: 14178 kernel-final-val: 14178
chain 47: kernel-best-val: 14171 kernel-final-val: 14171
chain 48: kernel-best-val: 14183 kernel-final-val: 14183
chain 49: kernel-best-val: 14186 kernel-final-val: 14185
chain 50: kernel-best-val: 14181 kernel-final-val: 14181
chain 51: kernel-best-val: 14183 kernel-final-val: 14183
chain 52: kernel-best-val: 14181 kernel-final-val: 14181
chain 53: kernel-best-val: 14178 kernel-final-val: 14178
chain 54: kernel-best-val: 14182 kernel-final-val: 14181
chain 55: kernel-best-val: 14181 kernel-final-val: 14181
chain 56: kernel-best-val: 14180 kernel-final-val: 14180
chain 57: kernel-best-val: 14185 kernel-final-val: 14185
chain 58: kernel-best-val: 14181 kernel-final-val: 14179
chain 59: kernel-best-val: 14185 kernel-final-val: 14185
chain 60: kernel-best-val: 14185 kernel-final-val: 14184
chain 61: kernel-best-val: 14181 kernel-final-val: 14181
chain 62: kernel-best-val: 14180 kernel-final-val: 14180
chain 63: kernel-best-val: 14183 kernel-final-val: 14183
chain 64: kernel-best-val: 14185 kernel-final-val: 14185
chain 65: kernel-best-val: 14181 kernel-final-val: 14181
chain 66: kernel-best-val: 14180 kernel-final-val: 14180
chain 67: kernel-best-val: 14186 kernel-final-val: 14185
chain 68: kernel-best-val: 14174 kernel-final-val: 14174
chain 69: kernel-best-val: 14183 kernel-final-val: 14182
chain 70: kernel-best-val: 14187 kernel-final-val: 14187
chain 71: kernel-best-val: 14181 kernel-final-val: 14180
chain 72: kernel-best-val: 14179 kernel-final-val: 14179
chain 73: kernel-best-val: 14183 kernel-final-val: 14181
chain 74: kernel-best-val: 14182 kernel-final-val: 14182
chain 75: kernel-best-val: 14185 kernel-final-val: 14184
chain 76: kernel-best-val: 14181 kernel-final-val: 14181
chain 77: kernel-best-val: 14181 kernel-final-val: 14180
chain 78: kernel-best-val: 14184 kernel-final-val: 14182
chain 79: kernel-best-val: 14173 kernel-final-val: 14173
