Loaded: n=7000 m=17148 weight-scale=1 max-weighted-degree=14
Resolved seeds: 3614529470,3520941030,930464476,478423898,1423997095,247901250,2765664191,2713230369,3512944182,4191503951,3345336079,3367535316,3306788735,3631905109,3386884189,1952664517,1588560218,2254320432,2150322704,3027785766,2617555849,2125568850,3066284164,661766957,1415331453,1639778167,1912973865,3084267002,582902060,3683811559,1549579070,3694491618,3906738029,672991487,2595539133,445478558,1454872495,477420674,3469426590,1613491751,279161321,3255092748,1362498266,1454645796,3114716057,3003232083,4243979450,3087968116,3003461561,3960333069,364293418,3810571006,3256756348,1668096292,1128394543,3544000277,3197983768,2191094955,2360351096,2815228326,1213002439,1068716076,167568912,1865593784,1021167832,510333936,1565736324,2978049449,1824670157,3854923306,3645928744,1005156968,4274723240,4274479669,2045534718,1368336930,1323453727,3648753081,2899497979,3677031335
Chains: 80 distinct-t0: 8 corr=walk s-width=32 B=14 total-sweeps-per-chain=800000000 score-path=int32-packed
tpb: 896
note: tpb 896 exceeds this kernel variant's launchable max of 512 threads (register-limited); clamped to 512.
excluded-from-time-sec: alloc+H2D 22.630 ms (15.00 MB, incl. 8 beta table(s), 1131394 run(s), 13.58 MB) | D2H 1.628 ms | timed kernel 9573108.000 ms
chain 0: kernel-best-val: 5788 kernel-final-val: 5788
chain 1: kernel-best-val: 5788 kernel-final-val: 5788
chain 2: kernel-best-val: 5790 kernel-final-val: 5790
chain 3: kernel-best-val: 5790 kernel-final-val: 5790
chain 4: kernel-best-val: 5790 kernel-final-val: 5790
chain 5: kernel-best-val: 5787 kernel-final-val: 5787
chain 6: kernel-best-val: 5790 kernel-final-val: 5790
chain 7: kernel-best-val: 5790 kernel-final-val: 5790
chain 8: kernel-best-val: 5787 kernel-final-val: 5787
chain 9: kernel-best-val: 5790 kernel-final-val: 5790
chain 10: kernel-best-val: 5788 kernel-final-val: 5788
chain 11: kernel-best-val: 5790 kernel-final-val: 5789
chain 12: kernel-best-val: 5790 kernel-final-val: 5790
chain 13: kernel-best-val: 5786 kernel-final-val: 5786
chain 14: kernel-best-val: 5787 kernel-final-val: 5787
chain 15: kernel-best-val: 5786 kernel-final-val: 5786
chain 16: kernel-best-val: 5787 kernel-final-val: 5787
chain 17: kernel-best-val: 5788 kernel-final-val: 5788
chain 18: kernel-best-val: 5795 kernel-final-val: 5794
chain 19: kernel-best-val: 5787 kernel-final-val: 5787
chain 20: kernel-best-val: 5789 kernel-final-val: 5789
chain 21: kernel-best-val: 5784 kernel-final-val: 5784
chain 22: kernel-best-val: 5790 kernel-final-val: 5790
chain 23: kernel-best-val: 5787 kernel-final-val: 5787
chain 24: kernel-best-val: 5790 kernel-final-val: 5789
chain 25: kernel-best-val: 5790 kernel-final-val: 5790
chain 26: kernel-best-val: 5797 kernel-final-val: 5797
chain 27: kernel-best-val: 5790 kernel-final-val: 5790
chain 28: kernel-best-val: 5787 kernel-final-val: 5787
chain 29: kernel-best-val: 5787 kernel-final-val: 5787
chain 30: kernel-best-val: 5787 kernel-final-val: 5787
chain 31: kernel-best-val: 5788 kernel-final-val: 5788
chain 32: kernel-best-val: 5788 kernel-final-val: 5785
chain 33: kernel-best-val: 5786 kernel-final-val: 5785
chain 34: kernel-best-val: 5786 kernel-final-val: 5786
chain 35: kernel-best-val: 5787 kernel-final-val: 5787
chain 36: kernel-best-val: 5786 kernel-final-val: 5786
chain 37: kernel-best-val: 5788 kernel-final-val: 5788
chain 38: kernel-best-val: 5794 kernel-final-val: 5794
chain 39: kernel-best-val: 5787 kernel-final-val: 5787
chain 40: kernel-best-val: 5788 kernel-final-val: 5787
chain 41: kernel-best-val: 5785 kernel-final-val: 5785
chain 42: kernel-best-val: 5788 kernel-final-val: 5788
chain 43: kernel-best-val: 5790 kernel-final-val: 5789
chain 44: kernel-best-val: 5790 kernel-final-val: 5790
chain 45: kernel-best-val: 5785 kernel-final-val: 5784
chain 46: kernel-best-val: 5787 kernel-final-val: 5787
chain 47: kernel-best-val: 5786 kernel-final-val: 5785
chain 48: kernel-best-val: 5787 kernel-final-val: 5787
chain 49: kernel-best-val: 5792 kernel-final-val: 5792
chain 50: kernel-best-val: 5790 kernel-final-val: 5790
chain 51: kernel-best-val: 5791 kernel-final-val: 5791
chain 52: kernel-best-val: 5790 kernel-final-val: 5790
chain 53: kernel-best-val: 5781 kernel-final-val: 5780
chain 54: kernel-best-val: 5797 kernel-final-val: 5797
chain 55: kernel-best-val: 5786 kernel-final-val: 5786
chain 56: kernel-best-val: 5789 kernel-final-val: 5788
chain 57: kernel-best-val: 5790 kernel-final-val: 5790
chain 58: kernel-best-val: 5790 kernel-final-val: 5790
chain 59: kernel-best-val: 5790 kernel-final-val: 5790
chain 60: kernel-best-val: 5790 kernel-final-val: 5790
chain 61: kernel-best-val: 5789 kernel-final-val: 5789
chain 62: kernel-best-val: 5790 kernel-final-val: 5790
chain 63: kernel-best-val: 5789 kernel-final-val: 5788
chain 64: kernel-best-val: 5790 kernel-final-val: 5790
chain 65: kernel-best-val: 5790 kernel-final-val: 5790
chain 66: kernel-best-val: 5788 kernel-final-val: 5787
chain 67: kernel-best-val: 5790 kernel-final-val: 5790
chain 68: kernel-best-val: 5788 kernel-final-val: 5788
chain 69: kernel-best-val: 5790 kernel-final-val: 5790
chain 70: kernel-best-val: 5790 kernel-final-val: 5790
chain 71: kernel-best-val: 5789 kernel-final-val: 5789
chain 72: kernel-best-val: 5790 kernel-final-val: 5790
chain 73: kernel-best-val: 5790 kernel-final-val: 5790
chain 74: kernel-best-val: 5791 kernel-final-val: 5791
chain 75: kernel-best-val: 5787 kernel-final-val: 5787
chain 76: kernel-best-val: 5786 kernel-final-val: 5786
chain 77: kernel-best-val: 5789 kernel-final-val: 5788
chain 78: kernel-best-val: 5790 kernel-final-val: 5790
chain 79: kernel-best-val: 5791 kernel-final-val: 5791
