Loaded: n=7000 m=14000 weight-scale=1 max-weighted-degree=4
Resolved seeds: 3939855132,3738192298,390629568,2675300118,3127101088,261038285,287677474,1866832029,1947405590,919800761,2909695661,2628017195,2837181840,2251994035,1064126597,4269996626,2329523515,836599296,2330086157,1789517519,3373134826,2439966129,2233570194,1087339418,3717323001,906983133,4240619532,3430008183,3231075338,185647867,2654604542,2283392441,127418795,2629821401,755977976,3324057284,2239568206,2096987182,2167928076,1665429582,2109096515,3391021777,2368008960,185192106,2928659182,3235422319,1691813363,2506345549,4249300558,1091551864,2492836284,125932170,3738559397,4272951413,3561100298,2983027223,852166204,2464922589,449926495,794222908,4217952957,3274354661,3508017048,3331992230,3767445280,127045022,2823068263,1035982499,2025057529,1958151583,2586677915,482441613,3144458744,91322366,1727233312,1135758865,3382305639,3459903821,3952270751,1587759106
Chains: 80 distinct-t0: 8 corr=walk s-width=32 B=4 total-sweeps-per-chain=800000000 score-path=int32-packed
tpb: 896
note: tpb 896 exceeds this kernel variant's launchable max of 512 threads (register-limited); clamped to 512.
excluded-from-time-sec: alloc+H2D 13.147 ms (14.95 MB, incl. 8 beta table(s), 1131394 run(s), 13.58 MB) | D2H 1.707 ms | timed kernel 8803768.000 ms
chain 0: kernel-best-val: 4862 kernel-final-val: 4862
chain 1: kernel-best-val: 4852 kernel-final-val: 4848
chain 2: kernel-best-val: 4856 kernel-final-val: 4852
chain 3: kernel-best-val: 4862 kernel-final-val: 4856
chain 4: kernel-best-val: 4860 kernel-final-val: 4856
chain 5: kernel-best-val: 4856 kernel-final-val: 4848
chain 6: kernel-best-val: 4858 kernel-final-val: 4856
chain 7: kernel-best-val: 4862 kernel-final-val: 4858
chain 8: kernel-best-val: 4846 kernel-final-val: 4846
chain 9: kernel-best-val: 4858 kernel-final-val: 4848
chain 10: kernel-best-val: 4860 kernel-final-val: 4856
chain 11: kernel-best-val: 4860 kernel-final-val: 4858
chain 12: kernel-best-val: 4858 kernel-final-val: 4854
chain 13: kernel-best-val: 4862 kernel-final-val: 4858
chain 14: kernel-best-val: 4860 kernel-final-val: 4858
chain 15: kernel-best-val: 4864 kernel-final-val: 4860
chain 16: kernel-best-val: 4856 kernel-final-val: 4856
chain 17: kernel-best-val: 4862 kernel-final-val: 4858
chain 18: kernel-best-val: 4858 kernel-final-val: 4856
chain 19: kernel-best-val: 4860 kernel-final-val: 4852
chain 20: kernel-best-val: 4858 kernel-final-val: 4850
chain 21: kernel-best-val: 4862 kernel-final-val: 4858
chain 22: kernel-best-val: 4858 kernel-final-val: 4854
chain 23: kernel-best-val: 4860 kernel-final-val: 4856
chain 24: kernel-best-val: 4858 kernel-final-val: 4858
chain 25: kernel-best-val: 4856 kernel-final-val: 4850
chain 26: kernel-best-val: 4854 kernel-final-val: 4850
chain 27: kernel-best-val: 4858 kernel-final-val: 4858
chain 28: kernel-best-val: 4858 kernel-final-val: 4856
chain 29: kernel-best-val: 4858 kernel-final-val: 4854
chain 30: kernel-best-val: 4852 kernel-final-val: 4850
chain 31: kernel-best-val: 4856 kernel-final-val: 4852
chain 32: kernel-best-val: 4846 kernel-final-val: 4844
chain 33: kernel-best-val: 4858 kernel-final-val: 4852
chain 34: kernel-best-val: 4862 kernel-final-val: 4860
chain 35: kernel-best-val: 4858 kernel-final-val: 4854
chain 36: kernel-best-val: 4858 kernel-final-val: 4858
chain 37: kernel-best-val: 4860 kernel-final-val: 4854
chain 38: kernel-best-val: 4860 kernel-final-val: 4856
chain 39: kernel-best-val: 4856 kernel-final-val: 4854
chain 40: kernel-best-val: 4850 kernel-final-val: 4850
chain 41: kernel-best-val: 4860 kernel-final-val: 4854
chain 42: kernel-best-val: 4862 kernel-final-val: 4858
chain 43: kernel-best-val: 4860 kernel-final-val: 4858
chain 44: kernel-best-val: 4858 kernel-final-val: 4856
chain 45: kernel-best-val: 4860 kernel-final-val: 4856
chain 46: kernel-best-val: 4858 kernel-final-val: 4852
chain 47: kernel-best-val: 4856 kernel-final-val: 4854
chain 48: kernel-best-val: 4848 kernel-final-val: 4848
chain 49: kernel-best-val: 4856 kernel-final-val: 4854
chain 50: kernel-best-val: 4860 kernel-final-val: 4856
chain 51: kernel-best-val: 4860 kernel-final-val: 4854
chain 52: kernel-best-val: 4860 kernel-final-val: 4852
chain 53: kernel-best-val: 4854 kernel-final-val: 4850
chain 54: kernel-best-val: 4856 kernel-final-val: 4856
chain 55: kernel-best-val: 4860 kernel-final-val: 4860
chain 56: kernel-best-val: 4856 kernel-final-val: 4856
chain 57: kernel-best-val: 4858 kernel-final-val: 4854
chain 58: kernel-best-val: 4860 kernel-final-val: 4860
chain 59: kernel-best-val: 4858 kernel-final-val: 4854
chain 60: kernel-best-val: 4858 kernel-final-val: 4852
chain 61: kernel-best-val: 4858 kernel-final-val: 4858
chain 62: kernel-best-val: 4858 kernel-final-val: 4856
chain 63: kernel-best-val: 4858 kernel-final-val: 4852
chain 64: kernel-best-val: 4856 kernel-final-val: 4856
chain 65: kernel-best-val: 4858 kernel-final-val: 4856
chain 66: kernel-best-val: 4856 kernel-final-val: 4850
chain 67: kernel-best-val: 4856 kernel-final-val: 4856
chain 68: kernel-best-val: 4858 kernel-final-val: 4854
chain 69: kernel-best-val: 4858 kernel-final-val: 4854
chain 70: kernel-best-val: 4854 kernel-final-val: 4850
chain 71: kernel-best-val: 4858 kernel-final-val: 4856
chain 72: kernel-best-val: 4854 kernel-final-val: 4854
chain 73: kernel-best-val: 4858 kernel-final-val: 4858
chain 74: kernel-best-val: 4854 kernel-final-val: 4850
chain 75: kernel-best-val: 4858 kernel-final-val: 4856
chain 76: kernel-best-val: 4860 kernel-final-val: 4856
chain 77: kernel-best-val: 4862 kernel-final-val: 4854
chain 78: kernel-best-val: 4854 kernel-final-val: 4850
chain 79: kernel-best-val: 4858 kernel-final-val: 4852
