Loaded: n=7000 m=41459 weight-scale=1 max-weighted-degree=589
Resolved seeds: 2843884648,766500062,233079342,3518234152,4015088057,280177043,3097953148,2813846251,737028843,2246084158,1238970974,559121689,1887523587,1262979909,1245710254,4193885715,1913192777,3510342870,4275380137,1284049488,1839548448,1879754568,1039319437,3387665386,239292006,3331467210,2250512469,316131046,1913490615,3155965115,833804067,285834351,649357444,2302937482,2947734039,541861384,3631005071,4204274878,783657947,3469754676,2202294967,413193591,469306112,1282435527,3155000693,1300016733,3025990309,1938700906,3400929883,1307288578,3559905697,1242410023,280824001,72912290,3956131870,503207215,1336158616,409288827,3308178598,2630331137,433976498,4220166590,1176281986,4102391967,47022195,1281882167,488530100,4184973531,538869230,815853419,3026369450,3489986412,2837549674,3615658508,3151970885,204255744,3894173299,3150108260,2821399096,390127040
Chains: 80 distinct-t0: 8 corr=warpwalk s-width=32 B=589 total-sweeps-per-chain=800000000 score-path=int32-packed
tpb: 1024
note: tpb 1024 exceeds this kernel variant's launchable max of 512 threads (register-limited); clamped to 512.
excluded-from-time-sec: alloc+H2D 31.916 ms (15.39 MB, incl. 8 beta table(s), 1131394 run(s), 13.58 MB) | D2H 1.635 ms | timed kernel 10000113.000 ms
chain 0: kernel-best-val: 27029 kernel-final-val: 27028
chain 1: kernel-best-val: 27028 kernel-final-val: 27028
chain 2: kernel-best-val: 27012 kernel-final-val: 27011
chain 3: kernel-best-val: 27033 kernel-final-val: 27033
chain 4: kernel-best-val: 27018 kernel-final-val: 27018
chain 5: kernel-best-val: 27025 kernel-final-val: 27024
chain 6: kernel-best-val: 27025 kernel-final-val: 27023
chain 7: kernel-best-val: 27028 kernel-final-val: 27028
chain 8: kernel-best-val: 27010 kernel-final-val: 27009
chain 9: kernel-best-val: 27040 kernel-final-val: 27040
chain 10: kernel-best-val: 27032 kernel-final-val: 27031
chain 11: kernel-best-val: 27035 kernel-final-val: 27035
chain 12: kernel-best-val: 27031 kernel-final-val: 27030
chain 13: kernel-best-val: 27022 kernel-final-val: 27022
chain 14: kernel-best-val: 27034 kernel-final-val: 27034
chain 15: kernel-best-val: 27029 kernel-final-val: 27029
chain 16: kernel-best-val: 27012 kernel-final-val: 27010
chain 17: kernel-best-val: 27041 kernel-final-val: 27039
chain 18: kernel-best-val: 27021 kernel-final-val: 27021
chain 19: kernel-best-val: 27010 kernel-final-val: 27009
chain 20: kernel-best-val: 27026 kernel-final-val: 27026
chain 21: kernel-best-val: 27019 kernel-final-val: 27019
chain 22: kernel-best-val: 27029 kernel-final-val: 27029
chain 23: kernel-best-val: 27028 kernel-final-val: 27028
chain 24: kernel-best-val: 27039 kernel-final-val: 27038
chain 25: kernel-best-val: 27035 kernel-final-val: 27034
chain 26: kernel-best-val: 27025 kernel-final-val: 27025
chain 27: kernel-best-val: 27019 kernel-final-val: 27018
chain 28: kernel-best-val: 27019 kernel-final-val: 27019
chain 29: kernel-best-val: 27016 kernel-final-val: 27016
chain 30: kernel-best-val: 27035 kernel-final-val: 27035
chain 31: kernel-best-val: 27031 kernel-final-val: 27030
chain 32: kernel-best-val: 27010 kernel-final-val: 27008
chain 33: kernel-best-val: 27024 kernel-final-val: 27023
chain 34: kernel-best-val: 27023 kernel-final-val: 27022
chain 35: kernel-best-val: 27018 kernel-final-val: 27017
chain 36: kernel-best-val: 27014 kernel-final-val: 27012
chain 37: kernel-best-val: 27011 kernel-final-val: 27009
chain 38: kernel-best-val: 27025 kernel-final-val: 27024
chain 39: kernel-best-val: 27029 kernel-final-val: 27027
chain 40: kernel-best-val: 27019 kernel-final-val: 27018
chain 41: kernel-best-val: 27021 kernel-final-val: 27020
chain 42: kernel-best-val: 27022 kernel-final-val: 27022
chain 43: kernel-best-val: 27018 kernel-final-val: 27018
chain 44: kernel-best-val: 27012 kernel-final-val: 27012
chain 45: kernel-best-val: 27030 kernel-final-val: 27030
chain 46: kernel-best-val: 27015 kernel-final-val: 27015
chain 47: kernel-best-val: 27028 kernel-final-val: 27027
chain 48: kernel-best-val: 27024 kernel-final-val: 27023
chain 49: kernel-best-val: 27032 kernel-final-val: 27032
chain 50: kernel-best-val: 27032 kernel-final-val: 27031
chain 51: kernel-best-val: 27010 kernel-final-val: 27010
chain 52: kernel-best-val: 27016 kernel-final-val: 27015
chain 53: kernel-best-val: 27015 kernel-final-val: 27014
chain 54: kernel-best-val: 27030 kernel-final-val: 27029
chain 55: kernel-best-val: 27027 kernel-final-val: 27026
chain 56: kernel-best-val: 27024 kernel-final-val: 27024
chain 57: kernel-best-val: 27035 kernel-final-val: 27035
chain 58: kernel-best-val: 27031 kernel-final-val: 27030
chain 59: kernel-best-val: 27023 kernel-final-val: 27023
chain 60: kernel-best-val: 27029 kernel-final-val: 27029
chain 61: kernel-best-val: 27019 kernel-final-val: 27019
chain 62: kernel-best-val: 27016 kernel-final-val: 27016
chain 63: kernel-best-val: 27032 kernel-final-val: 27031
chain 64: kernel-best-val: 27020 kernel-final-val: 27020
chain 65: kernel-best-val: 27026 kernel-final-val: 27026
chain 66: kernel-best-val: 27026 kernel-final-val: 27025
chain 67: kernel-best-val: 27030 kernel-final-val: 27029
chain 68: kernel-best-val: 27039 kernel-final-val: 27038
chain 69: kernel-best-val: 27032 kernel-final-val: 27031
chain 70: kernel-best-val: 27025 kernel-final-val: 27024
chain 71: kernel-best-val: 27021 kernel-final-val: 27021
chain 72: kernel-best-val: 27021 kernel-final-val: 27018
chain 73: kernel-best-val: 27031 kernel-final-val: 27031
chain 74: kernel-best-val: 27023 kernel-final-val: 27023
chain 75: kernel-best-val: 27029 kernel-final-val: 27029
chain 76: kernel-best-val: 27018 kernel-final-val: 27018
chain 77: kernel-best-val: 27014 kernel-final-val: 27012
chain 78: kernel-best-val: 27016 kernel-final-val: 27015
chain 79: kernel-best-val: 27033 kernel-final-val: 27033
