Loaded: n=7000 m=41459 weight-scale=1 max-weighted-degree=589
Resolved seeds: 4025091318,1990912215,3833757347,1218327268,1287943355,2117865874,2762157974,2612239303,1883729036,743730882,4218818618,2745387944,1171649456,3322830551,2587247505,856868088,1923502490,2614454427,3205882734,3481644838,153611009,1273082566,4033926436,1216240270,451858165,3275888014,1805846494,2989695853,1513940519,3473263073,1050234673,1284605469,2625866835,1883917249,1494990111,1462572866,3152222269,668401791,2057003030,3269102870,900764044,3276694793,2945067024,1524656213,1944038169,3687707605,2228681720,2786111942,3602021376,1901942836,2390768335,1689086790,2665396056,918858464,1849053848,3717349945,1165883747,4225019394,1892877809,4204714539,1381454922,3929707056,749165444,3969294249,2218712132,1109409074,3655055479,2838414714,2404636121,776837514,135147257,1012558951,3329000824,1865359038,150449337,3922780270,4098073566,1443343253,2822523453,409027147
Chains: 80 distinct-t0: 8 corr=warpwalk s-width=32 B=589 total-sweeps-per-chain=800000000 score-path=int32-packed
tpb: 1024
note: tpb 1024 exceeds this kernel variant's launchable max of 512 threads (register-limited); clamped to 512.
excluded-from-time-sec: alloc+H2D 31.982 ms (15.39 MB, incl. 8 beta table(s), 1131394 run(s), 13.58 MB) | D2H 1.644 ms | timed kernel 10025613.000 ms
chain 0: kernel-best-val: 8686 kernel-final-val: 8683
chain 1: kernel-best-val: 8729 kernel-final-val: 8728
chain 2: kernel-best-val: 8729 kernel-final-val: 8729
chain 3: kernel-best-val: 8720 kernel-final-val: 8719
chain 4: kernel-best-val: 8732 kernel-final-val: 8730
chain 5: kernel-best-val: 8728 kernel-final-val: 8727
chain 6: kernel-best-val: 8738 kernel-final-val: 8737
chain 7: kernel-best-val: 8721 kernel-final-val: 8721
chain 8: kernel-best-val: 8712 kernel-final-val: 8711
chain 9: kernel-best-val: 8699 kernel-final-val: 8699
chain 10: kernel-best-val: 8740 kernel-final-val: 8740
chain 11: kernel-best-val: 8727 kernel-final-val: 8727
chain 12: kernel-best-val: 8719 kernel-final-val: 8719
chain 13: kernel-best-val: 8719 kernel-final-val: 8718
chain 14: kernel-best-val: 8702 kernel-final-val: 8700
chain 15: kernel-best-val: 8727 kernel-final-val: 8727
chain 16: kernel-best-val: 8731 kernel-final-val: 8731
chain 17: kernel-best-val: 8726 kernel-final-val: 8726
chain 18: kernel-best-val: 8724 kernel-final-val: 8723
chain 19: kernel-best-val: 8701 kernel-final-val: 8700
chain 20: kernel-best-val: 8719 kernel-final-val: 8719
chain 21: kernel-best-val: 8730 kernel-final-val: 8730
chain 22: kernel-best-val: 8696 kernel-final-val: 8695
chain 23: kernel-best-val: 8720 kernel-final-val: 8720
chain 24: kernel-best-val: 8741 kernel-final-val: 8741
chain 25: kernel-best-val: 8724 kernel-final-val: 8724
chain 26: kernel-best-val: 8718 kernel-final-val: 8717
chain 27: kernel-best-val: 8725 kernel-final-val: 8725
chain 28: kernel-best-val: 8703 kernel-final-val: 8703
chain 29: kernel-best-val: 8737 kernel-final-val: 8737
chain 30: kernel-best-val: 8725 kernel-final-val: 8724
chain 31: kernel-best-val: 8719 kernel-final-val: 8719
chain 32: kernel-best-val: 8693 kernel-final-val: 8693
chain 33: kernel-best-val: 8711 kernel-final-val: 8711
chain 34: kernel-best-val: 8720 kernel-final-val: 8720
chain 35: kernel-best-val: 8742 kernel-final-val: 8741
chain 36: kernel-best-val: 8730 kernel-final-val: 8729
chain 37: kernel-best-val: 8718 kernel-final-val: 8718
chain 38: kernel-best-val: 8723 kernel-final-val: 8723
chain 39: kernel-best-val: 8717 kernel-final-val: 8716
chain 40: kernel-best-val: 8747 kernel-final-val: 8747
chain 41: kernel-best-val: 8730 kernel-final-val: 8730
chain 42: kernel-best-val: 8730 kernel-final-val: 8730
chain 43: kernel-best-val: 8737 kernel-final-val: 8737
chain 44: kernel-best-val: 8721 kernel-final-val: 8721
chain 45: kernel-best-val: 8724 kernel-final-val: 8724
chain 46: kernel-best-val: 8719 kernel-final-val: 8718
chain 47: kernel-best-val: 8702 kernel-final-val: 8700
chain 48: kernel-best-val: 8729 kernel-final-val: 8728
chain 49: kernel-best-val: 8720 kernel-final-val: 8720
chain 50: kernel-best-val: 8731 kernel-final-val: 8730
chain 51: kernel-best-val: 8745 kernel-final-val: 8745
chain 52: kernel-best-val: 8686 kernel-final-val: 8686
chain 53: kernel-best-val: 8724 kernel-final-val: 8722
chain 54: kernel-best-val: 8715 kernel-final-val: 8713
chain 55: kernel-best-val: 8737 kernel-final-val: 8737
chain 56: kernel-best-val: 8693 kernel-final-val: 8693
chain 57: kernel-best-val: 8726 kernel-final-val: 8726
chain 58: kernel-best-val: 8716 kernel-final-val: 8715
chain 59: kernel-best-val: 8719 kernel-final-val: 8719
chain 60: kernel-best-val: 8719 kernel-final-val: 8719
chain 61: kernel-best-val: 8724 kernel-final-val: 8723
chain 62: kernel-best-val: 8702 kernel-final-val: 8702
chain 63: kernel-best-val: 8724 kernel-final-val: 8724
chain 64: kernel-best-val: 8700 kernel-final-val: 8698
chain 65: kernel-best-val: 8728 kernel-final-val: 8725
chain 66: kernel-best-val: 8691 kernel-final-val: 8689
chain 67: kernel-best-val: 8696 kernel-final-val: 8694
chain 68: kernel-best-val: 8733 kernel-final-val: 8731
chain 69: kernel-best-val: 8719 kernel-final-val: 8717
chain 70: kernel-best-val: 8720 kernel-final-val: 8720
chain 71: kernel-best-val: 8717 kernel-final-val: 8715
chain 72: kernel-best-val: 8715 kernel-final-val: 8714
chain 73: kernel-best-val: 8708 kernel-final-val: 8708
chain 74: kernel-best-val: 8733 kernel-final-val: 8733
chain 75: kernel-best-val: 8711 kernel-final-val: 8711
chain 76: kernel-best-val: 8729 kernel-final-val: 8729
chain 77: kernel-best-val: 8714 kernel-final-val: 8713
chain 78: kernel-best-val: 8719 kernel-final-val: 8719
chain 79: kernel-best-val: 8727 kernel-final-val: 8727
