Loaded: n=8000 m=16000 weight-scale=1 max-weighted-degree=4
Resolved seeds: 4111540303,730090628,3502373073,3571896468,385580971,3714889467,2494125931,674061153,3832931201,1994407386,3954679641,829809174,3415760104,3316596515,365257085,3196005861,3527946014,1989487221,3990946340,2093892973,1866730750,2755410522,289828426,1100557644,250752268,1404947468,1331349029,3514352323,1626285318,192180161,468769420,301345574,551256592,724194821,1481440507,3718752828,48108460,3455849000,1704369235,1970334637,1798262818,3579195146,2420864039,1755732692,3991742255,1216588927,1447692876,929179421,364374735,1316817736,660610248,4118619172,1897465759,1215664107,944418398,1118104512,3442700700,66497702,879221270,3462613937,171548301,219139268,3182216965,1177153389,1070123441,3073705090,1040217385,1054726563,4122458389,115255848,4253048195,2062894483,152656785,2298279305,3285708921,1762552334,617549265,530483993,1841153073,3215884671
Chains: 80 distinct-t0: 8 corr=walk s-width=32 B=4 total-sweeps-per-chain=800000000 score-path=int32-packed
tpb: 896
note: tpb 896 exceeds this kernel variant's launchable max of 512 threads (register-limited); clamped to 512.
excluded-from-time-sec: alloc+H2D 14.377 ms (15.15 MB, incl. 8 beta table(s), 1131394 run(s), 13.58 MB) | D2H 1.838 ms | timed kernel 9050726.000 ms
chain 0: kernel-best-val: 5534 kernel-final-val: 5532
chain 1: kernel-best-val: 5544 kernel-final-val: 5540
chain 2: kernel-best-val: 5542 kernel-final-val: 5536
chain 3: kernel-best-val: 5544 kernel-final-val: 5542
chain 4: kernel-best-val: 5538 kernel-final-val: 5530
chain 5: kernel-best-val: 5542 kernel-final-val: 5540
chain 6: kernel-best-val: 5550 kernel-final-val: 5548
chain 7: kernel-best-val: 5548 kernel-final-val: 5548
chain 8: kernel-best-val: 5542 kernel-final-val: 5542
chain 9: kernel-best-val: 5542 kernel-final-val: 5538
chain 10: kernel-best-val: 5544 kernel-final-val: 5540
chain 11: kernel-best-val: 5546 kernel-final-val: 5544
chain 12: kernel-best-val: 5548 kernel-final-val: 5548
chain 13: kernel-best-val: 5546 kernel-final-val: 5546
chain 14: kernel-best-val: 5540 kernel-final-val: 5540
chain 15: kernel-best-val: 5542 kernel-final-val: 5536
chain 16: kernel-best-val: 5538 kernel-final-val: 5536
chain 17: kernel-best-val: 5546 kernel-final-val: 5546
chain 18: kernel-best-val: 5548 kernel-final-val: 5546
chain 19: kernel-best-val: 5536 kernel-final-val: 5534
chain 20: kernel-best-val: 5546 kernel-final-val: 5544
chain 21: kernel-best-val: 5546 kernel-final-val: 5544
chain 22: kernel-best-val: 5544 kernel-final-val: 5538
chain 23: kernel-best-val: 5544 kernel-final-val: 5538
chain 24: kernel-best-val: 5538 kernel-final-val: 5538
chain 25: kernel-best-val: 5540 kernel-final-val: 5540
chain 26: kernel-best-val: 5538 kernel-final-val: 5536
chain 27: kernel-best-val: 5542 kernel-final-val: 5540
chain 28: kernel-best-val: 5538 kernel-final-val: 5530
chain 29: kernel-best-val: 5542 kernel-final-val: 5542
chain 30: kernel-best-val: 5536 kernel-final-val: 5532
chain 31: kernel-best-val: 5542 kernel-final-val: 5542
chain 32: kernel-best-val: 5540 kernel-final-val: 5540
chain 33: kernel-best-val: 5540 kernel-final-val: 5538
chain 34: kernel-best-val: 5536 kernel-final-val: 5534
chain 35: kernel-best-val: 5544 kernel-final-val: 5544
chain 36: kernel-best-val: 5548 kernel-final-val: 5548
chain 37: kernel-best-val: 5544 kernel-final-val: 5542
chain 38: kernel-best-val: 5542 kernel-final-val: 5542
chain 39: kernel-best-val: 5546 kernel-final-val: 5542
chain 40: kernel-best-val: 5542 kernel-final-val: 5542
chain 41: kernel-best-val: 5548 kernel-final-val: 5548
chain 42: kernel-best-val: 5540 kernel-final-val: 5538
chain 43: kernel-best-val: 5546 kernel-final-val: 5542
chain 44: kernel-best-val: 5540 kernel-final-val: 5540
chain 45: kernel-best-val: 5546 kernel-final-val: 5544
chain 46: kernel-best-val: 5540 kernel-final-val: 5538
chain 47: kernel-best-val: 5544 kernel-final-val: 5544
chain 48: kernel-best-val: 5538 kernel-final-val: 5538
chain 49: kernel-best-val: 5540 kernel-final-val: 5540
chain 50: kernel-best-val: 5546 kernel-final-val: 5544
chain 51: kernel-best-val: 5536 kernel-final-val: 5536
chain 52: kernel-best-val: 5540 kernel-final-val: 5538
chain 53: kernel-best-val: 5548 kernel-final-val: 5546
chain 54: kernel-best-val: 5546 kernel-final-val: 5546
chain 55: kernel-best-val: 5542 kernel-final-val: 5542
chain 56: kernel-best-val: 5530 kernel-final-val: 5530
chain 57: kernel-best-val: 5544 kernel-final-val: 5544
chain 58: kernel-best-val: 5542 kernel-final-val: 5536
chain 59: kernel-best-val: 5540 kernel-final-val: 5540
chain 60: kernel-best-val: 5550 kernel-final-val: 5544
chain 61: kernel-best-val: 5542 kernel-final-val: 5536
chain 62: kernel-best-val: 5546 kernel-final-val: 5546
chain 63: kernel-best-val: 5546 kernel-final-val: 5542
chain 64: kernel-best-val: 5534 kernel-final-val: 5534
chain 65: kernel-best-val: 5540 kernel-final-val: 5538
chain 66: kernel-best-val: 5544 kernel-final-val: 5542
chain 67: kernel-best-val: 5544 kernel-final-val: 5540
chain 68: kernel-best-val: 5542 kernel-final-val: 5542
chain 69: kernel-best-val: 5538 kernel-final-val: 5536
chain 70: kernel-best-val: 5544 kernel-final-val: 5544
chain 71: kernel-best-val: 5542 kernel-final-val: 5540
chain 72: kernel-best-val: 5544 kernel-final-val: 5544
chain 73: kernel-best-val: 5548 kernel-final-val: 5540
chain 74: kernel-best-val: 5544 kernel-final-val: 5544
chain 75: kernel-best-val: 5538 kernel-final-val: 5536
chain 76: kernel-best-val: 5546 kernel-final-val: 5544
chain 77: kernel-best-val: 5548 kernel-final-val: 5546
chain 78: kernel-best-val: 5540 kernel-final-val: 5538
chain 79: kernel-best-val: 5546 kernel-final-val: 5544
