Loaded: n=9000 m=18000 weight-scale=1 max-weighted-degree=4
Resolved seeds: 445954022,1052429820,925189965,1062461392,1083558093,3403545232,3424190769,472365005,2871860864,1520029030,963459912,1518703894,1326124484,2441307497,3340239307,2999385289,560883960,2290204797,1513586194,4027208003,4212795780,1558589916,2623320234,3014107301,1093102790,1962208168,894658466,1081399641,2360630091,2712779739,3747926572,4292058068,3179064975,483516693,1492454482,4001763311,529715075,76023427,3054227563,3650471680,221071220,2816916058,3343028749,2190200158,1028454723,1210764117,1767603941,1950015790,3732095960,2672556749,2179330273,122304610,3128176067,3695068280,160461527,3696769907,3892776101,1752930309,4049692699,1241226064,977725797,3004601393,3291060221,205505039,2837331750,658534485,3893785318,1442672390,287351956,1743379713,4204374954,2753416632,1518801620,592353651,2012716275,3191919384,2174354853,3339576995,562468497,2673736765
Chains: 80 distinct-t0: 8 corr=walk s-width=32 B=4 total-sweeps-per-chain=800000000 score-path=int32-packed
tpb: 896
note: tpb 896 exceeds this kernel variant's launchable max of 512 threads (register-limited); clamped to 512.
excluded-from-time-sec: alloc+H2D 15.685 ms (15.34 MB, incl. 8 beta table(s), 1131394 run(s), 13.58 MB) | D2H 2.071 ms | timed kernel 9742246.000 ms
chain 0: kernel-best-val: 6336 kernel-final-val: 6336
chain 1: kernel-best-val: 6348 kernel-final-val: 6348
chain 2: kernel-best-val: 6346 kernel-final-val: 6338
chain 3: kernel-best-val: 6346 kernel-final-val: 6342
chain 4: kernel-best-val: 6344 kernel-final-val: 6342
chain 5: kernel-best-val: 6346 kernel-final-val: 6344
chain 6: kernel-best-val: 6340 kernel-final-val: 6340
chain 7: kernel-best-val: 6340 kernel-final-val: 6334
chain 8: kernel-best-val: 6328 kernel-final-val: 6328
chain 9: kernel-best-val: 6350 kernel-final-val: 6350
chain 10: kernel-best-val: 6330 kernel-final-val: 6326
chain 11: kernel-best-val: 6340 kernel-final-val: 6338
chain 12: kernel-best-val: 6338 kernel-final-val: 6338
chain 13: kernel-best-val: 6348 kernel-final-val: 6344
chain 14: kernel-best-val: 6348 kernel-final-val: 6346
chain 15: kernel-best-val: 6358 kernel-final-val: 6352
chain 16: kernel-best-val: 6334 kernel-final-val: 6334
chain 17: kernel-best-val: 6354 kernel-final-val: 6352
chain 18: kernel-best-val: 6344 kernel-final-val: 6342
chain 19: kernel-best-val: 6338 kernel-final-val: 6338
chain 20: kernel-best-val: 6348 kernel-final-val: 6342
chain 21: kernel-best-val: 6342 kernel-final-val: 6338
chain 22: kernel-best-val: 6344 kernel-final-val: 6344
chain 23: kernel-best-val: 6348 kernel-final-val: 6340
chain 24: kernel-best-val: 6336 kernel-final-val: 6336
chain 25: kernel-best-val: 6344 kernel-final-val: 6344
chain 26: kernel-best-val: 6342 kernel-final-val: 6340
chain 27: kernel-best-val: 6340 kernel-final-val: 6340
chain 28: kernel-best-val: 6338 kernel-final-val: 6334
chain 29: kernel-best-val: 6340 kernel-final-val: 6340
chain 30: kernel-best-val: 6344 kernel-final-val: 6342
chain 31: kernel-best-val: 6344 kernel-final-val: 6342
chain 32: kernel-best-val: 6336 kernel-final-val: 6336
chain 33: kernel-best-val: 6344 kernel-final-val: 6340
chain 34: kernel-best-val: 6346 kernel-final-val: 6344
chain 35: kernel-best-val: 6340 kernel-final-val: 6336
chain 36: kernel-best-val: 6332 kernel-final-val: 6332
chain 37: kernel-best-val: 6338 kernel-final-val: 6334
chain 38: kernel-best-val: 6342 kernel-final-val: 6338
chain 39: kernel-best-val: 6350 kernel-final-val: 6350
chain 40: kernel-best-val: 6328 kernel-final-val: 6328
chain 41: kernel-best-val: 6350 kernel-final-val: 6344
chain 42: kernel-best-val: 6344 kernel-final-val: 6344
chain 43: kernel-best-val: 6344 kernel-final-val: 6344
chain 44: kernel-best-val: 6346 kernel-final-val: 6346
chain 45: kernel-best-val: 6354 kernel-final-val: 6352
chain 46: kernel-best-val: 6350 kernel-final-val: 6348
chain 47: kernel-best-val: 6352 kernel-final-val: 6348
chain 48: kernel-best-val: 6330 kernel-final-val: 6330
chain 49: kernel-best-val: 6350 kernel-final-val: 6344
chain 50: kernel-best-val: 6344 kernel-final-val: 6344
chain 51: kernel-best-val: 6344 kernel-final-val: 6342
chain 52: kernel-best-val: 6344 kernel-final-val: 6338
chain 53: kernel-best-val: 6344 kernel-final-val: 6342
chain 54: kernel-best-val: 6338 kernel-final-val: 6336
chain 55: kernel-best-val: 6352 kernel-final-val: 6350
chain 56: kernel-best-val: 6330 kernel-final-val: 6330
chain 57: kernel-best-val: 6340 kernel-final-val: 6336
chain 58: kernel-best-val: 6350 kernel-final-val: 6348
chain 59: kernel-best-val: 6346 kernel-final-val: 6340
chain 60: kernel-best-val: 6352 kernel-final-val: 6350
chain 61: kernel-best-val: 6348 kernel-final-val: 6346
chain 62: kernel-best-val: 6346 kernel-final-val: 6346
chain 63: kernel-best-val: 6340 kernel-final-val: 6338
chain 64: kernel-best-val: 6340 kernel-final-val: 6340
chain 65: kernel-best-val: 6352 kernel-final-val: 6344
chain 66: kernel-best-val: 6344 kernel-final-val: 6342
chain 67: kernel-best-val: 6342 kernel-final-val: 6342
chain 68: kernel-best-val: 6342 kernel-final-val: 6342
chain 69: kernel-best-val: 6348 kernel-final-val: 6344
chain 70: kernel-best-val: 6342 kernel-final-val: 6342
chain 71: kernel-best-val: 6346 kernel-final-val: 6346
chain 72: kernel-best-val: 6340 kernel-final-val: 6340
chain 73: kernel-best-val: 6342 kernel-final-val: 6336
chain 74: kernel-best-val: 6342 kernel-final-val: 6334
chain 75: kernel-best-val: 6350 kernel-final-val: 6348
chain 76: kernel-best-val: 6352 kernel-final-val: 6350
chain 77: kernel-best-val: 6340 kernel-final-val: 6338
chain 78: kernel-best-val: 6338 kernel-final-val: 6338
chain 79: kernel-best-val: 6332 kernel-final-val: 6330
