Loaded: n=10000 m=20000 weight-scale=1 max-weighted-degree=4
Resolved seeds: 3072958204,974096990,779135357,4061936452,1783895626,4287073749,1883631308,1564322831,4249983267,3061048160,1382604163,3705400864,1403547931,1555685280,1695741944,1680957246,3833384200,3601837875,3983983968,2219038862,57790620,757758365,1402621058,1257849338,3971955843,819353318,335310339,181934214,3398946642,189461384,1626673038,1879829575,1409028689,1999755908,3315354881,1145311833,3203144005,3698541579,2286577229,1527643832,150068530,2129266173,447597742,379385114,1352502616,492439360,3367120167,536926865,3948843959,231215068,2049065400,3415402341,2669513235,771331070,322995509,3588990103,264183434,658365081,4076102857,4042615231,1637435325,1932284231,128436855,2457816138,3332058533,3673845214,3067246818,2819242665,676924683,4076646734,989875176,1639772429,873764538,3707382967,1925884745,1263943411,787008535,4109280231,2748124066,3501552686
Chains: 80 distinct-t0: 8 corr=walk s-width=32 B=4 total-sweeps-per-chain=800000000 score-path=int32-packed
tpb: 896
note: tpb 896 exceeds this kernel variant's launchable max of 512 threads (register-limited); clamped to 512.
excluded-from-time-sec: alloc+H2D 17.137 ms (15.54 MB, incl. 8 beta table(s), 1131394 run(s), 13.58 MB) | D2H 2.398 ms | timed kernel 9944078.000 ms
chain 0: kernel-best-val: 6922 kernel-final-val: 6920
chain 1: kernel-best-val: 6918 kernel-final-val: 6916
chain 2: kernel-best-val: 6924 kernel-final-val: 6922
chain 3: kernel-best-val: 6924 kernel-final-val: 6920
chain 4: kernel-best-val: 6924 kernel-final-val: 6924
chain 5: kernel-best-val: 6930 kernel-final-val: 6930
chain 6: kernel-best-val: 6924 kernel-final-val: 6924
chain 7: kernel-best-val: 6918 kernel-final-val: 6918
chain 8: kernel-best-val: 6914 kernel-final-val: 6914
chain 9: kernel-best-val: 6922 kernel-final-val: 6922
chain 10: kernel-best-val: 6918 kernel-final-val: 6918
chain 11: kernel-best-val: 6918 kernel-final-val: 6918
chain 12: kernel-best-val: 6924 kernel-final-val: 6924
chain 13: kernel-best-val: 6926 kernel-final-val: 6926
chain 14: kernel-best-val: 6932 kernel-final-val: 6930
chain 15: kernel-best-val: 6922 kernel-final-val: 6922
chain 16: kernel-best-val: 6918 kernel-final-val: 6918
chain 17: kernel-best-val: 6928 kernel-final-val: 6928
chain 18: kernel-best-val: 6924 kernel-final-val: 6924
chain 19: kernel-best-val: 6928 kernel-final-val: 6928
chain 20: kernel-best-val: 6924 kernel-final-val: 6924
chain 21: kernel-best-val: 6928 kernel-final-val: 6928
chain 22: kernel-best-val: 6924 kernel-final-val: 6924
chain 23: kernel-best-val: 6930 kernel-final-val: 6930
chain 24: kernel-best-val: 6908 kernel-final-val: 6904
chain 25: kernel-best-val: 6920 kernel-final-val: 6918
chain 26: kernel-best-val: 6926 kernel-final-val: 6926
chain 27: kernel-best-val: 6924 kernel-final-val: 6922
chain 28: kernel-best-val: 6920 kernel-final-val: 6920
chain 29: kernel-best-val: 6928 kernel-final-val: 6926
chain 30: kernel-best-val: 6924 kernel-final-val: 6924
chain 31: kernel-best-val: 6928 kernel-final-val: 6928
chain 32: kernel-best-val: 6918 kernel-final-val: 6918
chain 33: kernel-best-val: 6924 kernel-final-val: 6924
chain 34: kernel-best-val: 6932 kernel-final-val: 6930
chain 35: kernel-best-val: 6928 kernel-final-val: 6928
chain 36: kernel-best-val: 6922 kernel-final-val: 6922
chain 37: kernel-best-val: 6932 kernel-final-val: 6932
chain 38: kernel-best-val: 6926 kernel-final-val: 6926
chain 39: kernel-best-val: 6934 kernel-final-val: 6934
chain 40: kernel-best-val: 6924 kernel-final-val: 6924
chain 41: kernel-best-val: 6922 kernel-final-val: 6920
chain 42: kernel-best-val: 6930 kernel-final-val: 6930
chain 43: kernel-best-val: 6920 kernel-final-val: 6920
chain 44: kernel-best-val: 6920 kernel-final-val: 6920
chain 45: kernel-best-val: 6924 kernel-final-val: 6924
chain 46: kernel-best-val: 6928 kernel-final-val: 6928
chain 47: kernel-best-val: 6926 kernel-final-val: 6924
chain 48: kernel-best-val: 6924 kernel-final-val: 6924
chain 49: kernel-best-val: 6928 kernel-final-val: 6928
chain 50: kernel-best-val: 6930 kernel-final-val: 6928
chain 51: kernel-best-val: 6928 kernel-final-val: 6926
chain 52: kernel-best-val: 6938 kernel-final-val: 6938
chain 53: kernel-best-val: 6924 kernel-final-val: 6920
chain 54: kernel-best-val: 6926 kernel-final-val: 6926
chain 55: kernel-best-val: 6928 kernel-final-val: 6928
chain 56: kernel-best-val: 6906 kernel-final-val: 6904
chain 57: kernel-best-val: 6924 kernel-final-val: 6922
chain 58: kernel-best-val: 6920 kernel-final-val: 6918
chain 59: kernel-best-val: 6928 kernel-final-val: 6928
chain 60: kernel-best-val: 6918 kernel-final-val: 6916
chain 61: kernel-best-val: 6924 kernel-final-val: 6924
chain 62: kernel-best-val: 6928 kernel-final-val: 6928
chain 63: kernel-best-val: 6920 kernel-final-val: 6920
chain 64: kernel-best-val: 6922 kernel-final-val: 6922
chain 65: kernel-best-val: 6926 kernel-final-val: 6926
chain 66: kernel-best-val: 6934 kernel-final-val: 6924
chain 67: kernel-best-val: 6932 kernel-final-val: 6932
chain 68: kernel-best-val: 6928 kernel-final-val: 6928
chain 69: kernel-best-val: 6926 kernel-final-val: 6926
chain 70: kernel-best-val: 6920 kernel-final-val: 6920
chain 71: kernel-best-val: 6930 kernel-final-val: 6930
chain 72: kernel-best-val: 6918 kernel-final-val: 6918
chain 73: kernel-best-val: 6926 kernel-final-val: 6926
chain 74: kernel-best-val: 6922 kernel-final-val: 6922
chain 75: kernel-best-val: 6926 kernel-final-val: 6926
chain 76: kernel-best-val: 6924 kernel-final-val: 6924
chain 77: kernel-best-val: 6926 kernel-final-val: 6926
chain 78: kernel-best-val: 6928 kernel-final-val: 6924
chain 79: kernel-best-val: 6926 kernel-final-val: 6926
