Loaded: n=10000 m=9999 weight-scale=1 max-weighted-degree=9
Resolved seeds: 3354036648,214179731,824190571,3628652620,3236890045,217651408,1731942306,900870539,3519307959,3369435076,2919899237,1489738457,3657934375,2631597529,4003027078,276931945,4024432990,1373773055,4002098539,2722827897,3646125424,3774192552,2352207157,1123292755,1541268003,2169557909,913483295,1828762002,289361650,4140335969,628052184,3608467121,502174224,1075475524,166200595,3073839674,1520107811,480848087,1303781097,1644981132,1470351018,2985141279,2748904420,4152596624,1476741179,2915739291,1585927240,243230905,3616898304,3609068114,946155874,2148475783,1058020021,116508820,2290018186,145526447,2114533446,1278869055,313082057,950614455,3810729915,848014648,4213352628,2272386188,1222155274,4004971084,3658061691,3934543481,2826115245,1600222684,959445402,10593712,707341017,2722830738,3745049849,3497214008,4039902453,295624633,1223287584,4110891793
Chains: 80 distinct-t0: 8 corr=walk s-width=32 B=9 total-sweeps-per-chain=800000000 score-path=int32-packed
tpb: 896
note: tpb 896 exceeds this kernel variant's launchable max of 512 threads (register-limited); clamped to 512.
excluded-from-time-sec: alloc+H2D 18.843 ms (15.16 MB, incl. 8 beta table(s), 1131394 run(s), 13.58 MB) | D2H 2.137 ms | timed kernel 9700733.000 ms
chain 0: kernel-best-val: 9588 kernel-final-val: 9588
chain 1: kernel-best-val: 9588 kernel-final-val: 9587
chain 2: kernel-best-val: 9593 kernel-final-val: 9592
chain 3: kernel-best-val: 9587 kernel-final-val: 9586
chain 4: kernel-best-val: 9591 kernel-final-val: 9591
chain 5: kernel-best-val: 9590 kernel-final-val: 9590
chain 6: kernel-best-val: 9591 kernel-final-val: 9590
chain 7: kernel-best-val: 9593 kernel-final-val: 9593
chain 8: kernel-best-val: 9589 kernel-final-val: 9589
chain 9: kernel-best-val: 9590 kernel-final-val: 9589
chain 10: kernel-best-val: 9591 kernel-final-val: 9591
chain 11: kernel-best-val: 9590 kernel-final-val: 9589
chain 12: kernel-best-val: 9590 kernel-final-val: 9590
chain 13: kernel-best-val: 9592 kernel-final-val: 9592
chain 14: kernel-best-val: 9590 kernel-final-val: 9589
chain 15: kernel-best-val: 9587 kernel-final-val: 9587
chain 16: kernel-best-val: 9589 kernel-final-val: 9589
chain 17: kernel-best-val: 9591 kernel-final-val: 9591
chain 18: kernel-best-val: 9593 kernel-final-val: 9592
chain 19: kernel-best-val: 9588 kernel-final-val: 9588
chain 20: kernel-best-val: 9587 kernel-final-val: 9587
chain 21: kernel-best-val: 9593 kernel-final-val: 9592
chain 22: kernel-best-val: 9587 kernel-final-val: 9587
chain 23: kernel-best-val: 9587 kernel-final-val: 9585
chain 24: kernel-best-val: 9592 kernel-final-val: 9592
chain 25: kernel-best-val: 9585 kernel-final-val: 9584
chain 26: kernel-best-val: 9589 kernel-final-val: 9589
chain 27: kernel-best-val: 9593 kernel-final-val: 9591
chain 28: kernel-best-val: 9593 kernel-final-val: 9592
chain 29: kernel-best-val: 9593 kernel-final-val: 9593
chain 30: kernel-best-val: 9593 kernel-final-val: 9593
chain 31: kernel-best-val: 9592 kernel-final-val: 9592
chain 32: kernel-best-val: 9584 kernel-final-val: 9584
chain 33: kernel-best-val: 9588 kernel-final-val: 9587
chain 34: kernel-best-val: 9591 kernel-final-val: 9590
chain 35: kernel-best-val: 9590 kernel-final-val: 9589
chain 36: kernel-best-val: 9593 kernel-final-val: 9592
chain 37: kernel-best-val: 9592 kernel-final-val: 9591
chain 38: kernel-best-val: 9592 kernel-final-val: 9592
chain 39: kernel-best-val: 9582 kernel-final-val: 9582
chain 40: kernel-best-val: 9585 kernel-final-val: 9585
chain 41: kernel-best-val: 9593 kernel-final-val: 9593
chain 42: kernel-best-val: 9582 kernel-final-val: 9582
chain 43: kernel-best-val: 9586 kernel-final-val: 9585
chain 44: kernel-best-val: 9592 kernel-final-val: 9591
chain 45: kernel-best-val: 9587 kernel-final-val: 9586
chain 46: kernel-best-val: 9591 kernel-final-val: 9591
chain 47: kernel-best-val: 9585 kernel-final-val: 9585
chain 48: kernel-best-val: 9583 kernel-final-val: 9582
chain 49: kernel-best-val: 9588 kernel-final-val: 9587
chain 50: kernel-best-val: 9589 kernel-final-val: 9588
chain 51: kernel-best-val: 9586 kernel-final-val: 9586
chain 52: kernel-best-val: 9592 kernel-final-val: 9592
chain 53: kernel-best-val: 9585 kernel-final-val: 9585
chain 54: kernel-best-val: 9584 kernel-final-val: 9584
chain 55: kernel-best-val: 9592 kernel-final-val: 9592
chain 56: kernel-best-val: 9586 kernel-final-val: 9586
chain 57: kernel-best-val: 9593 kernel-final-val: 9593
chain 58: kernel-best-val: 9592 kernel-final-val: 9592
chain 59: kernel-best-val: 9592 kernel-final-val: 9592
chain 60: kernel-best-val: 9588 kernel-final-val: 9587
chain 61: kernel-best-val: 9591 kernel-final-val: 9591
chain 62: kernel-best-val: 9588 kernel-final-val: 9588
chain 63: kernel-best-val: 9593 kernel-final-val: 9592
chain 64: kernel-best-val: 9588 kernel-final-val: 9588
chain 65: kernel-best-val: 9585 kernel-final-val: 9585
chain 66: kernel-best-val: 9589 kernel-final-val: 9589
chain 67: kernel-best-val: 9592 kernel-final-val: 9592
chain 68: kernel-best-val: 9593 kernel-final-val: 9593
chain 69: kernel-best-val: 9583 kernel-final-val: 9583
chain 70: kernel-best-val: 9586 kernel-final-val: 9586
chain 71: kernel-best-val: 9589 kernel-final-val: 9589
chain 72: kernel-best-val: 9593 kernel-final-val: 9593
chain 73: kernel-best-val: 9589 kernel-final-val: 9587
chain 74: kernel-best-val: 9582 kernel-final-val: 9581
chain 75: kernel-best-val: 9593 kernel-final-val: 9593
chain 76: kernel-best-val: 9586 kernel-final-val: 9586
chain 77: kernel-best-val: 9593 kernel-final-val: 9593
chain 78: kernel-best-val: 9586 kernel-final-val: 9585
chain 79: kernel-best-val: 9593 kernel-final-val: 9593
