Loaded: n=10000 m=20000 weight-scale=1 max-weighted-degree=4
Resolved seeds: 4012573229,3655677116,124959931,913446688,1690862938,3282401516,2397791425,455091602,1031445901,51716677,2805610649,1342857511,1483876131,3664711071,62526553,1709589894,1020850043,1092007722,3778479500,1537964700,4104110904,2312967377,581063583,2564544244,1712681962,1542002132,451942243,3189615326,362420372,2670550504,2248752333,514350830,829697546,2883467181,2466005820,737725629,1579867961,3149246513,379005471,3673552944,1078021929,3724034076,2413281906,2467421882,1863449079,1979264715,1878304930,3388218425,1791021571,3283899285,450664654,4247205380,698700058,3589374285,805512018,3096812464,3901482446,367772040,16286915,2955266053,3261834420,3416493273,3461024872,357127252,4101899116,2146718529,3610584243,3543866131,3345079468,3790018101,243309122,2352884472,1556108785,3898840722,2602155525,2492979929,2104865464,3638585699,1995935955,2218531972
Chains: 80 distinct-t0: 8 corr=walk s-width=32 B=4 total-sweeps-per-chain=800000000 score-path=int32-packed
tpb: 896
note: tpb 896 exceeds this kernel variant's launchable max of 512 threads (register-limited); clamped to 512.
excluded-from-time-sec: alloc+H2D 17.089 ms (15.54 MB, incl. 8 beta table(s), 1131394 run(s), 13.58 MB) | D2H 2.389 ms | timed kernel 9991002.000 ms
chain 0: kernel-best-val: 6964 kernel-final-val: 6964
chain 1: kernel-best-val: 6986 kernel-final-val: 6986
chain 2: kernel-best-val: 6978 kernel-final-val: 6976
chain 3: kernel-best-val: 6986 kernel-final-val: 6984
chain 4: kernel-best-val: 6986 kernel-final-val: 6984
chain 5: kernel-best-val: 6986 kernel-final-val: 6982
chain 6: kernel-best-val: 6986 kernel-final-val: 6986
chain 7: kernel-best-val: 6978 kernel-final-val: 6974
chain 8: kernel-best-val: 6978 kernel-final-val: 6978
chain 9: kernel-best-val: 6982 kernel-final-val: 6982
chain 10: kernel-best-val: 6984 kernel-final-val: 6984
chain 11: kernel-best-val: 6982 kernel-final-val: 6982
chain 12: kernel-best-val: 6982 kernel-final-val: 6982
chain 13: kernel-best-val: 6978 kernel-final-val: 6978
chain 14: kernel-best-val: 6988 kernel-final-val: 6988
chain 15: kernel-best-val: 6980 kernel-final-val: 6980
chain 16: kernel-best-val: 6986 kernel-final-val: 6986
chain 17: kernel-best-val: 6982 kernel-final-val: 6980
chain 18: kernel-best-val: 6984 kernel-final-val: 6984
chain 19: kernel-best-val: 6984 kernel-final-val: 6984
chain 20: kernel-best-val: 6980 kernel-final-val: 6980
chain 21: kernel-best-val: 6980 kernel-final-val: 6980
chain 22: kernel-best-val: 6984 kernel-final-val: 6982
chain 23: kernel-best-val: 6992 kernel-final-val: 6992
chain 24: kernel-best-val: 6966 kernel-final-val: 6962
chain 25: kernel-best-val: 6986 kernel-final-val: 6984
chain 26: kernel-best-val: 6986 kernel-final-val: 6986
chain 27: kernel-best-val: 6984 kernel-final-val: 6984
chain 28: kernel-best-val: 6992 kernel-final-val: 6992
chain 29: kernel-best-val: 6986 kernel-final-val: 6984
chain 30: kernel-best-val: 6988 kernel-final-val: 6988
chain 31: kernel-best-val: 6982 kernel-final-val: 6982
chain 32: kernel-best-val: 6978 kernel-final-val: 6978
chain 33: kernel-best-val: 6986 kernel-final-val: 6982
chain 34: kernel-best-val: 6980 kernel-final-val: 6978
chain 35: kernel-best-val: 6986 kernel-final-val: 6984
chain 36: kernel-best-val: 6990 kernel-final-val: 6990
chain 37: kernel-best-val: 6976 kernel-final-val: 6976
chain 38: kernel-best-val: 6984 kernel-final-val: 6982
chain 39: kernel-best-val: 6992 kernel-final-val: 6992
chain 40: kernel-best-val: 6982 kernel-final-val: 6982
chain 41: kernel-best-val: 6980 kernel-final-val: 6980
chain 42: kernel-best-val: 6984 kernel-final-val: 6984
chain 43: kernel-best-val: 6990 kernel-final-val: 6990
chain 44: kernel-best-val: 6986 kernel-final-val: 6984
chain 45: kernel-best-val: 6980 kernel-final-val: 6980
chain 46: kernel-best-val: 6988 kernel-final-val: 6988
chain 47: kernel-best-val: 6984 kernel-final-val: 6984
chain 48: kernel-best-val: 6984 kernel-final-val: 6984
chain 49: kernel-best-val: 6982 kernel-final-val: 6980
chain 50: kernel-best-val: 6978 kernel-final-val: 6976
chain 51: kernel-best-val: 6972 kernel-final-val: 6972
chain 52: kernel-best-val: 6980 kernel-final-val: 6978
chain 53: kernel-best-val: 6992 kernel-final-val: 6992
chain 54: kernel-best-val: 6972 kernel-final-val: 6972
chain 55: kernel-best-val: 6986 kernel-final-val: 6986
chain 56: kernel-best-val: 6976 kernel-final-val: 6976
chain 57: kernel-best-val: 6982 kernel-final-val: 6982
chain 58: kernel-best-val: 6988 kernel-final-val: 6982
chain 59: kernel-best-val: 6980 kernel-final-val: 6980
chain 60: kernel-best-val: 6984 kernel-final-val: 6984
chain 61: kernel-best-val: 6984 kernel-final-val: 6984
chain 62: kernel-best-val: 6976 kernel-final-val: 6972
chain 63: kernel-best-val: 6984 kernel-final-val: 6982
chain 64: kernel-best-val: 6976 kernel-final-val: 6976
chain 65: kernel-best-val: 6988 kernel-final-val: 6986
chain 66: kernel-best-val: 6986 kernel-final-val: 6986
chain 67: kernel-best-val: 6976 kernel-final-val: 6972
chain 68: kernel-best-val: 6978 kernel-final-val: 6978
chain 69: kernel-best-val: 6980 kernel-final-val: 6980
chain 70: kernel-best-val: 6986 kernel-final-val: 6986
chain 71: kernel-best-val: 6972 kernel-final-val: 6970
chain 72: kernel-best-val: 6972 kernel-final-val: 6972
chain 73: kernel-best-val: 6988 kernel-final-val: 6988
chain 74: kernel-best-val: 6988 kernel-final-val: 6986
chain 75: kernel-best-val: 6974 kernel-final-val: 6974
chain 76: kernel-best-val: 6986 kernel-final-val: 6984
chain 77: kernel-best-val: 6976 kernel-final-val: 6976
chain 78: kernel-best-val: 6990 kernel-final-val: 6988
chain 79: kernel-best-val: 6982 kernel-final-val: 6982
