Loaded: n=14000 m=28000 weight-scale=1 max-weighted-degree=4
Resolved seeds: 1884264733,1817209514,3503082631,3725464451,202356978,739853628,4154672042,15719523,3527334555,3186611504,2731434469,1966176447,622250009,3170889382,3621551155,1624103289,145137827,427376597,429059190,1232486065,313315422,1134492981,1131631333,3617011767,2142849989,250263589,2099502014,2563555213,2758731004,285683201,1521569649,2775058935,3613346553,560680678,3952123426,4254836218,2462627209,4223884426,2007373714,3401380145,119648943,3960915092,1867583779,1733007122,985194169,86691727,1639956336,364602583,97423940,2995308054,3689045396,321703227,754290054,4024314117,3279860223,110608549,3968658834,710554366,1800987442,4082323644,2865729613,2713462114,2117573065,2725561828,986700797,2597523172,1527416284,4202947743,2962683743,818326339,3904318953,3022786945,4100918360,2614611017,293913834,986760746,1071218068,1942900273,3156089587,4018935863
Chains: 80 distinct-t0: 8 corr=walk s-width=32 B=4 total-sweeps-per-chain=800000000 score-path=int32-packed
tpb: 896
note: tpb 896 exceeds this kernel variant's launchable max of 512 threads (register-limited); clamped to 512.
excluded-from-time-sec: alloc+H2D 22.529 ms (16.32 MB, incl. 8 beta table(s), 1131394 run(s), 13.58 MB) | D2H 3.325 ms | timed kernel 10957987.000 ms
chain 0: kernel-best-val: 9906 kernel-final-val: 9894
chain 1: kernel-best-val: 9902 kernel-final-val: 9894
chain 2: kernel-best-val: 9900 kernel-final-val: 9900
chain 3: kernel-best-val: 9914 kernel-final-val: 9914
chain 4: kernel-best-val: 9904 kernel-final-val: 9904
chain 5: kernel-best-val: 9908 kernel-final-val: 9904
chain 6: kernel-best-val: 9912 kernel-final-val: 9908
chain 7: kernel-best-val: 9904 kernel-final-val: 9904
chain 8: kernel-best-val: 9902 kernel-final-val: 9900
chain 9: kernel-best-val: 9898 kernel-final-val: 9896
chain 10: kernel-best-val: 9904 kernel-final-val: 9900
chain 11: kernel-best-val: 9898 kernel-final-val: 9898
chain 12: kernel-best-val: 9906 kernel-final-val: 9906
chain 13: kernel-best-val: 9912 kernel-final-val: 9912
chain 14: kernel-best-val: 9908 kernel-final-val: 9908
chain 15: kernel-best-val: 9908 kernel-final-val: 9900
chain 16: kernel-best-val: 9908 kernel-final-val: 9906
chain 17: kernel-best-val: 9900 kernel-final-val: 9894
chain 18: kernel-best-val: 9896 kernel-final-val: 9894
chain 19: kernel-best-val: 9906 kernel-final-val: 9894
chain 20: kernel-best-val: 9906 kernel-final-val: 9898
chain 21: kernel-best-val: 9910 kernel-final-val: 9910
chain 22: kernel-best-val: 9894 kernel-final-val: 9894
chain 23: kernel-best-val: 9900 kernel-final-val: 9896
chain 24: kernel-best-val: 9904 kernel-final-val: 9880
chain 25: kernel-best-val: 9912 kernel-final-val: 9910
chain 26: kernel-best-val: 9906 kernel-final-val: 9906
chain 27: kernel-best-val: 9906 kernel-final-val: 9906
chain 28: kernel-best-val: 9902 kernel-final-val: 9898
chain 29: kernel-best-val: 9906 kernel-final-val: 9906
chain 30: kernel-best-val: 9892 kernel-final-val: 9886
chain 31: kernel-best-val: 9912 kernel-final-val: 9904
chain 32: kernel-best-val: 9904 kernel-final-val: 9904
chain 33: kernel-best-val: 9906 kernel-final-val: 9906
chain 34: kernel-best-val: 9904 kernel-final-val: 9904
chain 35: kernel-best-val: 9910 kernel-final-val: 9910
chain 36: kernel-best-val: 9902 kernel-final-val: 9900
chain 37: kernel-best-val: 9904 kernel-final-val: 9904
chain 38: kernel-best-val: 9908 kernel-final-val: 9908
chain 39: kernel-best-val: 9902 kernel-final-val: 9902
chain 40: kernel-best-val: 9912 kernel-final-val: 9906
chain 41: kernel-best-val: 9902 kernel-final-val: 9890
chain 42: kernel-best-val: 9906 kernel-final-val: 9906
chain 43: kernel-best-val: 9904 kernel-final-val: 9904
chain 44: kernel-best-val: 9908 kernel-final-val: 9908
chain 45: kernel-best-val: 9906 kernel-final-val: 9904
chain 46: kernel-best-val: 9908 kernel-final-val: 9904
chain 47: kernel-best-val: 9902 kernel-final-val: 9900
chain 48: kernel-best-val: 9910 kernel-final-val: 9904
chain 49: kernel-best-val: 9898 kernel-final-val: 9898
chain 50: kernel-best-val: 9902 kernel-final-val: 9902
chain 51: kernel-best-val: 9898 kernel-final-val: 9896
chain 52: kernel-best-val: 9904 kernel-final-val: 9898
chain 53: kernel-best-val: 9896 kernel-final-val: 9894
chain 54: kernel-best-val: 9910 kernel-final-val: 9910
chain 55: kernel-best-val: 9902 kernel-final-val: 9900
chain 56: kernel-best-val: 9906 kernel-final-val: 9900
chain 57: kernel-best-val: 9908 kernel-final-val: 9900
chain 58: kernel-best-val: 9904 kernel-final-val: 9902
chain 59: kernel-best-val: 9902 kernel-final-val: 9900
chain 60: kernel-best-val: 9908 kernel-final-val: 9908
chain 61: kernel-best-val: 9904 kernel-final-val: 9902
chain 62: kernel-best-val: 9902 kernel-final-val: 9902
chain 63: kernel-best-val: 9902 kernel-final-val: 9900
chain 64: kernel-best-val: 9906 kernel-final-val: 9900
chain 65: kernel-best-val: 9908 kernel-final-val: 9900
chain 66: kernel-best-val: 9904 kernel-final-val: 9896
chain 67: kernel-best-val: 9900 kernel-final-val: 9900
chain 68: kernel-best-val: 9908 kernel-final-val: 9906
chain 69: kernel-best-val: 9898 kernel-final-val: 9898
chain 70: kernel-best-val: 9904 kernel-final-val: 9902
chain 71: kernel-best-val: 9904 kernel-final-val: 9904
chain 72: kernel-best-val: 9910 kernel-final-val: 9896
chain 73: kernel-best-val: 9902 kernel-final-val: 9898
chain 74: kernel-best-val: 9900 kernel-final-val: 9894
chain 75: kernel-best-val: 9902 kernel-final-val: 9902
chain 76: kernel-best-val: 9910 kernel-final-val: 9910
chain 77: kernel-best-val: 9904 kernel-final-val: 9902
chain 78: kernel-best-val: 9908 kernel-final-val: 9904
chain 79: kernel-best-val: 9904 kernel-final-val: 9904
