Loaded: n=20000 m=40000 weight-scale=1 max-weighted-degree=4
Resolved seeds: 2358995840,480533388,3428032003,83377672,4007021316,2709297229,1390199769,1228703789,2882296343,1607836066,1039363215,1192741798,3847893659,1553016354,2034418625,1398664593,1459757433,3813150984,4216840246,760626727,2621102279,2324929168,768897369,3839870433,2690691012,3431562627,1999036973,3354676551,2328680527,1392471862,834826582,4233301780,3771222097,3514673921,3529477314,4009674328,3189737052,2531124835,2845989540,1215577327,1061616100,1360129985,4120951291,4148047129,3235778927,317390231,879131105,4254233035,2416951953,3441461120,1591798921,449181308,2720424359,2144118839,3184252822,4220956525,3249634979,3243842296,1364494328,2333027891,1944501553,2954413833,1533111016,3402518773,3993608057,3325160888,462514385,1878441239,1045754174,535413677,3481355163,3046023132,2439949927,637770978,2734629122,313890881,3873427645,1104868484,625382243,3726502443
Chains: 80 distinct-t0: 8 corr=walk s-width=32 B=4 total-sweeps-per-chain=800000000 score-path=int32-packed
tpb: 896
note: tpb 896 exceeds this kernel variant's launchable max of 512 threads (register-limited); clamped to 512.
excluded-from-time-sec: alloc+H2D 30.551 ms (17.50 MB, incl. 8 beta table(s), 1131394 run(s), 13.58 MB) | D2H 4.675 ms | timed kernel 13126116.000 ms
chain 0: kernel-best-val: 14018 kernel-final-val: 14018
chain 1: kernel-best-val: 14002 kernel-final-val: 13998
chain 2: kernel-best-val: 14012 kernel-final-val: 14010
chain 3: kernel-best-val: 14012 kernel-final-val: 14012
chain 4: kernel-best-val: 14004 kernel-final-val: 14002
chain 5: kernel-best-val: 14026 kernel-final-val: 14024
chain 6: kernel-best-val: 14028 kernel-final-val: 14024
chain 7: kernel-best-val: 14008 kernel-final-val: 14008
chain 8: kernel-best-val: 14024 kernel-final-val: 14020
chain 9: kernel-best-val: 14018 kernel-final-val: 14016
chain 10: kernel-best-val: 14022 kernel-final-val: 14022
chain 11: kernel-best-val: 14016 kernel-final-val: 14012
chain 12: kernel-best-val: 14006 kernel-final-val: 14004
chain 13: kernel-best-val: 14008 kernel-final-val: 14006
chain 14: kernel-best-val: 14016 kernel-final-val: 14012
chain 15: kernel-best-val: 14014 kernel-final-val: 14014
chain 16: kernel-best-val: 14018 kernel-final-val: 14018
chain 17: kernel-best-val: 14008 kernel-final-val: 14006
chain 18: kernel-best-val: 14008 kernel-final-val: 14006
chain 19: kernel-best-val: 14006 kernel-final-val: 14004
chain 20: kernel-best-val: 14008 kernel-final-val: 14006
chain 21: kernel-best-val: 14018 kernel-final-val: 14018
chain 22: kernel-best-val: 14014 kernel-final-val: 14012
chain 23: kernel-best-val: 14012 kernel-final-val: 14010
chain 24: kernel-best-val: 14014 kernel-final-val: 14014
chain 25: kernel-best-val: 14018 kernel-final-val: 14016
chain 26: kernel-best-val: 14018 kernel-final-val: 14018
chain 27: kernel-best-val: 14018 kernel-final-val: 14012
chain 28: kernel-best-val: 14016 kernel-final-val: 14016
chain 29: kernel-best-val: 14004 kernel-final-val: 14004
chain 30: kernel-best-val: 14016 kernel-final-val: 14012
chain 31: kernel-best-val: 14008 kernel-final-val: 14008
chain 32: kernel-best-val: 14016 kernel-final-val: 14010
chain 33: kernel-best-val: 14002 kernel-final-val: 13998
chain 34: kernel-best-val: 14012 kernel-final-val: 14006
chain 35: kernel-best-val: 14018 kernel-final-val: 14018
chain 36: kernel-best-val: 14012 kernel-final-val: 14012
chain 37: kernel-best-val: 14014 kernel-final-val: 14012
chain 38: kernel-best-val: 14014 kernel-final-val: 14014
chain 39: kernel-best-val: 14020 kernel-final-val: 14016
chain 40: kernel-best-val: 14012 kernel-final-val: 14012
chain 41: kernel-best-val: 14014 kernel-final-val: 14010
chain 42: kernel-best-val: 14002 kernel-final-val: 13998
chain 43: kernel-best-val: 14012 kernel-final-val: 14010
chain 44: kernel-best-val: 14026 kernel-final-val: 14026
chain 45: kernel-best-val: 14014 kernel-final-val: 14012
chain 46: kernel-best-val: 14006 kernel-final-val: 14006
chain 47: kernel-best-val: 14016 kernel-final-val: 14014
chain 48: kernel-best-val: 14012 kernel-final-val: 14008
chain 49: kernel-best-val: 13998 kernel-final-val: 13998
chain 50: kernel-best-val: 14010 kernel-final-val: 14010
chain 51: kernel-best-val: 14014 kernel-final-val: 14012
chain 52: kernel-best-val: 14014 kernel-final-val: 14010
chain 53: kernel-best-val: 14024 kernel-final-val: 14022
chain 54: kernel-best-val: 14014 kernel-final-val: 14014
chain 55: kernel-best-val: 14002 kernel-final-val: 14002
chain 56: kernel-best-val: 14000 kernel-final-val: 13998
chain 57: kernel-best-val: 14018 kernel-final-val: 14016
chain 58: kernel-best-val: 13994 kernel-final-val: 13994
chain 59: kernel-best-val: 14004 kernel-final-val: 14004
chain 60: kernel-best-val: 14010 kernel-final-val: 14008
chain 61: kernel-best-val: 14020 kernel-final-val: 14020
chain 62: kernel-best-val: 14006 kernel-final-val: 14004
chain 63: kernel-best-val: 14018 kernel-final-val: 14018
chain 64: kernel-best-val: 14018 kernel-final-val: 14018
chain 65: kernel-best-val: 14006 kernel-final-val: 14006
chain 66: kernel-best-val: 14016 kernel-final-val: 14012
chain 67: kernel-best-val: 14010 kernel-final-val: 14010
chain 68: kernel-best-val: 14014 kernel-final-val: 14012
chain 69: kernel-best-val: 14002 kernel-final-val: 13998
chain 70: kernel-best-val: 14020 kernel-final-val: 14016
chain 71: kernel-best-val: 14024 kernel-final-val: 14024
chain 72: kernel-best-val: 14026 kernel-final-val: 14026
chain 73: kernel-best-val: 14022 kernel-final-val: 14018
chain 74: kernel-best-val: 14018 kernel-final-val: 14018
chain 75: kernel-best-val: 14014 kernel-final-val: 14014
chain 76: kernel-best-val: 14010 kernel-final-val: 14010
chain 77: kernel-best-val: 14014 kernel-final-val: 14012
chain 78: kernel-best-val: 14014 kernel-final-val: 14012
chain 79: kernel-best-val: 14006 kernel-final-val: 14006
